<html>
<body>
<pre>
<h1>µVision Build Log</h1>
<h2>Tool Versions:</h2>
IDE-Version: ¦ÌVision V5.36.0.0
Copyright (C) 2021 ARM Ltd and ARM Germany GmbH. All rights reserved.
License Information: 122 4447837, HP Inc., LIC=JL28G-VRIXS-454T5-GD2EK-I2FWP-ZVLZH
 
Tool Versions:
Toolchain:       MDK-ARM Plus  Version: 5.36.0.0
Toolchain Path:  C:\Keil_v5\ARM\ARMCC\Bin
C Compiler:      Armcc.exe V5.06 update 7 (build 960)
Assembler:       Armasm.exe V5.06 update 7 (build 960)
Linker/Locator:  ArmLink.exe V5.06 update 7 (build 960)
Library Manager: ArmAr.exe V5.06 update 7 (build 960)
Hex Converter:   FromElf.exe V5.06 update 7 (build 960)
CPU DLL:         SARMCM3.DLL V5.36.0.0
Dialog DLL:      DCM.DLL V1.17.3.0
Target DLL:      Segger\JL2CM3.dll V2.99.16.0
Dialog DLL:      TCM.DLL V1.53.0.0
 
<h2>Project:</h2>
g:\GD32\GD32F10x_Firmware_Library_V2.2.4\Template\Keil4_project\Project.uvproj
Project File Date:  01/03/2023

<h2>Output:</h2>
*** Using Compiler 'V5.06 update 7 (build 960)', folder: 'C:\Keil_v5\ARM\ARMCC\Bin'
Build target 'GD32F10X_CL'
compiling gd32f10x_fmc.c...
compiling gd32f10x_crc.c...
compiling gd32f10x_exmc.c...
compiling gd32f10x_bkp.c...
compiling gd32f10x_it.c...
compiling gd32f10x_i2c.c...
compiling gd32f10x_pmu.c...
compiling gd32f10x_fwdgt.c...
compiling main.c...
compiling systick.c...
compiling gd32f10x_dac.c...
compiling system_gd32f10x.c...
compiling gd32f10x_rtc.c...
compiling gd32f10x_spi.c...
compiling gd32f10x_wwdgt.c...
compiling gd32f10x_usart.c...
compiling gd32f10x_rcu.c...
compiling gd32f10x_dbg.c...
compiling gd32f10x_gpio.c...
compiling gd32f10x_exti.c...
compiling gd32f10x_adc.c...
compiling gd32f10x_misc.c...
compiling gd32f10x_can.c...
compiling gd32f10x_enet.c...
assembling startup_gd32f10x_cl.s...
compiling gd32f10x_dma.c...
compiling gd32f10x_eval.c...
compiling gd32f10x_timer.c...
compiling gd32f10x_sdio.c...
linking...
Program Size: Code=1204 RO-data=368 RW-data=140 ZI-data=1028  
FromELF: creating hex file...
".\output\Project.axf" - 0 Error(s), 0 Warning(s).
Build Time Elapsed:  00:00:03
</pre>
</body>
</html>
