Component: ARM Compiler 6.16 Tool: armlink [5dfeaa00]

==============================================================================

Section Cross References

    gd32f10x_it.o(.ARM.exidx.text.NMI_Handler) refers to gd32f10x_it.o(.text.NMI_Handler) for [Anonymous Symbol]
    gd32f10x_it.o(.ARM.exidx.text.HardFault_Handler) refers to gd32f10x_it.o(.text.HardFault_Handler) for [Anonymous Symbol]
    gd32f10x_it.o(.ARM.exidx.text.MemManage_Handler) refers to gd32f10x_it.o(.text.MemManage_Handler) for [Anonymous Symbol]
    gd32f10x_it.o(.ARM.exidx.text.BusFault_Handler) refers to gd32f10x_it.o(.text.BusFault_Handler) for [Anonymous Symbol]
    gd32f10x_it.o(.ARM.exidx.text.UsageFault_Handler) refers to gd32f10x_it.o(.text.UsageFault_Handler) for [Anonymous Symbol]
    gd32f10x_it.o(.ARM.exidx.text.SVC_Handler) refers to gd32f10x_it.o(.text.SVC_Handler) for [Anonymous Symbol]
    gd32f10x_it.o(.ARM.exidx.text.DebugMon_Handler) refers to gd32f10x_it.o(.text.DebugMon_Handler) for [Anonymous Symbol]
    gd32f10x_it.o(.ARM.exidx.text.PendSV_Handler) refers to gd32f10x_it.o(.text.PendSV_Handler) for [Anonymous Symbol]
    main.o(.text.SysTick_Handler) refers to systick.o(.text.delay_decrement) for delay_decrement
    main.o(.ARM.exidx.text.SysTick_Handler) refers to main.o(.text.SysTick_Handler) for [Anonymous Symbol]
    main.o(.text.main) refers to main.o(.text.Hardware_Init) for Hardware_Init
    main.o(.text.main) refers to mykey.o(.data.MyKey) for MyKey
    main.o(.ARM.exidx.text.main) refers to main.o(.text.main) for [Anonymous Symbol]
    main.o(.text.Hardware_Init) refers to systick.o(.text.systick_config) for systick_config
    main.o(.text.Hardware_Init) refers to myled.o(.data.MyLed) for MyLed
    main.o(.text.Hardware_Init) refers to mykey.o(.data.MyKey) for MyKey
    main.o(.text.Hardware_Init) refers to myuart1.o(.data.MyUart0) for MyUart0
    main.o(.text.Hardware_Init) refers to mytimer.o(.data.MyTimer) for MyTimer
    main.o(.text.Hardware_Init) refers to myadc.o(.data.MyADC) for MyADC
    main.o(.text.Hardware_Init) refers to myrtc.o(.data.MyRTC) for MyRTC
    main.o(.text.Hardware_Init) refers to mydog.o(.data.MyDog) for MyDog
    main.o(.text.Hardware_Init) refers to main.o(.text.svSYS_Id_Check) for svSYS_Id_Check
    main.o(.text.Hardware_Init) refers to main.o(.text.svFLASH_Test) for svFLASH_Test
    main.o(.text.Hardware_Init) refers to puts.o(i.puts) for puts
    main.o(.ARM.exidx.text.Hardware_Init) refers to main.o(.text.Hardware_Init) for [Anonymous Symbol]
    main.o(.text.svSYS_Id_Check) refers to main.o(.bss.Sys_Id) for Sys_Id
    main.o(.text.svSYS_Id_Check) refers to puts.o(i.puts) for puts
    main.o(.ARM.exidx.text.svSYS_Id_Check) refers to main.o(.text.svSYS_Id_Check) for [Anonymous Symbol]
    main.o(.text.svFLASH_Test) refers to gd32f10x_fmc.o(.text.fmc_unlock) for fmc_unlock
    main.o(.text.svFLASH_Test) refers to gd32f10x_fmc.o(.text.fmc_flag_clear) for fmc_flag_clear
    main.o(.text.svFLASH_Test) refers to gd32f10x_fmc.o(.text.fmc_page_erase) for fmc_page_erase
    main.o(.text.svFLASH_Test) refers to gd32f10x_fmc.o(.text.fmc_word_program) for fmc_word_program
    main.o(.text.svFLASH_Test) refers to gd32f10x_fmc.o(.text.fmc_lock) for fmc_lock
    main.o(.text.svFLASH_Test) refers to printf8.o(i.__0printf$8) for __2printf
    main.o(.text.svFLASH_Test) refers to puts.o(i.puts) for puts
    main.o(.ARM.exidx.text.svFLASH_Test) refers to main.o(.text.svFLASH_Test) for [Anonymous Symbol]
    systick.o(.text.systick_config) refers to system_gd32f10x.o(.data.SystemCoreClock) for SystemCoreClock
    systick.o(.text.systick_config) refers to systick.o(.text.SysTick_Config) for SysTick_Config
    systick.o(.text.systick_config) refers to systick.o(.text.NVIC_SetPriority) for NVIC_SetPriority
    systick.o(.ARM.exidx.text.systick_config) refers to systick.o(.text.systick_config) for [Anonymous Symbol]
    systick.o(.text.SysTick_Config) refers to systick.o(.text.NVIC_SetPriority) for NVIC_SetPriority
    systick.o(.ARM.exidx.text.SysTick_Config) refers to systick.o(.text.SysTick_Config) for [Anonymous Symbol]
    systick.o(.ARM.exidx.text.NVIC_SetPriority) refers to systick.o(.text.NVIC_SetPriority) for [Anonymous Symbol]
    systick.o(.text.delay_1ms) refers to systick.o(.bss.delay) for delay
    systick.o(.ARM.exidx.text.delay_1ms) refers to systick.o(.text.delay_1ms) for [Anonymous Symbol]
    systick.o(.text.delay_decrement) refers to systick.o(.bss.delay) for delay
    systick.o(.ARM.exidx.text.delay_decrement) refers to systick.o(.text.delay_decrement) for [Anonymous Symbol]
    myled.o(.text.vLED_Init) refers to gd32f10x_rcu.o(.text.rcu_periph_clock_enable) for rcu_periph_clock_enable
    myled.o(.text.vLED_Init) refers to gd32f10x_gpio.o(.text.gpio_init) for gpio_init
    myled.o(.text.vLED_Init) refers to myled.o(.data.MyLed) for MyLed
[...]
    [Anonymous Symbol]                       0x0800064c   Section        0  mytimer.o(.text.TIMER5_IRQHandler)
    [Anonymous Symbol]                       0x080006dc   Section        0  myuart1.o(.text.USART0_IRQHandler)
    [Anonymous Symbol]                       0x08000734   Section        0  gd32f10x_it.o(.text.UsageFault_Handler)
    [Anonymous Symbol]                       0x08000738   Section        0  mydog.o(.text.WWDGT_IRQHandler)
    [Anonymous Symbol]                       0x08000748   Section        0  gd32f10x_adc.o(.text.adc_calibration_enable)
    [Anonymous Symbol]                       0x08000768   Section        0  gd32f10x_adc.o(.text.adc_channel_length_config)
    [Anonymous Symbol]                       0x080007a4   Section        0  gd32f10x_adc.o(.text.adc_data_alignment_config)
    [Anonymous Symbol]                       0x080007b8   Section        0  gd32f10x_adc.o(.text.adc_dma_mode_enable)
    [Anonymous Symbol]                       0x080007c4   Section        0  gd32f10x_adc.o(.text.adc_enable)
    [Anonymous Symbol]                       0x080007d8   Section        0  gd32f10x_adc.o(.text.adc_external_trigger_config)
    [Anonymous Symbol]                       0x08000818   Section        0  gd32f10x_adc.o(.text.adc_external_trigger_source_config)
    [Anonymous Symbol]                       0x0800083c   Section        0  gd32f10x_adc.o(.text.adc_flag_clear)
    [Anonymous Symbol]                       0x08000848   Section        0  gd32f10x_adc.o(.text.adc_flag_get)
    [Anonymous Symbol]                       0x08000854   Section        0  gd32f10x_adc.o(.text.adc_mode_config)
    [Anonymous Symbol]                       0x0800086c   Section        0  gd32f10x_adc.o(.text.adc_regular_channel_config)
    [Anonymous Symbol]                       0x080008e0   Section        0  gd32f10x_adc.o(.text.adc_regular_data_read)
    [Anonymous Symbol]                       0x080008e8   Section        0  gd32f10x_adc.o(.text.adc_software_trigger_enable)
    [Anonymous Symbol]                       0x08000904   Section        0  gd32f10x_adc.o(.text.adc_special_function_config)
    [Anonymous Symbol]                       0x08000960   Section        0  gd32f10x_bkp.o(.text.bkp_data_read)
    [Anonymous Symbol]                       0x08000994   Section        0  gd32f10x_bkp.o(.text.bkp_data_write)
    [Anonymous Symbol]                       0x080009c8   Section        0  gd32f10x_bkp.o(.text.bkp_deinit)
    [Anonymous Symbol]                       0x080009d4   Section        0  systick.o(.text.delay_1ms)
    [Anonymous Symbol]                       0x080009e8   Section        0  systick.o(.text.delay_decrement)
    [Anonymous Symbol]                       0x08000a00   Section        0  gd32f10x_dma.o(.text.dma_channel_disable)
    [Anonymous Symbol]                       0x08000a24   Section        0  gd32f10x_dma.o(.text.dma_channel_enable)
    [Anonymous Symbol]                       0x08000a48   Section        0  gd32f10x_dma.o(.text.dma_circulation_disable)
    [Anonymous Symbol]                       0x08000a6c   Section        0  gd32f10x_dma.o(.text.dma_circulation_enable)
    [Anonymous Symbol]                       0x08000a90   Section        0  gd32f10x_dma.o(.text.dma_deinit)
    [Anonymous Symbol]                       0x08000acc   Section        0  gd32f10x_dma.o(.text.dma_init)
    [Anonymous Symbol]                       0x08000b38   Section        0  gd32f10x_dma.o(.text.dma_interrupt_enable)
    [Anonymous Symbol]                       0x08000b5c   Section        0  gd32f10x_dma.o(.text.dma_interrupt_flag_clear)
    [Anonymous Symbol]                       0x08000b6c   Section        0  gd32f10x_dma.o(.text.dma_interrupt_flag_get)
    [Anonymous Symbol]                       0x08000ba8   Section        0  gd32f10x_dma.o(.text.dma_memory_to_memory_disable)
    dma_periph_and_channel_check             0x08000bcd   Thumb Code    26  gd32f10x_dma.o(.text.dma_periph_and_channel_check)
    [Anonymous Symbol]                       0x08000bcc   Section        0  gd32f10x_dma.o(.text.dma_periph_and_channel_check)
    [Anonymous Symbol]                       0x08000be8   Section        0  gd32f10x_dma.o(.text.dma_struct_para_init)
    [Anonymous Symbol]                       0x08000bfc   Section        0  gd32f10x_dma.o(.text.dma_transfer_number_get)
    [Anonymous Symbol]                       0x08000c18   Section        0  gd32f10x_exti.o(.text.exti_init)
    [Anonymous Symbol]                       0x08000cb4   Section        0  gd32f10x_exti.o(.text.exti_interrupt_flag_clear)
    [Anonymous Symbol]                       0x08000cc0   Section        0  gd32f10x_exti.o(.text.exti_interrupt_flag_get)
    [Anonymous Symbol]                       0x08000cd4   Section        0  gd32f10x_fmc.o(.text.fmc_bank0_ready_wait)
    [Anonymous Symbol]                       0x08000cec   Section        0  gd32f10x_fmc.o(.text.fmc_bank0_state_get)
    [Anonymous Symbol]                       0x08000d10   Section        0  gd32f10x_fmc.o(.text.fmc_bank1_ready_wait)
    [Anonymous Symbol]                       0x08000d28   Section        0  gd32f10x_fmc.o(.text.fmc_bank1_state_get)
    [Anonymous Symbol]                       0x08000d4c   Section        0  gd32f10x_fmc.o(.text.fmc_flag_clear)
    [Anonymous Symbol]                       0x08000d6c   Section        0  gd32f10x_fmc.o(.text.fmc_lock)
    [Anonymous Symbol]                       0x08000d98   Section        0  gd32f10x_fmc.o(.text.fmc_page_erase)
    [Anonymous Symbol]                       0x08000e40   Section        0  gd32f10x_fmc.o(.text.fmc_unlock)
    [Anonymous Symbol]                       0x08000e90   Section        0  gd32f10x_fmc.o(.text.fmc_word_program)
    [Anonymous Symbol]                       0x08000f20   Section        0  myuart1.o(.text.fputc)
    [Anonymous Symbol]                       0x08000f54   Section        0  gd32f10x_fwdgt.o(.text.fwdgt_config)
    [Anonymous Symbol]                       0x08000fb8   Section        0  gd32f10x_fwdgt.o(.text.fwdgt_counter_reload)
    [Anonymous Symbol]                       0x08000fc8   Section        0  gd32f10x_fwdgt.o(.text.fwdgt_enable)
    [Anonymous Symbol]                       0x08000fd8   Section        0  gd32f10x_fwdgt.o(.text.fwdgt_write_enable)
    [Anonymous Symbol]                       0x08000fe8   Section        0  gd32f10x_gpio.o(.text.gpio_bit_reset)
    [Anonymous Symbol]                       0x08000fec   Section        0  gd32f10x_gpio.o(.text.gpio_bit_set)
    [Anonymous Symbol]                       0x08000ff0   Section        0  gd32f10x_gpio.o(.text.gpio_bit_write)
    [Anonymous Symbol]                       0x08000ffc   Section        0  gd32f10x_gpio.o(.text.gpio_exti_source_select)
    [Anonymous Symbol]                       0x08001080   Section        0  gd32f10x_gpio.o(.text.gpio_init)
    [Anonymous Symbol]                       0x0800112c   Section        0  gd32f10x_gpio.o(.text.gpio_input_bit_get)
    [Anonymous Symbol]                       0x08001138   Section        0  main.o(.text.main)
    [Anonymous Symbol]                       0x0800114c   Section        0  gd32f10x_misc.o(.text.nvic_irq_enable)
    [Anonymous Symbol]                       0x080011b4   Section        0  gd32f10x_misc.o(.text.nvic_priority_group_set)
    [Anonymous Symbol]                       0x080011c8   Section        0  gd32f10x_misc.o(.text.nvic_vector_table_set)
    [Anonymous Symbol]                       0x080011e4   Section        0  gd32f10x_pmu.o(.text.pmu_backup_write_disable)
    [Anonymous Symbol]                       0x080011f8   Section        0  gd32f10x_pmu.o(.text.pmu_backup_write_enable)
    [Anonymous Symbol]                       0x0800120c   Section        0  gd32f10x_rcu.o(.text.rcu_adc_clock_config)
    [Anonymous Symbol]                       0x0800124c   Section        0  gd32f10x_rcu.o(.text.rcu_all_reset_flag_clear)
    [Anonymous Symbol]                       0x08001260   Section        0  gd32f10x_rcu.o(.text.rcu_bkp_reset_disable)
    [Anonymous Symbol]                       0x08001274   Section        0  gd32f10x_rcu.o(.text.rcu_bkp_reset_enable)
    [Anonymous Symbol]                       0x08001288   Section        0  gd32f10x_rcu.o(.text.rcu_clock_freq_get)
    [Anonymous Symbol]                       0x0800133c   Section        0  gd32f10x_rcu.o(.text.rcu_flag_get)
    [Anonymous Symbol]                       0x08001358   Section        0  gd32f10x_rcu.o(.text.rcu_osci_on)
    [Anonymous Symbol]                       0x08001378   Section        0  gd32f10x_rcu.o(.text.rcu_osci_stab_wait)
    [Anonymous Symbol]                       0x08001450   Section        0  gd32f10x_rcu.o(.text.rcu_periph_clock_enable)
    [Anonymous Symbol]                       0x08001470   Section        0  gd32f10x_rcu.o(.text.rcu_periph_reset_disable)
    [Anonymous Symbol]                       0x08001490   Section        0  gd32f10x_rcu.o(.text.rcu_periph_reset_enable)
    [Anonymous Symbol]                       0x080014b0   Section        0  gd32f10x_rcu.o(.text.rcu_rtc_clock_config)
    [Anonymous Symbol]                       0x080014c4   Section        0  gd32f10x_rtc.o(.text.rtc_alarm_config)
    [Anonymous Symbol]                       0x080014e4   Section        0  gd32f10x_rtc.o(.text.rtc_configuration_mode_enter)
    [Anonymous Symbol]                       0x080014f8   Section        0  gd32f10x_rtc.o(.text.rtc_configuration_mode_exit)
    [Anonymous Symbol]                       0x0800150c   Section        0  gd32f10x_rtc.o(.text.rtc_counter_get)
    [Anonymous Symbol]                       0x08001520   Section        0  gd32f10x_rtc.o(.text.rtc_counter_set)
    [Anonymous Symbol]                       0x08001540   Section        0  gd32f10x_rtc.o(.text.rtc_interrupt_enable)
    [Anonymous Symbol]                       0x08001550   Section        0  gd32f10x_rtc.o(.text.rtc_interrupt_flag_clear)
    [Anonymous Symbol]                       0x08001564   Section        0  gd32f10x_rtc.o(.text.rtc_interrupt_flag_get)
    [Anonymous Symbol]                       0x08001578   Section        0  gd32f10x_rtc.o(.text.rtc_lwoff_wait)
    [Anonymous Symbol]                       0x08001588   Section        0  gd32f10x_rtc.o(.text.rtc_prescaler_set)
    [Anonymous Symbol]                       0x080015a8   Section        0  gd32f10x_rtc.o(.text.rtc_register_sync_wait)
    sucKEY_Get_Value                         0x080015c1   Thumb Code    26  mykey.o(.text.sucKEY_Get_Value)
    [Anonymous Symbol]                       0x080015c0   Section        0  mykey.o(.text.sucKEY_Get_Value)
    svFLASH_Test                             0x080015dd   Thumb Code    76  main.o(.text.svFLASH_Test)
    [Anonymous Symbol]                       0x080015dc   Section        0  main.o(.text.svFLASH_Test)
    svRTC_Config                             0x08001659   Thumb Code    94  myrtc.o(.text.svRTC_Config)
    [Anonymous Symbol]                       0x08001658   Section        0  myrtc.o(.text.svRTC_Config)
    svRTC_Get_Hour_Min_Sec                   0x080016b9   Thumb Code   102  myrtc.o(.text.svRTC_Get_Hour_Min_Sec)
    [Anonymous Symbol]                       0x080016b8   Section        0  myrtc.o(.text.svRTC_Get_Hour_Min_Sec)
    svRTC_Get_Mon_Day                        0x08001721   Thumb Code    76  myrtc.o(.text.svRTC_Get_Mon_Day)
    [Anonymous Symbol]                       0x08001720   Section        0  myrtc.o(.text.svRTC_Get_Mon_Day)
    svRTC_Time_Set                           0x0800176d   Thumb Code    24  myrtc.o(.text.svRTC_Time_Set)
    [Anonymous Symbol]                       0x0800176c   Section        0  myrtc.o(.text.svRTC_Time_Set)
    svSYS_Id_Check                           0x08001785   Thumb Code   120  main.o(.text.svSYS_Id_Check)
    [Anonymous Symbol]                       0x08001784   Section        0  main.o(.text.svSYS_Id_Check)
    svUSART0_Again_Dma_Tx                    0x0800180d   Thumb Code    34  myuart1.o(.text.svUSART0_Again_Dma_Tx)
    [Anonymous Symbol]                       0x0800180c   Section        0  myuart1.o(.text.svUSART0_Again_Dma_Tx)
    svUSART0_Dma_Init                        0x08001831   Thumb Code   150  myuart1.o(.text.svUSART0_Dma_Init)
    [Anonymous Symbol]                       0x08001830   Section        0  myuart1.o(.text.svUSART0_Dma_Init)
    svUSART0_Enable_Idle_Interrupt           0x080018c9   Thumb Code    30  myuart1.o(.text.svUSART0_Enable_Idle_Interrupt)
    [Anonymous Symbol]                       0x080018c8   Section        0  myuart1.o(.text.svUSART0_Enable_Idle_Interrupt)
    system_clock_108m_hxtal                  0x080018e9   Thumb Code   160  system_gd32f10x.o(.text.system_clock_108m_hxtal)
    [Anonymous Symbol]                       0x080018e8   Section        0  system_gd32f10x.o(.text.system_clock_108m_hxtal)
    system_clock_config                      0x08001989   Thumb Code     8  system_gd32f10x.o(.text.system_clock_config)
    [Anonymous Symbol]                       0x08001988   Section        0  system_gd32f10x.o(.text.system_clock_config)
    [Anonymous Symbol]                       0x08001990   Section        0  systick.o(.text.systick_config)
    [Anonymous Symbol]                       0x080019bc   Section        0  gd32f10x_timer.o(.text.timer_auto_reload_shadow_enable)
    [Anonymous Symbol]                       0x080019c8   Section        0  gd32f10x_timer.o(.text.timer_break_config)
    [Anonymous Symbol]                       0x080019f0   Section        0  gd32f10x_timer.o(.text.timer_channel_input_capture_prescaler_config)
    [Anonymous Symbol]                       0x08001a2c   Section        0  gd32f10x_timer.o(.text.timer_channel_output_config)
    [Anonymous Symbol]                       0x08001c38   Section        0  gd32f10x_timer.o(.text.timer_channel_output_mode_config)
    [Anonymous Symbol]                       0x08001c74   Section        0  gd32f10x_timer.o(.text.timer_channel_output_pulse_value_config)
    [Anonymous Symbol]                       0x08001c80   Section        0  gd32f10x_timer.o(.text.timer_channel_output_shadow_config)
    [Anonymous Symbol]                       0x08001cbc   Section        0  gd32f10x_timer.o(.text.timer_deinit)
    [Anonymous Symbol]                       0x08001d7c   Section        0  gd32f10x_timer.o(.text.timer_enable)
    [Anonymous Symbol]                       0x08001d88   Section        0  gd32f10x_timer.o(.text.timer_init)
    [Anonymous Symbol]                       0x08001ea4   Section        0  gd32f10x_timer.o(.text.timer_input_pwm_capture_config)
    [Anonymous Symbol]                       0x08001ff0   Section        0  gd32f10x_timer.o(.text.timer_input_trigger_source_select)
    [Anonymous Symbol]                       0x08002000   Section        0  gd32f10x_timer.o(.text.timer_interrupt_enable)
    [Anonymous Symbol]                       0x08002008   Section        0  gd32f10x_timer.o(.text.timer_interrupt_flag_clear)
    [Anonymous Symbol]                       0x08002010   Section        0  gd32f10x_timer.o(.text.timer_interrupt_flag_get)
    [Anonymous Symbol]                       0x08002028   Section        0  gd32f10x_timer.o(.text.timer_master_slave_mode_config)
    [Anonymous Symbol]                       0x08002044   Section        0  gd32f10x_timer.o(.text.timer_primary_output_config)
    [Anonymous Symbol]                       0x08002058   Section        0  gd32f10x_timer.o(.text.timer_slave_mode_select)
    [Anonymous Symbol]                       0x08002068   Section        0  gd32f10x_timer.o(.text.timer_struct_para_init)
    [Anonymous Symbol]                       0x0800207c   Section        0  myadc.o(.text.usADC_Get_Value)
    [Anonymous Symbol]                       0x080020b8   Section        0  gd32f10x_usart.o(.text.usart_baudrate_set)
    [Anonymous Symbol]                       0x08002124   Section        0  gd32f10x_usart.o(.text.usart_data_receive)
    [Anonymous Symbol]                       0x0800212c   Section        0  gd32f10x_usart.o(.text.usart_data_transmit)
    [Anonymous Symbol]                       0x08002134   Section        0  gd32f10x_usart.o(.text.usart_deinit)
    [Anonymous Symbol]                       0x080021ac   Section        0  gd32f10x_usart.o(.text.usart_dma_receive_config)
    [Anonymous Symbol]                       0x080021c0   Section        0  gd32f10x_usart.o(.text.usart_enable)
    [Anonymous Symbol]                       0x080021cc   Section        0  gd32f10x_usart.o(.text.usart_flag_get)
    [Anonymous Symbol]                       0x080021dc   Section        0  gd32f10x_usart.o(.text.usart_hardware_flow_cts_config)
    [Anonymous Symbol]                       0x080021f0   Section        0  gd32f10x_usart.o(.text.usart_hardware_flow_rts_config)
    [Anonymous Symbol]                       0x08002204   Section        0  gd32f10x_usart.o(.text.usart_interrupt_enable)
    [Anonymous Symbol]                       0x0800221c   Section        0  gd32f10x_usart.o(.text.usart_interrupt_flag_get)
    [Anonymous Symbol]                       0x08002240   Section        0  gd32f10x_usart.o(.text.usart_parity_config)
    [Anonymous Symbol]                       0x08002250   Section        0  gd32f10x_usart.o(.text.usart_receive_config)
    [Anonymous Symbol]                       0x0800225c   Section        0  gd32f10x_usart.o(.text.usart_stop_bit_set)
    [Anonymous Symbol]                       0x0800226c   Section        0  gd32f10x_usart.o(.text.usart_transmit_config)
    [Anonymous Symbol]                       0x08002278   Section        0  gd32f10x_usart.o(.text.usart_word_length_set)
    [Anonymous Symbol]                       0x08002288   Section        0  myadc.o(.text.vADC_Init)
    [Anonymous Symbol]                       0x080023d0   Section        0  mydog.o(.text.vDOG_Fwdgt_Init)
    [Anonymous Symbol]                       0x080023ec   Section        0  mydog.o(.text.vDOG_Wwdgt_Init)
    [Anonymous Symbol]                       0x0800241c   Section        0  mykey.o(.text.vKEY_Comply_Function)
    [Anonymous Symbol]                       0x08002448   Section        0  mykey.o(.text.vKEY_Exti_Init)
    [Anonymous Symbol]                       0x08002498   Section        0  mykey.o(.text.vKEY_Init)
    [Anonymous Symbol]                       0x080024b8   Section        0  mykey.o(.text.vKey_Sacn)
    [Anonymous Symbol]                       0x08002524   Section        0  myled.o(.text.vLED_Control)
    [Anonymous Symbol]                       0x08002554   Section        0  myled.o(.text.vLED_Init)
    [Anonymous Symbol]                       0x08002584   Section        0  myrtc.o(.text.vRTC_Alarm_Create)
    [Anonymous Symbol]                       0x080025c8   Section        0  myrtc.o(.text.vRTC_Convert_Time)
    [Anonymous Symbol]                       0x08002664   Section        0  myrtc.o(.text.vRTC_Init)
    [Anonymous Symbol]                       0x08002750   Section        0  mytimer.o(.text.vTIMER0_Pwn_Init)
    [Anonymous Symbol]                       0x080028f4   Section        0  mytimer.o(.text.vTIMER1_Pwm_Init)
    [Anonymous Symbol]                       0x08002a2c   Section        0  mytimer.o(.text.vTIMER2_Init)
    [Anonymous Symbol]                       0x08002ad4   Section        0  mytimer.o(.text.vTIMER5_init)
    [Anonymous Symbol]                       0x08002b3c   Section        0  myuart1.o(.text.vUART0_Init)
    [Anonymous Symbol]                       0x08002bd0   Section        0  myuart1.o(.text.vUSART0_Data_Process)
    [Anonymous Symbol]                       0x08002ca0   Section        0  gd32f10x_wwdgt.o(.text.wwdgt_config)
    [Anonymous Symbol]                       0x08002cb8   Section        0  gd32f10x_wwdgt.o(.text.wwdgt_counter_update)
    [Anonymous Symbol]                       0x08002cc8   Section        0  gd32f10x_wwdgt.o(.text.wwdgt_enable)
    [Anonymous Symbol]                       0x08002cdc   Section        0  gd32f10x_wwdgt.o(.text.wwdgt_flag_clear)
    [Anonymous Symbol]                       0x08002cec   Section        0  gd32f10x_wwdgt.o(.text.wwdgt_interrupt_enable)
    i.__0printf$8                            0x08002d00   Section        0  printf8.o(i.__0printf$8)
    i.__scatterload_copy                     0x08002d20   Section       14  handlers.o(i.__scatterload_copy)
    i.__scatterload_null                     0x08002d2e   Section        2  handlers.o(i.__scatterload_null)
    i.__scatterload_zeroinit                 0x08002d30   Section       14  handlers.o(i.__scatterload_zeroinit)
    _printf_core                             0x08002d41   Thumb Code   996  printf8.o(i._printf_core)
    i._printf_core                           0x08002d40   Section        0  printf8.o(i._printf_core)
    _printf_post_padding                     0x08003151   Thumb Code    36  printf8.o(i._printf_post_padding)
    i._printf_post_padding                   0x08003150   Section        0  printf8.o(i._printf_post_padding)
    _printf_pre_padding                      0x08003175   Thumb Code    46  printf8.o(i._printf_pre_padding)
    i._printf_pre_padding                    0x08003174   Section        0  printf8.o(i._printf_pre_padding)
    i.puts                                   0x080031a4   Section        0  puts.o(i.puts)
    leapMoth                                 0x080031c8   Data          48  myrtc.o(.rodata.leapMoth)
    [Anonymous Symbol]                       0x080031c8   Section        0  myrtc.o(.rodata.leapMoth)
    norMoth                                  0x080031f8   Data          48  myrtc.o(.rodata.norMoth)
    [Anonymous Symbol]                       0x080031f8   Section        0  myrtc.o(.rodata.norMoth)
    .data                                    0x20000000   Section        4  stdout.o(.data)
    TIMER5_IRQHandler.Adc_Cnt                0x200000d8   Data           2  mytimer.o(.bss.TIMER5_IRQHandler.Adc_Cnt)
    [Anonymous Symbol]                       0x200000d8   Section        0  mytimer.o(.bss.TIMER5_IRQHandler.Adc_Cnt)
    TIMER5_IRQHandler.Dog_Fwdgt_Cnt          0x200000da   Data           2  mytimer.o(.bss.TIMER5_IRQHandler.Dog_Fwdgt_Cnt)
    [Anonymous Symbol]                       0x200000da   Section        0  mytimer.o(.bss.TIMER5_IRQHandler.Dog_Fwdgt_Cnt)
    TIMER5_IRQHandler.Led_Cnt                0x200000dc   Data           2  mytimer.o(.bss.TIMER5_IRQHandler.Led_Cnt)
    [Anonymous Symbol]                       0x200000dc   Section        0  mytimer.o(.bss.TIMER5_IRQHandler.Led_Cnt)
    delay                                    0x200000e0   Data           4  systick.o(.bss.delay)
    [Anonymous Symbol]                       0x200000e0   Section        0  systick.o(.bss.delay)
    vKey_Sacn.Key_Old                        0x200000e4   Data           1  mykey.o(.bss.vKey_Sacn.Key_Old)
    [Anonymous Symbol]                       0x200000e4   Section        0  mykey.o(.bss.vKey_Sacn.Key_Old)
    STACK                                    0x200000e8   Section     1024  startup_gd32f10x_hd.o(STACK)

    Global Symbols

    Symbol Name                              Value     Ov Type        Size  Object(Section)

    BuildAttributes$$THM_ISAv4$P$D$K$B$S$PE$A:L22UL41UL21$X:L11$S22US41US21$IEEE1$IW$~IW$USESV6$~STKCKD$USESV7$~SHL$OTIME$ROPI$EBA8$MICROLIB$REQ8$PRES8$EABIv2 0x00000000   Number         0  anon$$obj.o ABSOLUTE
    _printf_a                                0x00000000   Number         0  printfstubs.o ABSOLUTE
    _printf_c                                0x00000000   Number         0  printfstubs.o ABSOLUTE
    _printf_charcount                        0x00000000   Number         0  printfstubs.o ABSOLUTE
    _printf_d                                0x00000000   Number         0  printfstubs.o ABSOLUTE
    _printf_e                                0x00000000   Number         0  printfstubs.o ABSOLUTE
    _printf_f                                0x00000000   Number         0  printfstubs.o ABSOLUTE
    _printf_flags                            0x00000000   Number         0  printfstubs.o ABSOLUTE
    _printf_fp_dec                           0x00000000   Number         0  printfstubs.o ABSOLUTE
    _printf_fp_hex                           0x00000000   Number         0  printfstubs.o ABSOLUTE
    _printf_g                                0x00000000   Number         0  printfstubs.o ABSOLUTE
    _printf_i                                0x00000000   Number         0  printfstubs.o ABSOLUTE
    _printf_int_dec                          0x00000000   Number         0  printfstubs.o ABSOLUTE
    _printf_l                                0x00000000   Number         0  printfstubs.o ABSOLUTE
    _printf_lc                               0x00000000   Number         0  printfstubs.o ABSOLUTE
    _printf_ll                               0x00000000   Number         0  printfstubs.o ABSOLUTE
    _printf_lld                              0x00000000   Number         0  printfstubs.o ABSOLUTE
    _printf_lli                              0x00000000   Number         0  printfstubs.o ABSOLUTE
    _printf_llo                              0x00000000   Number         0  printfstubs.o ABSOLUTE
    _printf_llu                              0x00000000   Number         0  printfstubs.o ABSOLUTE
    _printf_llx                              0x00000000   Number         0  printfstubs.o ABSOLUTE
    _printf_longlong_dec                     0x00000000   Number         0  printfstubs.o ABSOLUTE
    _printf_longlong_hex                     0x00000000   Number         0  printfstubs.o ABSOLUTE
    _printf_longlong_oct                     0x00000000   Number         0  printfstubs.o ABSOLUTE
    _printf_ls                               0x00000000   Number         0  printfstubs.o ABSOLUTE
    _printf_mbtowc                           0x00000000   Number         0  printfstubs.o ABSOLUTE
    _printf_n                                0x00000000   Number         0  printfstubs.o ABSOLUTE
    _printf_o                                0x00000000   Number         0  printfstubs.o ABSOLUTE
    _printf_p                                0x00000000   Number         0  printfstubs.o ABSOLUTE
    _printf_percent                          0x00000000   Number         0  printfstubs.o ABSOLUTE
    _printf_pre_padding                      0x00000000   Number         0  printfstubs.o ABSOLUTE
    _printf_return_value                     0x00000000   Number         0  printfstubs.o ABSOLUTE
    _printf_s                                0x00000000   Number         0  printfstubs.o ABSOLUTE
    _printf_sizespec                         0x00000000   Number         0  printfstubs.o ABSOLUTE
    _printf_str                              0x00000000   Number         0  printfstubs.o ABSOLUTE
    _printf_truncate_signed                  0x00000000   Number         0  printfstubs.o ABSOLUTE
    _printf_truncate_unsigned                0x00000000   Number         0  printfstubs.o ABSOLUTE
    _printf_u                                0x00000000   Number         0  printfstubs.o ABSOLUTE
    _printf_wc                               0x00000000   Number         0  printfstubs.o ABSOLUTE
    _printf_wctomb                           0x00000000   Number         0  printfstubs.o ABSOLUTE
    _printf_widthprec                        0x00000000   Number         0  printfstubs.o ABSOLUTE
    _printf_x                                0x00000000   Number         0  printfstubs.o ABSOLUTE
    __cpp_initialize__aeabi_                  - Undefined Weak Reference
    __cxa_finalize                            - Undefined Weak Reference
    __decompress                              - Undefined Weak Reference
    _clock_init                               - Undefined Weak Reference
    _microlib_exit                            - Undefined Weak Reference
    __Vectors_Size                           0x00000130   Number         0  startup_gd32f10x_hd.o ABSOLUTE
    __Vectors                                0x08000000   Data           4  startup_gd32f10x_hd.o(RESET)
    __Vectors_End                            0x08000130   Data           0  startup_gd32f10x_hd.o(RESET)
    __main                                   0x08000131   Thumb Code     0  entry.o(.ARM.Collect$$$$00000000)
    _main_stk                                0x08000131   Thumb Code     0  entry2.o(.ARM.Collect$$$$00000001)
    _main_scatterload                        0x08000135   Thumb Code     0  entry5.o(.ARM.Collect$$$$00000004)
    __main_after_scatterload                 0x08000139   Thumb Code     0  entry5.o(.ARM.Collect$$$$00000004)
    _main_clock                              0x08000139   Thumb Code     0  entry7b.o(.ARM.Collect$$$$00000008)
    _main_cpp_init                           0x08000139   Thumb Code     0  entry8b.o(.ARM.Collect$$$$0000000A)
    _main_init                               0x08000139   Thumb Code     0  entry9a.o(.ARM.Collect$$$$0000000B)
    __rt_final_cpp                           0x08000141   Thumb Code     0  entry10a.o(.ARM.Collect$$$$0000000D)
    __rt_final_exit                          0x08000141   Thumb Code     0  entry11a.o(.ARM.Collect$$$$0000000F)
    Reset_Handler                            0x08000145   Thumb Code     8  startup_gd32f10x_hd.o(.text)
    ADC0_1_IRQHandler                        0x0800015f   Thumb Code     0  startup_gd32f10x_hd.o(.text)
    ADC2_IRQHandler                          0x0800015f   Thumb Code     0  startup_gd32f10x_hd.o(.text)
    CAN0_EWMC_IRQHandler                     0x0800015f   Thumb Code     0  startup_gd32f10x_hd.o(.text)
    CAN0_RX1_IRQHandler                      0x0800015f   Thumb Code     0  startup_gd32f10x_hd.o(.text)
    DMA0_Channel1_IRQHandler                 0x0800015f   Thumb Code     0  startup_gd32f10x_hd.o(.text)
    DMA0_Channel2_IRQHandler                 0x0800015f   Thumb Code     0  startup_gd32f10x_hd.o(.text)
    DMA0_Channel3_IRQHandler                 0x0800015f   Thumb Code     0  startup_gd32f10x_hd.o(.text)
    DMA0_Channel5_IRQHandler                 0x0800015f   Thumb Code     0  startup_gd32f10x_hd.o(.text)
    DMA0_Channel6_IRQHandler                 0x0800015f   Thumb Code     0  startup_gd32f10x_hd.o(.text)
    DMA1_Channel0_IRQHandler                 0x0800015f   Thumb Code     0  startup_gd32f10x_hd.o(.text)
    DMA1_Channel1_IRQHandler                 0x0800015f   Thumb Code     0  startup_gd32f10x_hd.o(.text)
    DMA1_Channel2_IRQHandler                 0x0800015f   Thumb Code     0  startup_gd32f10x_hd.o(.text)
    DMA1_Channel3_4_IRQHandler               0x0800015f   Thumb Code     0  startup_gd32f10x_hd.o(.text)
    EXMC_IRQHandler                          0x0800015f   Thumb Code     0  startup_gd32f10x_hd.o(.text)
    EXTI0_IRQHandler                         0x0800015f   Thumb Code     0  startup_gd32f10x_hd.o(.text)
    EXTI1_IRQHandler                         0x0800015f   Thumb Code     0  startup_gd32f10x_hd.o(.text)
    EXTI2_IRQHandler                         0x0800015f   Thumb Code     0  startup_gd32f10x_hd.o(.text)
    EXTI3_IRQHandler                         0x0800015f   Thumb Code     0  startup_gd32f10x_hd.o(.text)
    EXTI4_IRQHandler                         0x0800015f   Thumb Code     0  startup_gd32f10x_hd.o(.text)
    EXTI5_9_IRQHandler                       0x0800015f   Thumb Code     0  startup_gd32f10x_hd.o(.text)
    FMC_IRQHandler                           0x0800015f   Thumb Code     0  startup_gd32f10x_hd.o(.text)
    I2C0_ER_IRQHandler                       0x0800015f   Thumb Code     0  startup_gd32f10x_hd.o(.text)
    I2C0_EV_IRQHandler                       0x0800015f   Thumb Code     0  startup_gd32f10x_hd.o(.text)
    I2C1_ER_IRQHandler                       0x0800015f   Thumb Code     0  startup_gd32f10x_hd.o(.text)
    I2C1_EV_IRQHandler                       0x0800015f   Thumb Code     0  startup_gd32f10x_hd.o(.text)
    LVD_IRQHandler                           0x0800015f   Thumb Code     0  startup_gd32f10x_hd.o(.text)
    RCU_IRQHandler                           0x0800015f   Thumb Code     0  startup_gd32f10x_hd.o(.text)
    RTC_Alarm_IRQHandler                     0x0800015f   Thumb Code     0  startup_gd32f10x_hd.o(.text)
    SDIO_IRQHandler                          0x0800015f   Thumb Code     0  startup_gd32f10x_hd.o(.text)
    SPI0_IRQHandler                          0x0800015f   Thumb Code     0  startup_gd32f10x_hd.o(.text)
    SPI1_IRQHandler                          0x0800015f   Thumb Code     0  startup_gd32f10x_hd.o(.text)
    SPI2_IRQHandler                          0x0800015f   Thumb Code     0  startup_gd32f10x_hd.o(.text)
    TAMPER_IRQHandler                        0x0800015f   Thumb Code     0  startup_gd32f10x_hd.o(.text)
    TIMER0_BRK_IRQHandler                    0x0800015f   Thumb Code     0  startup_gd32f10x_hd.o(.text)
    TIMER0_Channel_IRQHandler                0x0800015f   Thumb Code     0  startup_gd32f10x_hd.o(.text)
    TIMER0_TRG_CMT_IRQHandler                0x0800015f   Thumb Code     0  startup_gd32f10x_hd.o(.text)
    TIMER0_UP_IRQHandler                     0x0800015f   Thumb Code     0  startup_gd32f10x_hd.o(.text)
    TIMER1_IRQHandler                        0x0800015f   Thumb Code     0  startup_gd32f10x_hd.o(.text)
    TIMER3_IRQHandler                        0x0800015f   Thumb Code     0  startup_gd32f10x_hd.o(.text)
    TIMER4_IRQHandler                        0x0800015f   Thumb Code     0  startup_gd32f10x_hd.o(.text)
    TIMER6_IRQHandler                        0x0800015f   Thumb Code     0  startup_gd32f10x_hd.o(.text)
    TIMER7_BRK_IRQHandler                    0x0800015f   Thumb Code     0  startup_gd32f10x_hd.o(.text)
    TIMER7_Channel_IRQHandler                0x0800015f   Thumb Code     0  startup_gd32f10x_hd.o(.text)
    TIMER7_TRG_CMT_IRQHandler                0x0800015f   Thumb Code     0  startup_gd32f10x_hd.o(.text)
    TIMER7_UP_IRQHandler                     0x0800015f   Thumb Code     0  startup_gd32f10x_hd.o(.text)
    UART3_IRQHandler                         0x0800015f   Thumb Code     0  startup_gd32f10x_hd.o(.text)
    UART4_IRQHandler                         0x0800015f   Thumb Code     0  startup_gd32f10x_hd.o(.text)
    USART1_IRQHandler                        0x0800015f   Thumb Code     0  startup_gd32f10x_hd.o(.text)
    USART2_IRQHandler                        0x0800015f   Thumb Code     0  startup_gd32f10x_hd.o(.text)
    USBD_HP_CAN0_TX_IRQHandler               0x0800015f   Thumb Code     0  startup_gd32f10x_hd.o(.text)
    USBD_LP_CAN0_RX0_IRQHandler              0x0800015f   Thumb Code     0  startup_gd32f10x_hd.o(.text)
    USBD_WKUP_IRQHandler                     0x0800015f   Thumb Code     0  startup_gd32f10x_hd.o(.text)
    __aeabi_memset                           0x08000169   Thumb Code    14  memseta.o(.text)
    __aeabi_memset4                          0x08000169   Thumb Code     0  memseta.o(.text)
    __aeabi_memset8                          0x08000169   Thumb Code     0  memseta.o(.text)
    __aeabi_memclr                           0x08000177   Thumb Code     4  memseta.o(.text)
    __aeabi_memclr4                          0x08000177   Thumb Code     0  memseta.o(.text)
    __aeabi_memclr8                          0x08000177   Thumb Code     0  memseta.o(.text)
    _memset$wrapper                          0x0800017b   Thumb Code    18  memseta.o(.text)
    __aeabi_fdiv                             0x0800018d   Thumb Code   124  fdiv.o(.text)
    __aeabi_ui2f                             0x08000209   Thumb Code    10  ffltui.o(.text)
    __aeabi_f2uiz                            0x08000213   Thumb Code    40  ffixui.o(.text)
    __aeabi_uldivmod                         0x0800023b   Thumb Code    98  uldiv.o(.text)
    __I$use$fp                               0x0800029d   Thumb Code     0  iusefp.o(.text)
    _float_round                             0x0800029d   Thumb Code    18  fepilogue.o(.text)
    _float_epilogue                          0x080002af   Thumb Code    92  fepilogue.o(.text)
    __scatterload                            0x0800030d   Thumb Code    28  init.o(.text)
    __scatterload_rt2                        0x0800030d   Thumb Code     0  init.o(.text)
    __aeabi_llsl                             0x08000331   Thumb Code    30  llshl.o(.text)
    _ll_shift_l                              0x08000331   Thumb Code     0  llshl.o(.text)
    __aeabi_llsr                             0x0800034f   Thumb Code    32  llushr.o(.text)
    _ll_ushift_r                             0x0800034f   Thumb Code     0  llushr.o(.text)
    BusFault_Handler                         0x08000371   Thumb Code     2  gd32f10x_it.o(.text.BusFault_Handler)
    DMA0_Channel0_IRQHandler                 0x08000375   Thumb Code    48  myadc.o(.text.DMA0_Channel0_IRQHandler)
    DMA0_Channel4_IRQHandler                 0x080003a5   Thumb Code    36  myuart1.o(.text.DMA0_Channel4_IRQHandler)
    DebugMon_Handler                         0x080003c9   Thumb Code     2  gd32f10x_it.o(.text.DebugMon_Handler)
    EXTI10_15_IRQHandler                     0x080003cd   Thumb Code    38  mykey.o(.text.EXTI10_15_IRQHandler)
    HardFault_Handler                        0x080003f5   Thumb Code     2  gd32f10x_it.o(.text.HardFault_Handler)
    MemManage_Handler                        0x080004a5   Thumb Code     2  gd32f10x_it.o(.text.MemManage_Handler)
    NMI_Handler                              0x080004a9   Thumb Code     2  gd32f10x_it.o(.text.NMI_Handler)
    PendSV_Handler                           0x080004bd   Thumb Code     2  gd32f10x_it.o(.text.PendSV_Handler)
    RTC_IRQHandler                           0x080004c1   Thumb Code    54  myrtc.o(.text.RTC_IRQHandler)
    SVC_Handler                              0x080004f9   Thumb Code     2  gd32f10x_it.o(.text.SVC_Handler)
    SysTick_Handler                          0x08000529   Thumb Code     8  main.o(.text.SysTick_Handler)
    SystemInit                               0x08000531   Thumb Code   176  system_gd32f10x.o(.text.SystemInit)
    TIMER2_IRQHandler                        0x080005e1   Thumb Code   108  mytimer.o(.text.TIMER2_IRQHandler)
    TIMER5_IRQHandler                        0x0800064d   Thumb Code   144  mytimer.o(.text.TIMER5_IRQHandler)
    USART0_IRQHandler                        0x080006dd   Thumb Code    86  myuart1.o(.text.USART0_IRQHandler)
    UsageFault_Handler                       0x08000735   Thumb Code     2  gd32f10x_it.o(.text.UsageFault_Handler)
    WWDGT_IRQHandler                         0x08000739   Thumb Code    14  mydog.o(.text.WWDGT_IRQHandler)
    adc_calibration_enable                   0x08000749   Thumb Code    32  gd32f10x_adc.o(.text.adc_calibration_enable)
    adc_channel_length_config                0x08000769   Thumb Code    58  gd32f10x_adc.o(.text.adc_channel_length_config)
    adc_data_alignment_config                0x080007a5   Thumb Code    18  gd32f10x_adc.o(.text.adc_data_alignment_config)
    adc_dma_mode_enable                      0x080007b9   Thumb Code    10  gd32f10x_adc.o(.text.adc_dma_mode_enable)
    adc_enable                               0x080007c5   Thumb Code    18  gd32f10x_adc.o(.text.adc_enable)
    adc_external_trigger_config              0x080007d9   Thumb Code    64  gd32f10x_adc.o(.text.adc_external_trigger_config)
    adc_external_trigger_source_config       0x08000819   Thumb Code    34  gd32f10x_adc.o(.text.adc_external_trigger_source_config)
    adc_flag_clear                           0x0800083d   Thumb Code    10  gd32f10x_adc.o(.text.adc_flag_clear)
    adc_flag_get                             0x08000849   Thumb Code    10  gd32f10x_adc.o(.text.adc_flag_get)
    adc_mode_config                          0x08000855   Thumb Code    24  gd32f10x_adc.o(.text.adc_mode_config)
    adc_regular_channel_config               0x0800086d   Thumb Code   116  gd32f10x_adc.o(.text.adc_regular_channel_config)
    adc_regular_data_read                    0x080008e1   Thumb Code     6  gd32f10x_adc.o(.text.adc_regular_data_read)
    adc_software_trigger_enable              0x080008e9   Thumb Code    28  gd32f10x_adc.o(.text.adc_software_trigger_enable)
    adc_special_function_config              0x08000905   Thumb Code    92  gd32f10x_adc.o(.text.adc_special_function_config)
    bkp_data_read                            0x08000961   Thumb Code    52  gd32f10x_bkp.o(.text.bkp_data_read)
    bkp_data_write                           0x08000995   Thumb Code    50  gd32f10x_bkp.o(.text.bkp_data_write)
    bkp_deinit                               0x080009c9   Thumb Code    12  gd32f10x_bkp.o(.text.bkp_deinit)
    delay_1ms                                0x080009d5   Thumb Code    20  systick.o(.text.delay_1ms)
    delay_decrement                          0x080009e9   Thumb Code    24  systick.o(.text.delay_decrement)
    dma_channel_disable                      0x08000a01   Thumb Code    34  gd32f10x_dma.o(.text.dma_channel_disable)
    dma_channel_enable                       0x08000a25   Thumb Code    34  gd32f10x_dma.o(.text.dma_channel_enable)
    dma_circulation_disable                  0x08000a49   Thumb Code    34  gd32f10x_dma.o(.text.dma_circulation_disable)
    dma_circulation_enable                   0x08000a6d   Thumb Code    34  gd32f10x_dma.o(.text.dma_circulation_enable)
    dma_deinit                               0x08000a91   Thumb Code    58  gd32f10x_dma.o(.text.dma_deinit)
    dma_init                                 0x08000acd   Thumb Code   106  gd32f10x_dma.o(.text.dma_init)
    dma_interrupt_enable                     0x08000b39   Thumb Code    34  gd32f10x_dma.o(.text.dma_interrupt_enable)
    dma_interrupt_flag_clear                 0x08000b5d   Thumb Code    14  gd32f10x_dma.o(.text.dma_interrupt_flag_clear)
    dma_interrupt_flag_get                   0x08000b6d   Thumb Code    58  gd32f10x_dma.o(.text.dma_interrupt_flag_get)
    dma_memory_to_memory_disable             0x08000ba9   Thumb Code    34  gd32f10x_dma.o(.text.dma_memory_to_memory_disable)
    dma_struct_para_init                     0x08000be9   Thumb Code    20  gd32f10x_dma.o(.text.dma_struct_para_init)
    dma_transfer_number_get                  0x08000bfd   Thumb Code    26  gd32f10x_dma.o(.text.dma_transfer_number_get)
    exti_init                                0x08000c19   Thumb Code   156  gd32f10x_exti.o(.text.exti_init)
    exti_interrupt_flag_clear                0x08000cb5   Thumb Code    12  gd32f10x_exti.o(.text.exti_interrupt_flag_clear)
    exti_interrupt_flag_get                  0x08000cc1   Thumb Code    18  gd32f10x_exti.o(.text.exti_interrupt_flag_get)
    fmc_bank0_ready_wait                     0x08000cd5   Thumb Code    24  gd32f10x_fmc.o(.text.fmc_bank0_ready_wait)
    fmc_bank0_state_get                      0x08000ced   Thumb Code    36  gd32f10x_fmc.o(.text.fmc_bank0_state_get)
    fmc_bank1_ready_wait                     0x08000d11   Thumb Code    24  gd32f10x_fmc.o(.text.fmc_bank1_ready_wait)
    fmc_bank1_state_get                      0x08000d29   Thumb Code    36  gd32f10x_fmc.o(.text.fmc_bank1_state_get)
    fmc_flag_clear                           0x08000d4d   Thumb Code    30  gd32f10x_fmc.o(.text.fmc_flag_clear)
    fmc_lock                                 0x08000d6d   Thumb Code    44  gd32f10x_fmc.o(.text.fmc_lock)
    fmc_page_erase                           0x08000d99   Thumb Code   166  gd32f10x_fmc.o(.text.fmc_page_erase)
    fmc_unlock                               0x08000e41   Thumb Code    80  gd32f10x_fmc.o(.text.fmc_unlock)
    fmc_word_program                         0x08000e91   Thumb Code   144  gd32f10x_fmc.o(.text.fmc_word_program)
    fputc                                    0x08000f21   Thumb Code    50  myuart1.o(.text.fputc)
    fwdgt_config                             0x08000f55   Thumb Code   100  gd32f10x_fwdgt.o(.text.fwdgt_config)
    fwdgt_counter_reload                     0x08000fb9   Thumb Code    16  gd32f10x_fwdgt.o(.text.fwdgt_counter_reload)
    fwdgt_enable                             0x08000fc9   Thumb Code    16  gd32f10x_fwdgt.o(.text.fwdgt_enable)
    fwdgt_write_enable                       0x08000fd9   Thumb Code    16  gd32f10x_fwdgt.o(.text.fwdgt_write_enable)
    gpio_bit_reset                           0x08000fe9   Thumb Code     4  gd32f10x_gpio.o(.text.gpio_bit_reset)
    gpio_bit_set                             0x08000fed   Thumb Code     4  gd32f10x_gpio.o(.text.gpio_bit_set)
    gpio_bit_write                           0x08000ff1   Thumb Code    12  gd32f10x_gpio.o(.text.gpio_bit_write)
    gpio_exti_source_select                  0x08000ffd   Thumb Code   132  gd32f10x_gpio.o(.text.gpio_exti_source_select)
    gpio_init                                0x08001081   Thumb Code   170  gd32f10x_gpio.o(.text.gpio_init)
    gpio_input_bit_get                       0x0800112d   Thumb Code    10  gd32f10x_gpio.o(.text.gpio_input_bit_get)
    main                                     0x08001139   Thumb Code    18  main.o(.text.main)
    nvic_irq_enable                          0x0800114d   Thumb Code   102  gd32f10x_misc.o(.text.nvic_irq_enable)
    nvic_priority_group_set                  0x080011b5   Thumb Code    20  gd32f10x_misc.o(.text.nvic_priority_group_set)
    nvic_vector_table_set                    0x080011c9   Thumb Code    28  gd32f10x_misc.o(.text.nvic_vector_table_set)
    pmu_backup_write_disable                 0x080011e5   Thumb Code    18  gd32f10x_pmu.o(.text.pmu_backup_write_disable)
    pmu_backup_write_enable                  0x080011f9   Thumb Code    18  gd32f10x_pmu.o(.text.pmu_backup_write_enable)
    rcu_adc_clock_config                     0x0800120d   Thumb Code    64  gd32f10x_rcu.o(.text.rcu_adc_clock_config)
    rcu_all_reset_flag_clear                 0x0800124d   Thumb Code    18  gd32f10x_rcu.o(.text.rcu_all_reset_flag_clear)
    rcu_bkp_reset_disable                    0x08001261   Thumb Code    18  gd32f10x_rcu.o(.text.rcu_bkp_reset_disable)
    rcu_bkp_reset_enable                     0x08001275   Thumb Code    18  gd32f10x_rcu.o(.text.rcu_bkp_reset_enable)
    rcu_clock_freq_get                       0x08001289   Thumb Code   156  gd32f10x_rcu.o(.text.rcu_clock_freq_get)
    rcu_flag_get                             0x0800133d   Thumb Code    26  gd32f10x_rcu.o(.text.rcu_flag_get)
    rcu_osci_on                              0x08001359   Thumb Code    30  gd32f10x_rcu.o(.text.rcu_osci_on)
    rcu_osci_stab_wait                       0x08001379   Thumb Code   216  gd32f10x_rcu.o(.text.rcu_osci_stab_wait)
    rcu_periph_clock_enable                  0x08001451   Thumb Code    30  gd32f10x_rcu.o(.text.rcu_periph_clock_enable)
    rcu_periph_reset_disable                 0x08001471   Thumb Code    32  gd32f10x_rcu.o(.text.rcu_periph_reset_disable)
    rcu_periph_reset_enable                  0x08001491   Thumb Code    30  gd32f10x_rcu.o(.text.rcu_periph_reset_enable)
    rcu_rtc_clock_config                     0x080014b1   Thumb Code    20  gd32f10x_rcu.o(.text.rcu_rtc_clock_config)
    rtc_alarm_config                         0x080014c5   Thumb Code    30  gd32f10x_rtc.o(.text.rtc_alarm_config)
    rtc_configuration_mode_enter             0x080014e5   Thumb Code    18  gd32f10x_rtc.o(.text.rtc_configuration_mode_enter)
    rtc_configuration_mode_exit              0x080014f9   Thumb Code    18  gd32f10x_rtc.o(.text.rtc_configuration_mode_exit)
    rtc_counter_get                          0x0800150d   Thumb Code    18  gd32f10x_rtc.o(.text.rtc_counter_get)
    rtc_counter_set                          0x08001521   Thumb Code    30  gd32f10x_rtc.o(.text.rtc_counter_set)
    rtc_interrupt_enable                     0x08001541   Thumb Code    16  gd32f10x_rtc.o(.text.rtc_interrupt_enable)
    rtc_interrupt_flag_clear                 0x08001551   Thumb Code    18  gd32f10x_rtc.o(.text.rtc_interrupt_flag_clear)
    rtc_interrupt_flag_get                   0x08001565   Thumb Code    18  gd32f10x_rtc.o(.text.rtc_interrupt_flag_get)
    rtc_lwoff_wait                           0x08001579   Thumb Code    16  gd32f10x_rtc.o(.text.rtc_lwoff_wait)
    rtc_prescaler_set                        0x08001589   Thumb Code    32  gd32f10x_rtc.o(.text.rtc_prescaler_set)
    rtc_register_sync_wait                   0x080015a9   Thumb Code    24  gd32f10x_rtc.o(.text.rtc_register_sync_wait)
    systick_config                           0x08001991   Thumb Code    42  systick.o(.text.systick_config)
    timer_auto_reload_shadow_enable          0x080019bd   Thumb Code    10  gd32f10x_timer.o(.text.timer_auto_reload_shadow_enable)
    timer_break_config                       0x080019c9   Thumb Code    38  gd32f10x_timer.o(.text.timer_break_config)
    timer_channel_input_capture_prescaler_config 0x080019f1   Thumb Code    58  gd32f10x_timer.o(.text.timer_channel_input_capture_prescaler_config)
    timer_channel_output_config              0x08001a2d   Thumb Code   522  gd32f10x_timer.o(.text.timer_channel_output_config)
    timer_channel_output_mode_config         0x08001c39   Thumb Code    58  gd32f10x_timer.o(.text.timer_channel_output_mode_config)
    timer_channel_output_pulse_value_config  0x08001c75   Thumb Code    12  gd32f10x_timer.o(.text.timer_channel_output_pulse_value_config)
    timer_channel_output_shadow_config       0x08001c81   Thumb Code    58  gd32f10x_timer.o(.text.timer_channel_output_shadow_config)
    timer_deinit                             0x08001cbd   Thumb Code   190  gd32f10x_timer.o(.text.timer_deinit)
    timer_enable                             0x08001d7d   Thumb Code    10  gd32f10x_timer.o(.text.timer_enable)
    timer_init                               0x08001d89   Thumb Code   284  gd32f10x_timer.o(.text.timer_init)
    timer_input_pwm_capture_config           0x08001ea5   Thumb Code   332  gd32f10x_timer.o(.text.timer_input_pwm_capture_config)
    timer_input_trigger_source_select        0x08001ff1   Thumb Code    16  gd32f10x_timer.o(.text.timer_input_trigger_source_select)
    timer_interrupt_enable                   0x08002001   Thumb Code     8  gd32f10x_timer.o(.text.timer_interrupt_enable)
    timer_interrupt_flag_clear               0x08002009   Thumb Code     6  gd32f10x_timer.o(.text.timer_interrupt_flag_clear)
    timer_interrupt_flag_get                 0x08002011   Thumb Code    22  gd32f10x_timer.o(.text.timer_interrupt_flag_get)
    timer_master_slave_mode_config           0x08002029   Thumb Code    28  gd32f10x_timer.o(.text.timer_master_slave_mode_config)
    timer_primary_output_config              0x08002045   Thumb Code    18  gd32f10x_timer.o(.text.timer_primary_output_config)
    timer_slave_mode_select                  0x08002059   Thumb Code    16  gd32f10x_timer.o(.text.timer_slave_mode_select)
    timer_struct_para_init                   0x08002069   Thumb Code    18  gd32f10x_timer.o(.text.timer_struct_para_init)
    usADC_Get_Value                          0x0800207d   Thumb Code    60  myadc.o(.text.usADC_Get_Value)
    usart_baudrate_set                       0x080020b9   Thumb Code   106  gd32f10x_usart.o(.text.usart_baudrate_set)
    usart_data_receive                       0x08002125   Thumb Code     8  gd32f10x_usart.o(.text.usart_data_receive)
    usart_data_transmit                      0x0800212d   Thumb Code     8  gd32f10x_usart.o(.text.usart_data_transmit)
    usart_deinit                             0x08002135   Thumb Code   118  gd32f10x_usart.o(.text.usart_deinit)
    usart_dma_receive_config                 0x080021ad   Thumb Code    20  gd32f10x_usart.o(.text.usart_dma_receive_config)
    usart_enable                             0x080021c1   Thumb Code    10  gd32f10x_usart.o(.text.usart_enable)
    usart_flag_get                           0x080021cd   Thumb Code    16  gd32f10x_usart.o(.text.usart_flag_get)
    usart_hardware_flow_cts_config           0x080021dd   Thumb Code    20  gd32f10x_usart.o(.text.usart_hardware_flow_cts_config)
    usart_hardware_flow_rts_config           0x080021f1   Thumb Code    20  gd32f10x_usart.o(.text.usart_hardware_flow_rts_config)
    usart_interrupt_enable                   0x08002205   Thumb Code    24  gd32f10x_usart.o(.text.usart_interrupt_enable)
    usart_interrupt_flag_get                 0x0800221d   Thumb Code    34  gd32f10x_usart.o(.text.usart_interrupt_flag_get)
    usart_parity_config                      0x08002241   Thumb Code    16  gd32f10x_usart.o(.text.usart_parity_config)
    usart_receive_config                     0x08002251   Thumb Code    12  gd32f10x_usart.o(.text.usart_receive_config)
    usart_stop_bit_set                       0x0800225d   Thumb Code    16  gd32f10x_usart.o(.text.usart_stop_bit_set)
    usart_transmit_config                    0x0800226d   Thumb Code    12  gd32f10x_usart.o(.text.usart_transmit_config)
    usart_word_length_set                    0x08002279   Thumb Code    16  gd32f10x_usart.o(.text.usart_word_length_set)
    vADC_Init                                0x08002289   Thumb Code   326  myadc.o(.text.vADC_Init)
    vDOG_Fwdgt_Init                          0x080023d1   Thumb Code    26  mydog.o(.text.vDOG_Fwdgt_Init)
    vDOG_Wwdgt_Init                          0x080023ed   Thumb Code    46  mydog.o(.text.vDOG_Wwdgt_Init)
    vKEY_Comply_Function                     0x0800241d   Thumb Code    32  mykey.o(.text.vKEY_Comply_Function)
    vKEY_Exti_Init                           0x08002449   Thumb Code    78  mykey.o(.text.vKEY_Exti_Init)
    vKEY_Init                                0x08002499   Thumb Code    32  mykey.o(.text.vKEY_Init)
    vKey_Sacn                                0x080024b9   Thumb Code   108  mykey.o(.text.vKey_Sacn)
    vLED_Control                             0x08002525   Thumb Code    48  myled.o(.text.vLED_Control)
    vLED_Init                                0x08002555   Thumb Code    46  myled.o(.text.vLED_Init)
    vRTC_Alarm_Create                        0x08002585   Thumb Code    66  myrtc.o(.text.vRTC_Alarm_Create)
    vRTC_Convert_Time                        0x080025c9   Thumb Code   156  myrtc.o(.text.vRTC_Convert_Time)
    vRTC_Init                                0x08002665   Thumb Code   148  myrtc.o(.text.vRTC_Init)
    vTIMER0_Pwn_Init                         0x08002751   Thumb Code   420  mytimer.o(.text.vTIMER0_Pwn_Init)
    vTIMER1_Pwm_Init                         0x080028f5   Thumb Code   312  mytimer.o(.text.vTIMER1_Pwm_Init)
    vTIMER2_Init                             0x08002a2d   Thumb Code   168  mytimer.o(.text.vTIMER2_Init)
    vTIMER5_init                             0x08002ad5   Thumb Code   102  mytimer.o(.text.vTIMER5_init)
    vUART0_Init                              0x08002b3d   Thumb Code   146  myuart1.o(.text.vUART0_Init)
    vUSART0_Data_Process                     0x08002bd1   Thumb Code   148  myuart1.o(.text.vUSART0_Data_Process)
    wwdgt_config                             0x08002ca1   Thumb Code    24  gd32f10x_wwdgt.o(.text.wwdgt_config)
    wwdgt_counter_update                     0x08002cb9   Thumb Code    16  gd32f10x_wwdgt.o(.text.wwdgt_counter_update)
    wwdgt_enable                             0x08002cc9   Thumb Code    18  gd32f10x_wwdgt.o(.text.wwdgt_enable)
    wwdgt_flag_clear                         0x08002cdd   Thumb Code    14  gd32f10x_wwdgt.o(.text.wwdgt_flag_clear)
    wwdgt_interrupt_enable                   0x08002ced   Thumb Code    18  gd32f10x_wwdgt.o(.text.wwdgt_interrupt_enable)
    __0printf$8                              0x08002d01   Thumb Code    22  printf8.o(i.__0printf$8)
    __1printf$8                              0x08002d01   Thumb Code     0  printf8.o(i.__0printf$8)
    __2printf                                0x08002d01   Thumb Code     0  printf8.o(i.__0printf$8)
    __scatterload_copy                       0x08002d21   Thumb Code    14  handlers.o(i.__scatterload_copy)
    __scatterload_null                       0x08002d2f   Thumb Code     2  handlers.o(i.__scatterload_null)
    __scatterload_zeroinit                   0x08002d31   Thumb Code    14  handlers.o(i.__scatterload_zeroinit)
    puts                                     0x080031a5   Thumb Code    30  puts.o(i.puts)
    Region$$Table$$Base                      0x08003228   Number         0  anon$$obj.o(Region$$Table)
    Region$$Table$$Limit                     0x08003248   Number         0  anon$$obj.o(Region$$Table)
    __stdout                                 0x20000000   Data           4  stdout.o(.data)
    MyADC                                    0x20000004   Data          32  myadc.o(.data.MyADC)
    MyDog                                    0x20000024   Data           8  mydog.o(.data.MyDog)
    MyKey                                    0x2000002c   Data          24  mykey.o(.data.MyKey)
    MyLed                                    0x20000044   Data          12  myled.o(.data.MyLed)
    MyRTC                                    0x20000050   Data          28  myrtc.o(.data.MyRTC)
    MyTimer                                  0x2000006c   Data          24  mytimer.o(.data.MyTimer)
    MyUart0                                  0x20000084   Data          60  myuart1.o(.data.MyUart0)
    SystemCoreClock                          0x200000c0   Data           4  system_gd32f10x.o(.data.SystemCoreClock)
    Key_Down                                 0x200000c8   Data           1  mykey.o(.bss.Key_Down)
    Key_Up                                   0x200000c9   Data           1  mykey.o(.bss.Key_Up)
    Key_Value                                0x200000ca   Data           1  mykey.o(.bss.Key_Value)
    Sys_Id                                   0x200000cb   Data          12  main.o(.bss.Sys_Id)
    __initial_sp                             0x200004e8   Data           0  startup_gd32f10x_hd.o(STACK)



==============================================================================

Memory Map of the image

  Image Entry point : 0x08000131

  Load Region LR_IROM1 (Base: 0x08000000, Size: 0x00003310, Max: 0x00080000, ABSOLUTE)

    Execution Region ER_IROM1 (Exec base: 0x08000000, Load base: 0x08000000, Size: 0x00003248, Max: 0x00080000, ABSOLUTE)

    Exec Addr    Load Addr    Size         Type   Attr      Idx    E Section Name        Object

    0x08000000   0x08000000   0x00000130   Data   RO         1475    RESET               startup_gd32f10x_hd.o
    0x08000130   0x08000130   0x00000000   Code   RO         1482  * .ARM.Collect$$$$00000000  mc_w.l(entry.o)
    0x08000130   0x08000130   0x00000004   Code   RO         1758    .ARM.Collect$$$$00000001  mc_w.l(entry2.o)
    0x08000134   0x08000134   0x00000004   Code   RO         1761    .ARM.Collect$$$$00000004  mc_w.l(entry5.o)
    0x08000138   0x08000138   0x00000000   Code   RO         1763    .ARM.Collect$$$$00000008  mc_w.l(entry7b.o)
    0x08000138   0x08000138   0x00000000   Code   RO         1765    .ARM.Collect$$$$0000000A  mc_w.l(entry8b.o)
    0x08000138   0x08000138   0x00000008   Code   RO         1766    .ARM.Collect$$$$0000000B  mc_w.l(entry9a.o)
    0x08000140   0x08000140   0x00000000   Code   RO         1768    .ARM.Collect$$$$0000000D  mc_w.l(entry10a.o)
    0x08000140   0x08000140   0x00000000   Code   RO         1770    .ARM.Collect$$$$0000000F  mc_w.l(entry11a.o)
    0x08000140   0x08000140   0x00000004   Code   RO         1759    .ARM.Collect$$$$00002712  mc_w.l(entry2.o)
    0x08000144   0x08000144   0x00000024   Code   RO         1476    .text               startup_gd32f10x_hd.o
    0x08000168   0x08000168   0x00000024   Code   RO         1489    .text               mc_w.l(memseta.o)
    0x0800018c   0x0800018c   0x0000007c   Code   RO         1752    .text               mf_w.l(fdiv.o)
    0x08000208   0x08000208   0x0000000a   Code   RO         1754    .text               mf_w.l(ffltui.o)
    0x08000212   0x08000212   0x00000028   Code   RO         1756    .text               mf_w.l(ffixui.o)
    0x0800023a   0x0800023a   0x00000062   Code   RO         1784    .text               mc_w.l(uldiv.o)
    0x0800029c   0x0800029c   0x00000000   Code   RO         1786    .text               mc_w.l(iusefp.o)
    0x0800029c   0x0800029c   0x0000006e   Code   RO         1787    .text               mf_w.l(fepilogue.o)
    0x0800030a   0x0800030a   0x00000002   PAD
    0x0800030c   0x0800030c   0x00000024   Code   RO         1799    .text               mc_w.l(init.o)
    0x08000330   0x08000330   0x0000001e   Code   RO         1801    .text               mc_w.l(llshl.o)
    0x0800034e   0x0800034e   0x00000020   Code   RO         1803    .text               mc_w.l(llushr.o)
    0x0800036e   0x0800036e   0x00000002   PAD
    0x08000370   0x08000370   0x00000002   Code   RO            8    .text.BusFault_Handler  gd32f10x_it.o
    0x08000372   0x08000372   0x00000002   PAD
    0x08000374   0x08000374   0x00000030   Code   RO          154    .text.DMA0_Channel0_IRQHandler  myadc.o
    0x080003a4   0x080003a4   0x00000024   Code   RO          113    .text.DMA0_Channel4_IRQHandler  myuart1.o
    0x080003c8   0x080003c8   0x00000002   Code   RO           14    .text.DebugMon_Handler  gd32f10x_it.o
    0x080003ca   0x080003ca   0x00000002   PAD
    0x080003cc   0x080003cc   0x00000026   Code   RO           87    .text.EXTI10_15_IRQHandler  mykey.o
    0x080003f2   0x080003f2   0x00000002   PAD
    0x080003f4   0x080003f4   0x00000002   Code   RO            4    .text.HardFault_Handler  gd32f10x_it.o
    0x080003f6   0x080003f6   0x00000002   PAD
    0x080003f8   0x080003f8   0x000000ac   Code   RO           29    .text.Hardware_Init  main.o
    0x080004a4   0x080004a4   0x00000002   Code   RO            6    .text.MemManage_Handler  gd32f10x_it.o
    0x080004a6   0x080004a6   0x00000002   PAD
    0x080004a8   0x080004a8   0x00000002   Code   RO            2    .text.NMI_Handler   gd32f10x_it.o
    0x080004aa   0x080004aa   0x00000002   PAD
    0x080004ac   0x080004ac   0x0000000e   Code   RO           49    .text.NVIC_SetPriority  systick.o
    0x080004ba   0x080004ba   0x00000002   PAD
    0x080004bc   0x080004bc   0x00000002   Code   RO           16    .text.PendSV_Handler  gd32f10x_it.o
    0x080004be   0x080004be   0x00000002   PAD
    0x080004c0   0x080004c0   0x00000036   Code   RO          175    .text.RTC_IRQHandler  myrtc.o
    0x080004f6   0x080004f6   0x00000002   PAD
    0x080004f8   0x080004f8   0x00000002   Code   RO           12    .text.SVC_Handler   gd32f10x_it.o
    0x080004fa   0x080004fa   0x00000002   PAD
    0x080004fc   0x080004fc   0x0000002a   Code   RO           47    .text.SysTick_Config  systick.o
    0x08000526   0x08000526   0x00000002   PAD
    0x08000528   0x08000528   0x00000008   Code   RO           25    .text.SysTick_Handler  main.o
    0x08000530   0x08000530   0x000000b0   Code   RO          206    .text.SystemInit    system_gd32f10x.o
    0x080005e0   0x080005e0   0x0000006c   Code   RO          136    .text.TIMER2_IRQHandler  mytimer.o
    0x0800064c   0x0800064c   0x00000090   Code   RO          134    .text.TIMER5_IRQHandler  mytimer.o
    0x080006dc   0x080006dc   0x00000056   Code   RO          111    .text.USART0_IRQHandler  myuart1.o
    0x08000732   0x08000732   0x00000002   PAD
    0x08000734   0x08000734   0x00000002   Code   RO           10    .text.UsageFault_Handler  gd32f10x_it.o
    0x08000736   0x08000736   0x00000002   PAD
    0x08000738   0x08000738   0x0000000e   Code   RO          196    .text.WWDGT_IRQHandler  mydog.o
    0x08000746   0x08000746   0x00000002   PAD
    0x08000748   0x08000748   0x00000020   Code   RO          233    .text.adc_calibration_enable  gd32f10x_adc.o
    0x08000768   0x08000768   0x0000003a   Code   RO          245    .text.adc_channel_length_config  gd32f10x_adc.o
    0x080007a2   0x080007a2   0x00000002   PAD
    0x080007a4   0x080007a4   0x00000012   Code   RO          227    .text.adc_data_alignment_config  gd32f10x_adc.o
    0x080007b6   0x080007b6   0x00000002   PAD
    0x080007b8   0x080007b8   0x0000000a   Code   RO          239    .text.adc_dma_mode_enable  gd32f10x_adc.o
    0x080007c2   0x080007c2   0x00000002   PAD
    0x080007c4   0x080007c4   0x00000012   Code   RO          229    .text.adc_enable    gd32f10x_adc.o
    0x080007d6   0x080007d6   0x00000002   PAD
    0x080007d8   0x080007d8   0x00000040   Code   RO          255    .text.adc_external_trigger_config  gd32f10x_adc.o
    0x08000818   0x08000818   0x00000022   Code   RO          253    .text.adc_external_trigger_source_config  gd32f10x_adc.o
    0x0800083a   0x0800083a   0x00000002   PAD
    0x0800083c   0x0800083c   0x0000000a   Code   RO          275    .text.adc_flag_clear  gd32f10x_adc.o
    0x08000846   0x08000846   0x00000002   PAD
    0x08000848   0x08000848   0x0000000a   Code   RO          273    .text.adc_flag_get  gd32f10x_adc.o
    0x08000852   0x08000852   0x00000002   PAD
    0x08000854   0x08000854   0x00000018   Code   RO          223    .text.adc_mode_config  gd32f10x_adc.o
    0x0800086c   0x0800086c   0x00000074   Code   RO          247    .text.adc_regular_channel_config  gd32f10x_adc.o
    0x080008e0   0x080008e0   0x00000006   Code   RO          259    .text.adc_regular_data_read  gd32f10x_adc.o
    0x080008e6   0x080008e6   0x00000002   PAD
    0x080008e8   0x080008e8   0x0000001c   Code   RO          257    .text.adc_software_trigger_enable  gd32f10x_adc.o
    0x08000904   0x08000904   0x0000005c   Code   RO          225    .text.adc_special_function_config  gd32f10x_adc.o
    0x08000960   0x08000960   0x00000034   Code   RO          301    .text.bkp_data_read  gd32f10x_bkp.o
    0x08000994   0x08000994   0x00000032   Code   RO          299    .text.bkp_data_write  gd32f10x_bkp.o
    0x080009c6   0x080009c6   0x00000002   PAD
    0x080009c8   0x080009c8   0x0000000c   Code   RO          297    .text.bkp_deinit    gd32f10x_bkp.o
    0x080009d4   0x080009d4   0x00000014   Code   RO           51    .text.delay_1ms     systick.o
    0x080009e8   0x080009e8   0x00000018   Code   RO           53    .text.delay_decrement  systick.o
    0x08000a00   0x08000a00   0x00000022   Code   RO          523    .text.dma_channel_disable  gd32f10x_dma.o
    0x08000a22   0x08000a22   0x00000002   PAD
    0x08000a24   0x08000a24   0x00000022   Code   RO          521    .text.dma_channel_enable  gd32f10x_dma.o
    0x08000a46   0x08000a46   0x00000002   PAD
    0x08000a48   0x08000a48   0x00000022   Code   RO          515    .text.dma_circulation_disable  gd32f10x_dma.o
    0x08000a6a   0x08000a6a   0x00000002   PAD
    0x08000a6c   0x08000a6c   0x00000022   Code   RO          513    .text.dma_circulation_enable  gd32f10x_dma.o
    0x08000a8e   0x08000a8e   0x00000002   PAD
    0x08000a90   0x08000a90   0x0000003a   Code   RO          505    .text.dma_deinit    gd32f10x_dma.o
    0x08000aca   0x08000aca   0x00000002   PAD
    0x08000acc   0x08000acc   0x0000006a   Code   RO          511    .text.dma_init      gd32f10x_dma.o
    0x08000b36   0x08000b36   0x00000002   PAD
    0x08000b38   0x08000b38   0x00000022   Code   RO          557    .text.dma_interrupt_enable  gd32f10x_dma.o
    0x08000b5a   0x08000b5a   0x00000002   PAD
    0x08000b5c   0x08000b5c   0x0000000e   Code   RO          555    .text.dma_interrupt_flag_clear  gd32f10x_dma.o
    0x08000b6a   0x08000b6a   0x00000002   PAD
    0x08000b6c   0x08000b6c   0x0000003a   Code   RO          553    .text.dma_interrupt_flag_get  gd32f10x_dma.o
    0x08000ba6   0x08000ba6   0x00000002   PAD
    0x08000ba8   0x08000ba8   0x00000022   Code   RO          519    .text.dma_memory_to_memory_disable  gd32f10x_dma.o
    0x08000bca   0x08000bca   0x00000002   PAD
    0x08000bcc   0x08000bcc   0x0000001a   Code   RO          507    .text.dma_periph_and_channel_check  gd32f10x_dma.o
    0x08000be6   0x08000be6   0x00000002   PAD
    0x08000be8   0x08000be8   0x00000014   Code   RO          509    .text.dma_struct_para_init  gd32f10x_dma.o
    0x08000bfc   0x08000bfc   0x0000001a   Code   RO          531    .text.dma_transfer_number_get  gd32f10x_dma.o
    0x08000c16   0x08000c16   0x00000002   PAD
    0x08000c18   0x08000c18   0x0000009c   Code   RO          626    .text.exti_init     gd32f10x_exti.o
    0x08000cb4   0x08000cb4   0x0000000c   Code   RO          646    .text.exti_interrupt_flag_clear  gd32f10x_exti.o
    0x08000cc0   0x08000cc0   0x00000012   Code   RO          644    .text.exti_interrupt_flag_get  gd32f10x_exti.o
    0x08000cd2   0x08000cd2   0x00000002   PAD
    0x08000cd4   0x08000cd4   0x00000018   Code   RO          672    .text.fmc_bank0_ready_wait  gd32f10x_fmc.o
    0x08000cec   0x08000cec   0x00000024   Code   RO          720    .text.fmc_bank0_state_get  gd32f10x_fmc.o
    0x08000d10   0x08000d10   0x00000018   Code   RO          674    .text.fmc_bank1_ready_wait  gd32f10x_fmc.o
    0x08000d28   0x08000d28   0x00000024   Code   RO          722    .text.fmc_bank1_state_get  gd32f10x_fmc.o
    0x08000d4c   0x08000d4c   0x0000001e   Code   RO          714    .text.fmc_flag_clear  gd32f10x_fmc.o
    0x08000d6a   0x08000d6a   0x00000002   PAD
    0x08000d6c   0x08000d6c   0x0000002c   Code   RO          664    .text.fmc_lock      gd32f10x_fmc.o
    0x08000d98   0x08000d98   0x000000a6   Code   RO          670    .text.fmc_page_erase  gd32f10x_fmc.o
    0x08000e3e   0x08000e3e   0x00000002   PAD
    0x08000e40   0x08000e40   0x00000050   Code   RO          658    .text.fmc_unlock    gd32f10x_fmc.o
    0x08000e90   0x08000e90   0x00000090   Code   RO          682    .text.fmc_word_program  gd32f10x_fmc.o
    0x08000f20   0x08000f20   0x00000032   Code   RO          109    .text.fputc         myuart1.o
    0x08000f52   0x08000f52   0x00000002   PAD
    0x08000f54   0x08000f54   0x00000064   Code   RO          744    .text.fwdgt_config  gd32f10x_fwdgt.o
    0x08000fb8   0x08000fb8   0x00000010   Code   RO          742    .text.fwdgt_counter_reload  gd32f10x_fwdgt.o
    0x08000fc8   0x08000fc8   0x00000010   Code   RO          736    .text.fwdgt_enable  gd32f10x_fwdgt.o
    0x08000fd8   0x08000fd8   0x00000010   Code   RO          732    .text.fwdgt_write_enable  gd32f10x_fwdgt.o
    0x08000fe8   0x08000fe8   0x00000004   Code   RO          764    .text.gpio_bit_reset  gd32f10x_gpio.o
    0x08000fec   0x08000fec   0x00000004   Code   RO          762    .text.gpio_bit_set  gd32f10x_gpio.o
    0x08000ff0   0x08000ff0   0x0000000c   Code   RO          766    .text.gpio_bit_write  gd32f10x_gpio.o
    0x08000ffc   0x08000ffc   0x00000084   Code   RO          780    .text.gpio_exti_source_select  gd32f10x_gpio.o
    0x08001080   0x08001080   0x000000aa   Code   RO          760    .text.gpio_init     gd32f10x_gpio.o
    0x0800112a   0x0800112a   0x00000002   PAD
    0x0800112c   0x0800112c   0x0000000a   Code   RO          770    .text.gpio_input_bit_get  gd32f10x_gpio.o
    0x08001136   0x08001136   0x00000002   PAD
    0x08001138   0x08001138   0x00000012   Code   RO           27    .text.main          main.o
    0x0800114a   0x0800114a   0x00000002   PAD
    0x0800114c   0x0800114c   0x00000066   Code   RO          870    .text.nvic_irq_enable  gd32f10x_misc.o
    0x080011b2   0x080011b2   0x00000002   PAD
    0x080011b4   0x080011b4   0x00000014   Code   RO          868    .text.nvic_priority_group_set  gd32f10x_misc.o
    0x080011c8   0x080011c8   0x0000001c   Code   RO          874    .text.nvic_vector_table_set  gd32f10x_misc.o
    0x080011e4   0x080011e4   0x00000012   Code   RO          908    .text.pmu_backup_write_disable  gd32f10x_pmu.o
    0x080011f6   0x080011f6   0x00000002   PAD
    0x080011f8   0x080011f8   0x00000012   Code   RO          906    .text.pmu_backup_write_enable  gd32f10x_pmu.o
    0x0800120a   0x0800120a   0x00000002   PAD
    0x0800120c   0x0800120c   0x00000040   Code   RO          962    .text.rcu_adc_clock_config  gd32f10x_rcu.o
    0x0800124c   0x0800124c   0x00000012   Code   RO          970    .text.rcu_all_reset_flag_clear  gd32f10x_rcu.o
    0x0800125e   0x0800125e   0x00000002   PAD
    0x08001260   0x08001260   0x00000012   Code   RO          944    .text.rcu_bkp_reset_disable  gd32f10x_rcu.o
    0x08001272   0x08001272   0x00000002   PAD
    0x08001274   0x08001274   0x00000012   Code   RO          942    .text.rcu_bkp_reset_enable  gd32f10x_rcu.o
    0x08001286   0x08001286   0x00000002   PAD
    0x08001288   0x08001288   0x000000b4   Code   RO          996    .text.rcu_clock_freq_get  gd32f10x_rcu.o
    0x0800133c   0x0800133c   0x0000001a   Code   RO          968    .text.rcu_flag_get  gd32f10x_rcu.o
    0x08001356   0x08001356   0x00000002   PAD
    0x08001358   0x08001358   0x0000001e   Code   RO          980    .text.rcu_osci_on   gd32f10x_rcu.o
    0x08001376   0x08001376   0x00000002   PAD
    0x08001378   0x08001378   0x000000d8   Code   RO          928    .text.rcu_osci_stab_wait  gd32f10x_rcu.o
    0x08001450   0x08001450   0x0000001e   Code   RO          930    .text.rcu_periph_clock_enable  gd32f10x_rcu.o
    0x0800146e   0x0800146e   0x00000002   PAD
    0x08001470   0x08001470   0x00000020   Code   RO          940    .text.rcu_periph_reset_disable  gd32f10x_rcu.o
    0x08001490   0x08001490   0x0000001e   Code   RO          938    .text.rcu_periph_reset_enable  gd32f10x_rcu.o
    0x080014ae   0x080014ae   0x00000002   PAD
    0x080014b0   0x080014b0   0x00000014   Code   RO          966    .text.rcu_rtc_clock_config  gd32f10x_rcu.o
    0x080014c4   0x080014c4   0x0000001e   Code   RO         1018    .text.rtc_alarm_config  gd32f10x_rtc.o
    0x080014e2   0x080014e2   0x00000002   PAD
    0x080014e4   0x080014e4   0x00000012   Code   RO         1006    .text.rtc_configuration_mode_enter  gd32f10x_rtc.o
    0x080014f6   0x080014f6   0x00000002   PAD
    0x080014f8   0x080014f8   0x00000012   Code   RO         1008    .text.rtc_configuration_mode_exit  gd32f10x_rtc.o
    0x0800150a   0x0800150a   0x00000002   PAD
    0x0800150c   0x0800150c   0x00000012   Code   RO         1020    .text.rtc_counter_get  gd32f10x_rtc.o
    0x0800151e   0x0800151e   0x00000002   PAD
    0x08001520   0x08001520   0x0000001e   Code   RO         1010    .text.rtc_counter_set  gd32f10x_rtc.o
    0x0800153e   0x0800153e   0x00000002   PAD
    0x08001540   0x08001540   0x00000010   Code   RO         1032    .text.rtc_interrupt_enable  gd32f10x_rtc.o
    0x08001550   0x08001550   0x00000012   Code   RO         1030    .text.rtc_interrupt_flag_clear  gd32f10x_rtc.o
    0x08001562   0x08001562   0x00000002   PAD
    0x08001564   0x08001564   0x00000012   Code   RO         1028    .text.rtc_interrupt_flag_get  gd32f10x_rtc.o
    0x08001576   0x08001576   0x00000002   PAD
    0x08001578   0x08001578   0x00000010   Code   RO         1014    .text.rtc_lwoff_wait  gd32f10x_rtc.o
    0x08001588   0x08001588   0x00000020   Code   RO         1012    .text.rtc_prescaler_set  gd32f10x_rtc.o
    0x080015a8   0x080015a8   0x00000018   Code   RO         1016    .text.rtc_register_sync_wait  gd32f10x_rtc.o
    0x080015c0   0x080015c0   0x0000001a   Code   RO           85    .text.sucKEY_Get_Value  mykey.o
    0x080015da   0x080015da   0x00000002   PAD
    0x080015dc   0x080015dc   0x0000007c   Code   RO           33    .text.svFLASH_Test  main.o
    0x08001658   0x08001658   0x0000005e   Code   RO          171    .text.svRTC_Config  myrtc.o
    0x080016b6   0x080016b6   0x00000002   PAD
    0x080016b8   0x080016b8   0x00000066   Code   RO          179    .text.svRTC_Get_Hour_Min_Sec  myrtc.o
    0x0800171e   0x0800171e   0x00000002   PAD
    0x08001720   0x08001720   0x0000004c   Code   RO          177    .text.svRTC_Get_Mon_Day  myrtc.o
    0x0800176c   0x0800176c   0x00000018   Code   RO          173    .text.svRTC_Time_Set  myrtc.o
    0x08001784   0x08001784   0x00000088   Code   RO           31    .text.svSYS_Id_Check  main.o
    0x0800180c   0x0800180c   0x00000022   Code   RO          115    .text.svUSART0_Again_Dma_Tx  myuart1.o
    0x0800182e   0x0800182e   0x00000002   PAD
    0x08001830   0x08001830   0x00000096   Code   RO          105    .text.svUSART0_Dma_Init  myuart1.o
    0x080018c6   0x080018c6   0x00000002   PAD
    0x080018c8   0x080018c8   0x0000001e   Code   RO          107    .text.svUSART0_Enable_Idle_Interrupt  myuart1.o
    0x080018e6   0x080018e6   0x00000002   PAD
    0x080018e8   0x080018e8   0x000000a0   Code   RO          210    .text.system_clock_108m_hxtal  system_gd32f10x.o
    0x08001988   0x08001988   0x00000008   Code   RO          208    .text.system_clock_config  system_gd32f10x.o
    0x08001990   0x08001990   0x0000002a   Code   RO           45    .text.systick_config  systick.o
    0x080019ba   0x080019ba   0x00000002   PAD
    0x080019bc   0x080019bc   0x0000000a   Code   RO         1222    .text.timer_auto_reload_shadow_enable  gd32f10x_timer.o
    0x080019c6   0x080019c6   0x00000002   PAD
    0x080019c8   0x080019c8   0x00000026   Code   RO         1264    .text.timer_break_config  gd32f10x_timer.o
    0x080019ee   0x080019ee   0x00000002   PAD
    0x080019f0   0x080019f0   0x0000003a   Code   RO         1306    .text.timer_channel_input_capture_prescaler_config  gd32f10x_timer.o
    0x08001a2a   0x08001a2a   0x00000002   PAD
    0x08001a2c   0x08001a2c   0x0000020a   Code   RO         1282    .text.timer_channel_output_config  gd32f10x_timer.o
    0x08001c36   0x08001c36   0x00000002   PAD
    0x08001c38   0x08001c38   0x0000003a   Code   RO         1284    .text.timer_channel_output_mode_config  gd32f10x_timer.o
    0x08001c72   0x08001c72   0x00000002   PAD
    0x08001c74   0x08001c74   0x0000000c   Code   RO         1286    .text.timer_channel_output_pulse_value_config  gd32f10x_timer.o
    0x08001c80   0x08001c80   0x0000003a   Code   RO         1288    .text.timer_channel_output_shadow_config  gd32f10x_timer.o
    0x08001cba   0x08001cba   0x00000002   PAD
    0x08001cbc   0x08001cbc   0x000000be   Code   RO         1212    .text.timer_deinit  gd32f10x_timer.o
    0x08001d7a   0x08001d7a   0x00000002   PAD
    0x08001d7c   0x08001d7c   0x0000000a   Code   RO         1218    .text.timer_enable  gd32f10x_timer.o
    0x08001d86   0x08001d86   0x00000002   PAD
    0x08001d88   0x08001d88   0x0000011c   Code   RO         1216    .text.timer_init    gd32f10x_timer.o
    0x08001ea4   0x08001ea4   0x0000014c   Code   RO         1310    .text.timer_input_pwm_capture_config  gd32f10x_timer.o
    0x08001ff0   0x08001ff0   0x00000010   Code   RO         1314    .text.timer_input_trigger_source_select  gd32f10x_timer.o
    0x08002000   0x08002000   0x00000008   Code   RO         1338    .text.timer_interrupt_enable  gd32f10x_timer.o
    0x08002008   0x08002008   0x00000006   Code   RO         1344    .text.timer_interrupt_flag_clear  gd32f10x_timer.o
    0x0800200e   0x0800200e   0x00000002   PAD
    0x08002010   0x08002010   0x00000016   Code   RO         1342    .text.timer_interrupt_flag_get  gd32f10x_timer.o
    0x08002026   0x08002026   0x00000002   PAD
    0x08002028   0x08002028   0x0000001c   Code   RO         1320    .text.timer_master_slave_mode_config  gd32f10x_timer.o
    0x08002044   0x08002044   0x00000012   Code   RO         1274    .text.timer_primary_output_config  gd32f10x_timer.o
    0x08002056   0x08002056   0x00000002   PAD
    0x08002058   0x08002058   0x00000010   Code   RO         1318    .text.timer_slave_mode_select  gd32f10x_timer.o
    0x08002068   0x08002068   0x00000012   Code   RO         1214    .text.timer_struct_para_init  gd32f10x_timer.o
    0x0800207a   0x0800207a   0x00000002   PAD
    0x0800207c   0x0800207c   0x0000003c   Code   RO          152    .text.usADC_Get_Value  myadc.o
    0x080020b8   0x080020b8   0x0000006a   Code   RO         1360    .text.usart_baudrate_set  gd32f10x_usart.o
    0x08002122   0x08002122   0x00000002   PAD
    0x08002124   0x08002124   0x00000008   Code   RO         1378    .text.usart_data_receive  gd32f10x_usart.o
    0x0800212c   0x0800212c   0x00000008   Code   RO         1376    .text.usart_data_transmit  gd32f10x_usart.o
    0x08002134   0x08002134   0x00000076   Code   RO         1358    .text.usart_deinit  gd32f10x_usart.o
    0x080021aa   0x080021aa   0x00000002   PAD
    0x080021ac   0x080021ac   0x00000014   Code   RO         1428    .text.usart_dma_receive_config  gd32f10x_usart.o
    0x080021c0   0x080021c0   0x0000000a   Code   RO         1368    .text.usart_enable  gd32f10x_usart.o
    0x080021ca   0x080021ca   0x00000002   PAD
    0x080021cc   0x080021cc   0x00000010   Code   RO         1432    .text.usart_flag_get  gd32f10x_usart.o
    0x080021dc   0x080021dc   0x00000014   Code   RO         1426    .text.usart_hardware_flow_cts_config  gd32f10x_usart.o
    0x080021f0   0x080021f0   0x00000014   Code   RO         1424    .text.usart_hardware_flow_rts_config  gd32f10x_usart.o
    0x08002204   0x08002204   0x00000018   Code   RO         1436    .text.usart_interrupt_enable  gd32f10x_usart.o
    0x0800221c   0x0800221c   0x00000022   Code   RO         1440    .text.usart_interrupt_flag_get  gd32f10x_usart.o
    0x0800223e   0x0800223e   0x00000002   PAD
    0x08002240   0x08002240   0x00000010   Code   RO         1362    .text.usart_parity_config  gd32f10x_usart.o
    0x08002250   0x08002250   0x0000000c   Code   RO         1374    .text.usart_receive_config  gd32f10x_usart.o
    0x0800225c   0x0800225c   0x00000010   Code   RO         1366    .text.usart_stop_bit_set  gd32f10x_usart.o
    0x0800226c   0x0800226c   0x0000000c   Code   RO         1372    .text.usart_transmit_config  gd32f10x_usart.o
    0x08002278   0x08002278   0x00000010   Code   RO         1364    .text.usart_word_length_set  gd32f10x_usart.o
    0x08002288   0x08002288   0x00000146   Code   RO          150    .text.vADC_Init     myadc.o
    0x080023ce   0x080023ce   0x00000002   PAD
    0x080023d0   0x080023d0   0x0000001a   Code   RO          192    .text.vDOG_Fwdgt_Init  mydog.o
    0x080023ea   0x080023ea   0x00000002   PAD
    0x080023ec   0x080023ec   0x0000002e   Code   RO          194    .text.vDOG_Wwdgt_Init  mydog.o
    0x0800241a   0x0800241a   0x00000002   PAD
    0x0800241c   0x0800241c   0x0000002c   Code   RO           81    .text.vKEY_Comply_Function  mykey.o
    0x08002448   0x08002448   0x0000004e   Code   RO           83    .text.vKEY_Exti_Init  mykey.o
    0x08002496   0x08002496   0x00000002   PAD
    0x08002498   0x08002498   0x00000020   Code   RO           77    .text.vKEY_Init     mykey.o
    0x080024b8   0x080024b8   0x0000006c   Code   RO           79    .text.vKey_Sacn     mykey.o
    0x08002524   0x08002524   0x00000030   Code   RO           66    .text.vLED_Control  myled.o
    0x08002554   0x08002554   0x0000002e   Code   RO           64    .text.vLED_Init     myled.o
    0x08002582   0x08002582   0x00000002   PAD
    0x08002584   0x08002584   0x00000042   Code   RO          169    .text.vRTC_Alarm_Create  myrtc.o
    0x080025c6   0x080025c6   0x00000002   PAD
    0x080025c8   0x080025c8   0x0000009c   Code   RO          167    .text.vRTC_Convert_Time  myrtc.o
    0x08002664   0x08002664   0x000000ec   Code   RO          165    .text.vRTC_Init     myrtc.o
    0x08002750   0x08002750   0x000001a4   Code   RO          132    .text.vTIMER0_Pwn_Init  mytimer.o
    0x080028f4   0x080028f4   0x00000138   Code   RO          128    .text.vTIMER1_Pwm_Init  mytimer.o
    0x08002a2c   0x08002a2c   0x000000a8   Code   RO          130    .text.vTIMER2_Init  mytimer.o
    0x08002ad4   0x08002ad4   0x00000066   Code   RO          126    .text.vTIMER5_init  mytimer.o
    0x08002b3a   0x08002b3a   0x00000002   PAD
    0x08002b3c   0x08002b3c   0x00000092   Code   RO          101    .text.vUART0_Init   myuart1.o
    0x08002bce   0x08002bce   0x00000002   PAD
    0x08002bd0   0x08002bd0   0x000000d0   Code   RO          103    .text.vUSART0_Data_Process  myuart1.o
    0x08002ca0   0x08002ca0   0x00000018   Code   RO         1458    .text.wwdgt_config  gd32f10x_wwdgt.o
    0x08002cb8   0x08002cb8   0x00000010   Code   RO         1456    .text.wwdgt_counter_update  gd32f10x_wwdgt.o
    0x08002cc8   0x08002cc8   0x00000012   Code   RO         1454    .text.wwdgt_enable  gd32f10x_wwdgt.o
    0x08002cda   0x08002cda   0x00000002   PAD
    0x08002cdc   0x08002cdc   0x0000000e   Code   RO         1462    .text.wwdgt_flag_clear  gd32f10x_wwdgt.o
    0x08002cea   0x08002cea   0x00000002   PAD
    0x08002cec   0x08002cec   0x00000012   Code   RO         1464    .text.wwdgt_interrupt_enable  gd32f10x_wwdgt.o
    0x08002cfe   0x08002cfe   0x00000002   PAD
    0x08002d00   0x08002d00   0x00000020   Code   RO         1698    i.__0printf$8       mc_w.l(printf8.o)
    0x08002d20   0x08002d20   0x0000000e   Code   RO         1811    i.__scatterload_copy  mc_w.l(handlers.o)
    0x08002d2e   0x08002d2e   0x00000002   Code   RO         1812    i.__scatterload_null  mc_w.l(handlers.o)
    0x08002d30   0x08002d30   0x0000000e   Code   RO         1813    i.__scatterload_zeroinit  mc_w.l(handlers.o)
    0x08002d3e   0x08002d3e   0x00000002   PAD
    0x08002d40   0x08002d40   0x00000410   Code   RO         1705    i._printf_core      mc_w.l(printf8.o)
    0x08003150   0x08003150   0x00000024   Code   RO         1706    i._printf_post_padding  mc_w.l(printf8.o)
    0x08003174   0x08003174   0x0000002e   Code   RO         1707    i._printf_pre_padding  mc_w.l(printf8.o)
    0x080031a2   0x080031a2   0x00000002   PAD
    0x080031a4   0x080031a4   0x00000024   Code   RO         1485    i.puts              mc_w.l(puts.o)
    0x080031c8   0x080031c8   0x00000030   Data   RO          182    .rodata.leapMoth    myrtc.o
    0x080031f8   0x080031f8   0x00000030   Data   RO          183    .rodata.norMoth     myrtc.o
    0x08003228   0x08003228   0x00000020   Data   RO         1810    Region$$Table       anon$$obj.o


    Execution Region RW_IRAM1 (Exec base: 0x20000000, Load base: 0x08003248, Size: 0x000004e8, Max: 0x00010000, ABSOLUTE)

    Exec Addr    Load Addr    Size         Type   Attr      Idx    E Section Name        Object

    0x20000000   0x08003248   0x00000004   Data   RW         1772    .data               mc_w.l(stdout.o)
    0x20000004   0x0800324c   0x00000020   Data   RW          156    .data.MyADC         myadc.o
    0x20000024   0x0800326c   0x00000008   Data   RW          198    .data.MyDog         mydog.o
    0x2000002c   0x08003274   0x00000018   Data   RW           89    .data.MyKey         mykey.o
    0x20000044   0x0800328c   0x0000000c   Data   RW           68    .data.MyLed         myled.o
    0x20000050   0x08003298   0x0000001c   Data   RW          181    .data.MyRTC         myrtc.o
    0x2000006c   0x080032b4   0x00000018   Data   RW          138    .data.MyTimer       mytimer.o
    0x20000084   0x080032cc   0x0000003c   Data   RW          117    .data.MyUart0       myuart1.o
    0x200000c0   0x08003308   0x00000004   Data   RW          212    .data.SystemCoreClock  system_gd32f10x.o
    0x200000c4   0x0800330c   0x00000004   PAD
    0x200000c8        -       0x00000001   Zero   RW           92    .bss.Key_Down       mykey.o
    0x200000c9        -       0x00000001   Zero   RW           93    .bss.Key_Up         mykey.o
    0x200000ca        -       0x00000001   Zero   RW           91    .bss.Key_Value      mykey.o
    0x200000cb        -       0x0000000c   Zero   RW           35    .bss.Sys_Id         main.o
    0x200000d7   0x0800330c   0x00000001   PAD
    0x200000d8        -       0x00000002   Zero   RW          140    .bss.TIMER5_IRQHandler.Adc_Cnt  mytimer.o
    0x200000da        -       0x00000002   Zero   RW          141    .bss.TIMER5_IRQHandler.Dog_Fwdgt_Cnt  mytimer.o
    0x200000dc        -       0x00000002   Zero   RW          139    .bss.TIMER5_IRQHandler.Led_Cnt  mytimer.o
    0x200000de   0x0800330c   0x00000002   PAD
    0x200000e0        -       0x00000004   Zero   RW           55    .bss.delay          systick.o
    0x200000e4        -       0x00000001   Zero   RW           90    .bss.vKey_Sacn.Key_Old  mykey.o
    0x200000e5   0x0800330c   0x00000003   PAD
    0x200000e8        -       0x00000400   Zero   RW         1473    STACK               startup_gd32f10x_hd.o


==============================================================================

Image component sizes


      Code (inc. data)   RO Data    RW Data    ZI Data      Debug   Object Name

       520          0          0          0          0       9029   gd32f10x_adc.o
       114          0          0          0          0       4121   gd32f10x_bkp.o
       512          0          0          0          0       8730   gd32f10x_dma.o
       186          0          0          0          0       3213   gd32f10x_exti.o
       584          0          0          0          0       8554   gd32f10x_fmc.o
       148          0          0          0          0       2327   gd32f10x_fwdgt.o
       332          0          0          0          0       5456   gd32f10x_gpio.o
        16          0          0          0          0        866   gd32f10x_it.o
       150          0          0          0          0       3355   gd32f10x_misc.o
        36          0          0          0          0       4072   gd32f10x_pmu.o
       682         28          0          0          0      11606   gd32f10x_rcu.o
       238          0          0          0          0       2876   gd32f10x_rtc.o
      1704         16          0          0          0      19197   gd32f10x_timer.o
       456          0          0          0          0       9172   gd32f10x_usart.o
        90          0          0          0          0       2336   gd32f10x_wwdgt.o
       458         76          0          0         12       1949   main.o
       434          0          0         32          0       4120   myadc.o
        86          0          0          8          0       3194   mydog.o
       326         12          0         24          4       4405   mykey.o
        94          0          0         12          0       1759   myled.o
       808         88         96         28          0       7193   myrtc.o
      1254          0          0         24          6       6483   mytimer.o
       740         60          0         60          0       6062   myuart1.o
        36          8        304          0       1024        816   startup_gd32f10x_hd.o
       344          0          0          4          0       1178   system_gd32f10x.o
       142          0          0          0          4       3942   systick.o

    ----------------------------------------------------------------------
     10676        288        432        192       1060     136011   Object Totals
         0          0         32          0          0          0   (incl. Generated)
       186          0          0          0         10          0   (incl. Padding)

    ----------------------------------------------------------------------

      Code (inc. data)   RO Data    RW Data    ZI Data      Debug   Library Member Name

         0          0          0          0          0          0   entry.o
         0          0          0          0          0          0   entry10a.o
         0          0          0          0          0          0   entry11a.o
         8          4          0          0          0          0   entry2.o
         4          0          0          0          0          0   entry5.o
         0          0          0          0          0          0   entry7b.o
         0          0          0          0          0          0   entry8b.o
         8          4          0          0          0          0   entry9a.o
        30          0          0          0          0          0   handlers.o
        36          8          0          0          0         68   init.o
         0          0          0          0          0          0   iusefp.o
        30          0          0          0          0         68   llshl.o
        32          0          0          0          0         68   llushr.o
        36          0          0          0          0        108   memseta.o
      1154         54          0          0          0        352   printf8.o
        36          6          0          0          0         80   puts.o
         0          0          0          4          0          0   stdout.o
        98          0          0          0          0         92   uldiv.o
       124          0          0          0          0         88   fdiv.o
       110          0          0          0          0        168   fepilogue.o
        40          0          0          0          0         68   ffixui.o
        10          0          0          0          0         68   ffltui.o

    ----------------------------------------------------------------------
      1764         76          0          4          0       1228   Library Totals
         8          0          0          0          0          0   (incl. Padding)

    ----------------------------------------------------------------------

      Code (inc. data)   RO Data    RW Data    ZI Data      Debug   Library Name

      1472         76          0          4          0        836   mc_w.l
       284          0          0          0          0        392   mf_w.l

    ----------------------------------------------------------------------
      1764         76          0          4          0       1228   Library Totals

    ----------------------------------------------------------------------

==============================================================================


      Code (inc. data)   RO Data    RW Data    ZI Data      Debug   

     12440        364        432        196       1060     136339   Grand Totals
     12440        364        432        196       1060     136339   ELF Image Totals
     12440        364        432        196          0          0   ROM Totals

==============================================================================

    Total RO  Size (Code + RO Data)                12872 (  12.57kB)
    Total RW  Size (RW Data + ZI Data)              1256 (   1.23kB)
    Total ROM Size (Code + RO Data + RW Data)      13068 (  12.76kB)

==============================================================================

