Component: ARM Compiler 6.16 Tool: armlink [5dfeaa00]

==============================================================================

Section Cross References

    gd32f10x_it.o(.ARM.exidx.text.NMI_Handler) refers to gd32f10x_it.o(.text.NMI_Handler) for [Anonymous Symbol]
    gd32f10x_it.o(.ARM.exidx.text.HardFault_Handler) refers to gd32f10x_it.o(.text.HardFault_Handler) for [Anonymous Symbol]
    gd32f10x_it.o(.ARM.exidx.text.MemManage_Handler) refers to gd32f10x_it.o(.text.MemManage_Handler) for [Anonymous Symbol]
    gd32f10x_it.o(.ARM.exidx.text.BusFault_Handler) refers to gd32f10x_it.o(.text.BusFault_Handler) for [Anonymous Symbol]
    gd32f10x_it.o(.ARM.exidx.text.UsageFault_Handler) refers to gd32f10x_it.o(.text.UsageFault_Handler) for [Anonymous Symbol]
    gd32f10x_it.o(.ARM.exidx.text.SVC_Handler) refers to gd32f10x_it.o(.text.SVC_Handler) for [Anonymous Symbol]
    gd32f10x_it.o(.ARM.exidx.text.DebugMon_Handler) refers to gd32f10x_it.o(.text.DebugMon_Handler) for [Anonymous Symbol]
    gd32f10x_it.o(.ARM.exidx.text.PendSV_Handler) refers to gd32f10x_it.o(.text.PendSV_Handler) for [Anonymous Symbol]
    gd32f10x_it.o(.text.SysTick_Handler) refers to main.o(.text.led_spark) for led_spark
    gd32f10x_it.o(.text.SysTick_Handler) refers to systick.o(.text.delay_decrement) for delay_decrement
    gd32f10x_it.o(.ARM.exidx.text.SysTick_Handler) refers to gd32f10x_it.o(.text.SysTick_Handler) for [Anonymous Symbol]
    main.o(.text.led_spark) refers to main.o(.bss.led_spark.timingdelaylocal) for led_spark.timingdelaylocal
    main.o(.text.led_spark) refers to gd32f10x_eval.o(.text.gd_eval_led_on) for gd_eval_led_on
    main.o(.text.led_spark) refers to gd32f10x_eval.o(.text.gd_eval_led_off) for gd_eval_led_off
    main.o(.ARM.exidx.text.led_spark) refers to main.o(.text.led_spark) for [Anonymous Symbol]
    main.o(.text.main) refers to systick.o(.text.systick_config) for systick_config
    main.o(.text.main) refers to gd32f10x_rcu.o(.text.rcu_periph_clock_enable) for rcu_periph_clock_enable
    main.o(.text.main) refers to gd32f10x_gpio.o(.text.gpio_init) for gpio_init
    main.o(.text.main) refers to gd32f10x_gpio.o(.text.gpio_bit_reset) for gpio_bit_reset
    main.o(.text.main) refers to systick.o(.text.delay_1ms) for delay_1ms
    main.o(.text.main) refers to gd32f10x_gpio.o(.text.gpio_bit_set) for gpio_bit_set
    main.o(.ARM.exidx.text.main) refers to main.o(.text.main) for [Anonymous Symbol]
    main.o(.text.fputc) refers to gd32f10x_usart.o(.text.usart_data_transmit) for usart_data_transmit
    main.o(.text.fputc) refers to gd32f10x_usart.o(.text.usart_flag_get) for usart_flag_get
    main.o(.ARM.exidx.text.fputc) refers to main.o(.text.fputc) for [Anonymous Symbol]
    systick.o(.text.systick_config) refers to system_gd32f10x.o(.data.SystemCoreClock) for SystemCoreClock
    systick.o(.text.systick_config) refers to systick.o(.text.SysTick_Config) for SysTick_Config
    systick.o(.text.systick_config) refers to systick.o(.text.NVIC_SetPriority) for NVIC_SetPriority
    systick.o(.ARM.exidx.text.systick_config) refers to systick.o(.text.systick_config) for [Anonymous Symbol]
    systick.o(.text.SysTick_Config) refers to systick.o(.text.NVIC_SetPriority) for NVIC_SetPriority
    systick.o(.ARM.exidx.text.SysTick_Config) refers to systick.o(.text.SysTick_Config) for [Anonymous Symbol]
    systick.o(.ARM.exidx.text.NVIC_SetPriority) refers to systick.o(.text.NVIC_SetPriority) for [Anonymous Symbol]
    systick.o(.text.delay_1ms) refers to systick.o(.bss.delay) for delay
    systick.o(.ARM.exidx.text.delay_1ms) refers to systick.o(.text.delay_1ms) for [Anonymous Symbol]
    systick.o(.text.delay_decrement) refers to systick.o(.bss.delay) for delay
    systick.o(.ARM.exidx.text.delay_decrement) refers to systick.o(.text.delay_decrement) for [Anonymous Symbol]
    system_gd32f10x.o(.text.SystemInit) refers to system_gd32f10x.o(.text.system_clock_config) for system_clock_config
    system_gd32f10x.o(.text.SystemInit) refers to gd32f10x_misc.o(.text.nvic_vector_table_set) for nvic_vector_table_set
    system_gd32f10x.o(.ARM.exidx.text.SystemInit) refers to system_gd32f10x.o(.text.SystemInit) for [Anonymous Symbol]
    system_gd32f10x.o(.text.system_clock_config) refers to system_gd32f10x.o(.text.system_clock_108m_hxtal) for system_clock_108m_hxtal
    system_gd32f10x.o(.ARM.exidx.text.system_clock_config) refers to system_gd32f10x.o(.text.system_clock_config) for [Anonymous Symbol]
    system_gd32f10x.o(.ARM.exidx.text.system_clock_108m_hxtal) refers to system_gd32f10x.o(.text.system_clock_108m_hxtal) for [Anonymous Symbol]
    gd32f10x_adc.o(.text.adc_deinit) refers to gd32f10x_rcu.o(.text.rcu_periph_reset_enable) for rcu_periph_reset_enable
    gd32f10x_adc.o(.text.adc_deinit) refers to gd32f10x_rcu.o(.text.rcu_periph_reset_disable) for rcu_periph_reset_disable
[...]
    Removing gd32f10x_dma.o(.text.dma_interrupt_flag_clear), (14 bytes).
    Removing gd32f10x_dma.o(.ARM.exidx.text.dma_interrupt_flag_clear), (8 bytes).
    Removing gd32f10x_dma.o(.text.dma_interrupt_enable), (34 bytes).
    Removing gd32f10x_dma.o(.ARM.exidx.text.dma_interrupt_enable), (8 bytes).
    Removing gd32f10x_dma.o(.text.dma_interrupt_disable), (34 bytes).
    Removing gd32f10x_dma.o(.ARM.exidx.text.dma_interrupt_disable), (8 bytes).
    Removing gd32f10x_enet.o(.text), (0 bytes).
    Removing gd32f10x_exmc.o(.text), (0 bytes).
    Removing gd32f10x_exmc.o(.text.exmc_norsram_deinit), (46 bytes).
    Removing gd32f10x_exmc.o(.ARM.exidx.text.exmc_norsram_deinit), (8 bytes).
    Removing gd32f10x_exmc.o(.text.exmc_norsram_init), (292 bytes).
    Removing gd32f10x_exmc.o(.ARM.exidx.text.exmc_norsram_init), (8 bytes).
    Removing gd32f10x_exmc.o(.text.exmc_norsram_struct_para_init), (74 bytes).
    Removing gd32f10x_exmc.o(.ARM.exidx.text.exmc_norsram_struct_para_init), (8 bytes).
    Removing gd32f10x_exmc.o(.text.exmc_norsram_enable), (18 bytes).
    Removing gd32f10x_exmc.o(.ARM.exidx.text.exmc_norsram_enable), (8 bytes).
    Removing gd32f10x_exmc.o(.text.exmc_norsram_disable), (18 bytes).
    Removing gd32f10x_exmc.o(.ARM.exidx.text.exmc_norsram_disable), (8 bytes).
    Removing gd32f10x_exmc.o(.text.exmc_nand_deinit), (30 bytes).
    Removing gd32f10x_exmc.o(.ARM.exidx.text.exmc_nand_deinit), (8 bytes).
    Removing gd32f10x_exmc.o(.text.exmc_nand_init), (140 bytes).
    Removing gd32f10x_exmc.o(.ARM.exidx.text.exmc_nand_init), (8 bytes).
    Removing gd32f10x_exmc.o(.text.exmc_nand_struct_para_init), (42 bytes).
    Removing gd32f10x_exmc.o(.ARM.exidx.text.exmc_nand_struct_para_init), (8 bytes).
    Removing gd32f10x_exmc.o(.text.exmc_nand_enable), (18 bytes).
    Removing gd32f10x_exmc.o(.ARM.exidx.text.exmc_nand_enable), (8 bytes).
    Removing gd32f10x_exmc.o(.text.exmc_nand_disable), (18 bytes).
    Removing gd32f10x_exmc.o(.ARM.exidx.text.exmc_nand_disable), (8 bytes).
    Removing gd32f10x_exmc.o(.text.exmc_nand_ecc_config), (24 bytes).
    Removing gd32f10x_exmc.o(.ARM.exidx.text.exmc_nand_ecc_config), (8 bytes).
    Removing gd32f10x_exmc.o(.text.exmc_ecc_get), (12 bytes).
    Removing gd32f10x_exmc.o(.ARM.exidx.text.exmc_ecc_get), (8 bytes).
    Removing gd32f10x_exmc.o(.text.exmc_pccard_deinit), (26 bytes).
    Removing gd32f10x_exmc.o(.ARM.exidx.text.exmc_pccard_deinit), (8 bytes).
    Removing gd32f10x_exmc.o(.text.exmc_pccard_init), (148 bytes).
    Removing gd32f10x_exmc.o(.ARM.exidx.text.exmc_pccard_init), (8 bytes).
    Removing gd32f10x_exmc.o(.text.exmc_pccard_struct_para_init), (42 bytes).
    Removing gd32f10x_exmc.o(.ARM.exidx.text.exmc_pccard_struct_para_init), (8 bytes).
    Removing gd32f10x_exmc.o(.text.exmc_pccard_enable), (16 bytes).
    Removing gd32f10x_exmc.o(.ARM.exidx.text.exmc_pccard_enable), (8 bytes).
    Removing gd32f10x_exmc.o(.text.exmc_pccard_disable), (16 bytes).
    Removing gd32f10x_exmc.o(.ARM.exidx.text.exmc_pccard_disable), (8 bytes).
    Removing gd32f10x_exmc.o(.text.exmc_interrupt_enable), (16 bytes).
    Removing gd32f10x_exmc.o(.ARM.exidx.text.exmc_interrupt_enable), (8 bytes).
    Removing gd32f10x_exmc.o(.text.exmc_interrupt_disable), (18 bytes).
    Removing gd32f10x_exmc.o(.ARM.exidx.text.exmc_interrupt_disable), (8 bytes).
    Removing gd32f10x_exmc.o(.text.exmc_flag_get), (22 bytes).
    Removing gd32f10x_exmc.o(.ARM.exidx.text.exmc_flag_get), (8 bytes).
    Removing gd32f10x_exmc.o(.text.exmc_flag_clear), (18 bytes).
    Removing gd32f10x_exmc.o(.ARM.exidx.text.exmc_flag_clear), (8 bytes).
    Removing gd32f10x_exmc.o(.text.exmc_interrupt_flag_get), (30 bytes).
    Removing gd32f10x_exmc.o(.ARM.exidx.text.exmc_interrupt_flag_get), (8 bytes).
    Removing gd32f10x_exmc.o(.text.exmc_interrupt_flag_clear), (18 bytes).
    Removing gd32f10x_exmc.o(.ARM.exidx.text.exmc_interrupt_flag_clear), (8 bytes).
    Removing gd32f10x_exti.o(.text), (0 bytes).
    Removing gd32f10x_exti.o(.text.exti_deinit), (22 bytes).
    Removing gd32f10x_exti.o(.ARM.exidx.text.exti_deinit), (8 bytes).
    Removing gd32f10x_exti.o(.text.exti_init), (156 bytes).
    Removing gd32f10x_exti.o(.ARM.exidx.text.exti_init), (8 bytes).
    Removing gd32f10x_exti.o(.text.exti_interrupt_enable), (16 bytes).
    Removing gd32f10x_exti.o(.ARM.exidx.text.exti_interrupt_enable), (8 bytes).
    Removing gd32f10x_exti.o(.text.exti_interrupt_disable), (18 bytes).
    Removing gd32f10x_exti.o(.ARM.exidx.text.exti_interrupt_disable), (8 bytes).
    Removing gd32f10x_exti.o(.text.exti_event_enable), (16 bytes).
    Removing gd32f10x_exti.o(.ARM.exidx.text.exti_event_enable), (8 bytes).
    Removing gd32f10x_exti.o(.text.exti_event_disable), (18 bytes).
    Removing gd32f10x_exti.o(.ARM.exidx.text.exti_event_disable), (8 bytes).
    Removing gd32f10x_exti.o(.text.exti_software_interrupt_enable), (16 bytes).
    Removing gd32f10x_exti.o(.ARM.exidx.text.exti_software_interrupt_enable), (8 bytes).
    Removing gd32f10x_exti.o(.text.exti_software_interrupt_disable), (18 bytes).
    Removing gd32f10x_exti.o(.ARM.exidx.text.exti_software_interrupt_disable), (8 bytes).
    Removing gd32f10x_exti.o(.text.exti_flag_get), (18 bytes).
    Removing gd32f10x_exti.o(.ARM.exidx.text.exti_flag_get), (8 bytes).
    Removing gd32f10x_exti.o(.text.exti_flag_clear), (12 bytes).
    Removing gd32f10x_exti.o(.ARM.exidx.text.exti_flag_clear), (8 bytes).
    Removing gd32f10x_exti.o(.text.exti_interrupt_flag_get), (18 bytes).
    Removing gd32f10x_exti.o(.ARM.exidx.text.exti_interrupt_flag_get), (8 bytes).
    Removing gd32f10x_exti.o(.text.exti_interrupt_flag_clear), (12 bytes).
    Removing gd32f10x_exti.o(.ARM.exidx.text.exti_interrupt_flag_clear), (8 bytes).
    Removing gd32f10x_fmc.o(.text), (0 bytes).
    Removing gd32f10x_fmc.o(.text.fmc_wscnt_set), (20 bytes).
    Removing gd32f10x_fmc.o(.ARM.exidx.text.fmc_wscnt_set), (8 bytes).
    Removing gd32f10x_fmc.o(.text.fmc_unlock), (80 bytes).
    Removing gd32f10x_fmc.o(.ARM.exidx.text.fmc_unlock), (8 bytes).
    Removing gd32f10x_fmc.o(.text.fmc_bank0_unlock), (38 bytes).
    Removing gd32f10x_fmc.o(.ARM.exidx.text.fmc_bank0_unlock), (8 bytes).
    Removing gd32f10x_fmc.o(.text.fmc_bank1_unlock), (38 bytes).
    Removing gd32f10x_fmc.o(.ARM.exidx.text.fmc_bank1_unlock), (8 bytes).
    Removing gd32f10x_fmc.o(.text.fmc_lock), (44 bytes).
    Removing gd32f10x_fmc.o(.ARM.exidx.text.fmc_lock), (8 bytes).
    Removing gd32f10x_fmc.o(.text.fmc_bank0_lock), (18 bytes).
    Removing gd32f10x_fmc.o(.ARM.exidx.text.fmc_bank0_lock), (8 bytes).
    Removing gd32f10x_fmc.o(.text.fmc_bank1_lock), (18 bytes).
    Removing gd32f10x_fmc.o(.ARM.exidx.text.fmc_bank1_lock), (8 bytes).
    Removing gd32f10x_fmc.o(.text.fmc_page_erase), (166 bytes).
    Removing gd32f10x_fmc.o(.ARM.exidx.text.fmc_page_erase), (8 bytes).
    Removing gd32f10x_fmc.o(.text.fmc_bank0_ready_wait), (24 bytes).
    Removing gd32f10x_fmc.o(.ARM.exidx.text.fmc_bank0_ready_wait), (8 bytes).
    Removing gd32f10x_fmc.o(.text.fmc_bank1_ready_wait), (24 bytes).
    Removing gd32f10x_fmc.o(.ARM.exidx.text.fmc_bank1_ready_wait), (8 bytes).
    Removing gd32f10x_fmc.o(.text.fmc_mass_erase), (170 bytes).
    Removing gd32f10x_fmc.o(.ARM.exidx.text.fmc_mass_erase), (8 bytes).
    Removing gd32f10x_fmc.o(.text.fmc_bank0_erase), (58 bytes).
    Removing gd32f10x_fmc.o(.ARM.exidx.text.fmc_bank0_erase), (8 bytes).
    Removing gd32f10x_fmc.o(.text.fmc_bank1_erase), (58 bytes).
    Removing gd32f10x_fmc.o(.ARM.exidx.text.fmc_bank1_erase), (8 bytes).
    Removing gd32f10x_fmc.o(.text.fmc_word_program), (144 bytes).
    Removing gd32f10x_fmc.o(.ARM.exidx.text.fmc_word_program), (8 bytes).
    Removing gd32f10x_fmc.o(.text.fmc_halfword_program), (144 bytes).
    Removing gd32f10x_fmc.o(.ARM.exidx.text.fmc_halfword_program), (8 bytes).
    Removing gd32f10x_fmc.o(.text.ob_unlock), (44 bytes).
    Removing gd32f10x_fmc.o(.ARM.exidx.text.ob_unlock), (8 bytes).
    Removing gd32f10x_fmc.o(.text.ob_lock), (18 bytes).
    Removing gd32f10x_fmc.o(.ARM.exidx.text.ob_lock), (8 bytes).
    Removing gd32f10x_fmc.o(.text.ob_erase), (122 bytes).
    Removing gd32f10x_fmc.o(.ARM.exidx.text.ob_erase), (8 bytes).
    Removing gd32f10x_fmc.o(.text.ob_spc_get), (16 bytes).
    Removing gd32f10x_fmc.o(.ARM.exidx.text.ob_spc_get), (8 bytes).
    Removing gd32f10x_fmc.o(.text.ob_write_protection_enable), (150 bytes).
    Removing gd32f10x_fmc.o(.ARM.exidx.text.ob_write_protection_enable), (8 bytes).
    Removing gd32f10x_fmc.o(.text.ob_security_protection_config), (114 bytes).
    Removing gd32f10x_fmc.o(.ARM.exidx.text.ob_security_protection_config), (8 bytes).
    Removing gd32f10x_fmc.o(.text.ob_user_write), (100 bytes).
    Removing gd32f10x_fmc.o(.ARM.exidx.text.ob_user_write), (8 bytes).
    Removing gd32f10x_fmc.o(.text.ob_data_program), (60 bytes).
    Removing gd32f10x_fmc.o(.ARM.exidx.text.ob_data_program), (8 bytes).
    Removing gd32f10x_fmc.o(.text.ob_user_get), (16 bytes).
    Removing gd32f10x_fmc.o(.ARM.exidx.text.ob_user_get), (8 bytes).
    Removing gd32f10x_fmc.o(.text.ob_data_get), (16 bytes).
    Removing gd32f10x_fmc.o(.ARM.exidx.text.ob_data_get), (8 bytes).
    Removing gd32f10x_fmc.o(.text.ob_write_protection_get), (12 bytes).
    Removing gd32f10x_fmc.o(.ARM.exidx.text.ob_write_protection_get), (8 bytes).
    Removing gd32f10x_fmc.o(.text.fmc_interrupt_enable), (30 bytes).
    Removing gd32f10x_fmc.o(.ARM.exidx.text.fmc_interrupt_enable), (8 bytes).
    Removing gd32f10x_fmc.o(.text.fmc_interrupt_disable), (32 bytes).
    Removing gd32f10x_fmc.o(.ARM.exidx.text.fmc_interrupt_disable), (8 bytes).
    Removing gd32f10x_fmc.o(.text.fmc_flag_get), (26 bytes).
    Removing gd32f10x_fmc.o(.ARM.exidx.text.fmc_flag_get), (8 bytes).
    Removing gd32f10x_fmc.o(.text.fmc_flag_clear), (30 bytes).
    Removing gd32f10x_fmc.o(.ARM.exidx.text.fmc_flag_clear), (8 bytes).
    Removing gd32f10x_fmc.o(.text.fmc_interrupt_flag_get), (62 bytes).
    Removing gd32f10x_fmc.o(.ARM.exidx.text.fmc_interrupt_flag_get), (8 bytes).
    Removing gd32f10x_fmc.o(.text.fmc_interrupt_flag_clear), (30 bytes).
    Removing gd32f10x_fmc.o(.ARM.exidx.text.fmc_interrupt_flag_clear), (8 bytes).
    Removing gd32f10x_fmc.o(.text.fmc_bank0_state_get), (36 bytes).
    Removing gd32f10x_fmc.o(.ARM.exidx.text.fmc_bank0_state_get), (8 bytes).
    Removing gd32f10x_fmc.o(.text.fmc_bank1_state_get), (36 bytes).
    Removing gd32f10x_fmc.o(.ARM.exidx.text.fmc_bank1_state_get), (8 bytes).
    Removing gd32f10x_fwdgt.o(.text), (0 bytes).
    Removing gd32f10x_fwdgt.o(.text.fwdgt_write_enable), (16 bytes).
    Removing gd32f10x_fwdgt.o(.ARM.exidx.text.fwdgt_write_enable), (8 bytes).
    Removing gd32f10x_fwdgt.o(.text.fwdgt_write_disable), (14 bytes).
    Removing gd32f10x_fwdgt.o(.ARM.exidx.text.fwdgt_write_disable), (8 bytes).
    Removing gd32f10x_fwdgt.o(.text.fwdgt_enable), (16 bytes).
    Removing gd32f10x_fwdgt.o(.ARM.exidx.text.fwdgt_enable), (8 bytes).
    Removing gd32f10x_fwdgt.o(.text.fwdgt_prescaler_value_config), (48 bytes).
    Removing gd32f10x_fwdgt.o(.ARM.exidx.text.fwdgt_prescaler_value_config), (8 bytes).
    Removing gd32f10x_fwdgt.o(.text.fwdgt_reload_value_config), (52 bytes).
    Removing gd32f10x_fwdgt.o(.ARM.exidx.text.fwdgt_reload_value_config), (8 bytes).
    Removing gd32f10x_fwdgt.o(.text.fwdgt_counter_reload), (16 bytes).
    Removing gd32f10x_fwdgt.o(.ARM.exidx.text.fwdgt_counter_reload), (8 bytes).
    Removing gd32f10x_fwdgt.o(.text.fwdgt_config), (100 bytes).
    Removing gd32f10x_fwdgt.o(.ARM.exidx.text.fwdgt_config), (8 bytes).
    Removing gd32f10x_fwdgt.o(.text.fwdgt_flag_get), (18 bytes).
    Removing gd32f10x_fwdgt.o(.ARM.exidx.text.fwdgt_flag_get), (8 bytes).
    Removing gd32f10x_gpio.o(.text), (0 bytes).
    Removing gd32f10x_gpio.o(.text.gpio_deinit), (88 bytes).
    Removing gd32f10x_gpio.o(.ARM.exidx.text.gpio_deinit), (8 bytes).
    Removing gd32f10x_gpio.o(.text.gpio_afio_deinit), (20 bytes).
    Removing gd32f10x_gpio.o(.ARM.exidx.text.gpio_afio_deinit), (8 bytes).
    Removing gd32f10x_gpio.o(.ARM.exidx.text.gpio_init), (8 bytes).
    Removing gd32f10x_gpio.o(.ARM.exidx.text.gpio_bit_set), (8 bytes).
    Removing gd32f10x_gpio.o(.ARM.exidx.text.gpio_bit_reset), (8 bytes).
    Removing gd32f10x_gpio.o(.text.gpio_bit_write), (12 bytes).
    Removing gd32f10x_gpio.o(.ARM.exidx.text.gpio_bit_write), (8 bytes).
    Removing gd32f10x_gpio.o(.text.gpio_port_write), (4 bytes).
    Removing gd32f10x_gpio.o(.ARM.exidx.text.gpio_port_write), (8 bytes).
    Removing gd32f10x_gpio.o(.text.gpio_input_bit_get), (10 bytes).
    Removing gd32f10x_gpio.o(.ARM.exidx.text.gpio_input_bit_get), (8 bytes).
    Removing gd32f10x_gpio.o(.text.gpio_input_port_get), (6 bytes).
    Removing gd32f10x_gpio.o(.ARM.exidx.text.gpio_input_port_get), (8 bytes).
    Removing gd32f10x_gpio.o(.text.gpio_output_bit_get), (10 bytes).
    Removing gd32f10x_gpio.o(.ARM.exidx.text.gpio_output_bit_get), (8 bytes).
    Removing gd32f10x_gpio.o(.text.gpio_output_port_get), (6 bytes).
    Removing gd32f10x_gpio.o(.ARM.exidx.text.gpio_output_port_get), (8 bytes).
    Removing gd32f10x_gpio.o(.text.gpio_pin_remap_config), (122 bytes).
    Removing gd32f10x_gpio.o(.ARM.exidx.text.gpio_pin_remap_config), (8 bytes).
    Removing gd32f10x_gpio.o(.text.gpio_exti_source_select), (132 bytes).
    Removing gd32f10x_gpio.o(.ARM.exidx.text.gpio_exti_source_select), (8 bytes).
    Removing gd32f10x_gpio.o(.text.gpio_event_output_config), (22 bytes).
    Removing gd32f10x_gpio.o(.ARM.exidx.text.gpio_event_output_config), (8 bytes).
    Removing gd32f10x_gpio.o(.text.gpio_event_output_enable), (16 bytes).
    Removing gd32f10x_gpio.o(.ARM.exidx.text.gpio_event_output_enable), (8 bytes).
    Removing gd32f10x_gpio.o(.text.gpio_event_output_disable), (16 bytes).
    Removing gd32f10x_gpio.o(.ARM.exidx.text.gpio_event_output_disable), (8 bytes).
    Removing gd32f10x_gpio.o(.text.gpio_pin_lock), (16 bytes).
    Removing gd32f10x_gpio.o(.ARM.exidx.text.gpio_pin_lock), (8 bytes).
    Removing gd32f10x_i2c.o(.text), (0 bytes).
    Removing gd32f10x_i2c.o(.text.i2c_deinit), (52 bytes).
    Removing gd32f10x_i2c.o(.ARM.exidx.text.i2c_deinit), (8 bytes).
    Removing gd32f10x_i2c.o(.text.i2c_clock_config), (220 bytes).
    Removing gd32f10x_i2c.o(.ARM.exidx.text.i2c_clock_config), (8 bytes).
    Removing gd32f10x_i2c.o(.text.i2c_mode_addr_config), (26 bytes).
    Removing gd32f10x_i2c.o(.ARM.exidx.text.i2c_mode_addr_config), (8 bytes).
    Removing gd32f10x_i2c.o(.text.i2c_smbus_type_config), (16 bytes).
    Removing gd32f10x_i2c.o(.ARM.exidx.text.i2c_smbus_type_config), (8 bytes).
    Removing gd32f10x_i2c.o(.text.i2c_ack_config), (12 bytes).
    Removing gd32f10x_i2c.o(.ARM.exidx.text.i2c_ack_config), (8 bytes).
    Removing gd32f10x_i2c.o(.text.i2c_ackpos_config), (12 bytes).
    Removing gd32f10x_i2c.o(.ARM.exidx.text.i2c_ackpos_config), (8 bytes).
    Removing gd32f10x_i2c.o(.text.i2c_master_addressing), (14 bytes).
    Removing gd32f10x_i2c.o(.ARM.exidx.text.i2c_master_addressing), (8 bytes).
    Removing gd32f10x_i2c.o(.text.i2c_dualaddr_enable), (10 bytes).
    Removing gd32f10x_i2c.o(.ARM.exidx.text.i2c_dualaddr_enable), (8 bytes).
    Removing gd32f10x_i2c.o(.text.i2c_dualaddr_disable), (10 bytes).
    Removing gd32f10x_i2c.o(.ARM.exidx.text.i2c_dualaddr_disable), (8 bytes).
    Removing gd32f10x_i2c.o(.text.i2c_enable), (10 bytes).
    Removing gd32f10x_i2c.o(.ARM.exidx.text.i2c_enable), (8 bytes).
    Removing gd32f10x_i2c.o(.text.i2c_disable), (10 bytes).
    Removing gd32f10x_i2c.o(.ARM.exidx.text.i2c_disable), (8 bytes).
    Removing gd32f10x_i2c.o(.text.i2c_start_on_bus), (10 bytes).
    Removing gd32f10x_i2c.o(.ARM.exidx.text.i2c_start_on_bus), (8 bytes).
    Removing gd32f10x_i2c.o(.text.i2c_stop_on_bus), (10 bytes).
    Removing gd32f10x_i2c.o(.ARM.exidx.text.i2c_stop_on_bus), (8 bytes).
    Removing gd32f10x_i2c.o(.text.i2c_data_transmit), (4 bytes).
    Removing gd32f10x_i2c.o(.ARM.exidx.text.i2c_data_transmit), (8 bytes).
    Removing gd32f10x_i2c.o(.text.i2c_data_receive), (6 bytes).
    Removing gd32f10x_i2c.o(.ARM.exidx.text.i2c_data_receive), (8 bytes).
    Removing gd32f10x_i2c.o(.text.i2c_dma_config), (12 bytes).
    Removing gd32f10x_i2c.o(.ARM.exidx.text.i2c_dma_config), (8 bytes).
    Removing gd32f10x_i2c.o(.text.i2c_dma_last_transfer_config), (12 bytes).
    Removing gd32f10x_i2c.o(.ARM.exidx.text.i2c_dma_last_transfer_config), (8 bytes).
    Removing gd32f10x_i2c.o(.text.i2c_stretch_scl_low_config), (12 bytes).
    Removing gd32f10x_i2c.o(.ARM.exidx.text.i2c_stretch_scl_low_config), (8 bytes).
    Removing gd32f10x_i2c.o(.text.i2c_slave_response_to_gcall_config), (12 bytes).
    Removing gd32f10x_i2c.o(.ARM.exidx.text.i2c_slave_response_to_gcall_config), (8 bytes).
    Removing gd32f10x_i2c.o(.text.i2c_software_reset_config), (12 bytes).
    Removing gd32f10x_i2c.o(.ARM.exidx.text.i2c_software_reset_config), (8 bytes).
    Removing gd32f10x_i2c.o(.text.i2c_pec_config), (12 bytes).
    Removing gd32f10x_i2c.o(.ARM.exidx.text.i2c_pec_config), (8 bytes).
    Removing gd32f10x_i2c.o(.text.i2c_pec_transfer_config), (12 bytes).
    Removing gd32f10x_i2c.o(.ARM.exidx.text.i2c_pec_transfer_config), (8 bytes).
    Removing gd32f10x_i2c.o(.text.i2c_pec_value_get), (8 bytes).
    Removing gd32f10x_i2c.o(.ARM.exidx.text.i2c_pec_value_get), (8 bytes).
    Removing gd32f10x_i2c.o(.text.i2c_smbus_alert_config), (12 bytes).
    Removing gd32f10x_i2c.o(.ARM.exidx.text.i2c_smbus_alert_config), (8 bytes).
    Removing gd32f10x_i2c.o(.text.i2c_smbus_arp_config), (12 bytes).
    Removing gd32f10x_i2c.o(.ARM.exidx.text.i2c_smbus_arp_config), (8 bytes).
    Removing gd32f10x_i2c.o(.text.i2c_flag_get), (16 bytes).
    Removing gd32f10x_i2c.o(.ARM.exidx.text.i2c_flag_get), (8 bytes).
    Removing gd32f10x_i2c.o(.text.i2c_flag_clear), (38 bytes).
    Removing gd32f10x_i2c.o(.ARM.exidx.text.i2c_flag_clear), (8 bytes).
    Removing gd32f10x_i2c.o(.text.i2c_interrupt_enable), (22 bytes).
    Removing gd32f10x_i2c.o(.ARM.exidx.text.i2c_interrupt_enable), (8 bytes).
    Removing gd32f10x_i2c.o(.text.i2c_interrupt_disable), (24 bytes).
    Removing gd32f10x_i2c.o(.ARM.exidx.text.i2c_interrupt_disable), (8 bytes).
    Removing gd32f10x_i2c.o(.text.i2c_interrupt_flag_get), (80 bytes).
    Removing gd32f10x_i2c.o(.ARM.exidx.text.i2c_interrupt_flag_get), (8 bytes).
    Removing gd32f10x_i2c.o(.text.i2c_interrupt_flag_clear), (42 bytes).
    Removing gd32f10x_i2c.o(.ARM.exidx.text.i2c_interrupt_flag_clear), (8 bytes).
    Removing gd32f10x_misc.o(.text), (0 bytes).
    Removing gd32f10x_misc.o(.text.nvic_priority_group_set), (20 bytes).
    Removing gd32f10x_misc.o(.ARM.exidx.text.nvic_priority_group_set), (8 bytes).
    Removing gd32f10x_misc.o(.text.nvic_irq_enable), (102 bytes).
    Removing gd32f10x_misc.o(.ARM.exidx.text.nvic_irq_enable), (8 bytes).
    Removing gd32f10x_misc.o(.text.nvic_irq_disable), (30 bytes).
    Removing gd32f10x_misc.o(.ARM.exidx.text.nvic_irq_disable), (8 bytes).
    Removing gd32f10x_misc.o(.ARM.exidx.text.nvic_vector_table_set), (8 bytes).
    Removing gd32f10x_misc.o(.text.system_lowpower_set), (16 bytes).
    Removing gd32f10x_misc.o(.ARM.exidx.text.system_lowpower_set), (8 bytes).
    Removing gd32f10x_misc.o(.text.system_lowpower_reset), (18 bytes).
    Removing gd32f10x_misc.o(.ARM.exidx.text.system_lowpower_reset), (8 bytes).
    Removing gd32f10x_misc.o(.text.systick_clksource_set), (24 bytes).
    Removing gd32f10x_misc.o(.ARM.exidx.text.systick_clksource_set), (8 bytes).
    Removing gd32f10x_pmu.o(.text), (0 bytes).
    Removing gd32f10x_pmu.o(.text.pmu_deinit), (20 bytes).
    Removing gd32f10x_pmu.o(.ARM.exidx.text.pmu_deinit), (8 bytes).
    Removing gd32f10x_pmu.o(.text.pmu_lvd_select), (40 bytes).
    Removing gd32f10x_pmu.o(.ARM.exidx.text.pmu_lvd_select), (8 bytes).
    Removing gd32f10x_pmu.o(.text.pmu_lvd_disable), (18 bytes).
    Removing gd32f10x_pmu.o(.ARM.exidx.text.pmu_lvd_disable), (8 bytes).
    Removing gd32f10x_pmu.o(.text.pmu_to_sleepmode), (26 bytes).
    Removing gd32f10x_pmu.o(.ARM.exidx.text.pmu_to_sleepmode), (8 bytes).
    Removing gd32f10x_pmu.o(.text.pmu_to_deepsleepmode), (202 bytes).
    Removing gd32f10x_pmu.o(.ARM.exidx.text.pmu_to_deepsleepmode), (8 bytes).
    Removing gd32f10x_pmu.o(.text.pmu_to_standbymode), (84 bytes).
    Removing gd32f10x_pmu.o(.ARM.exidx.text.pmu_to_standbymode), (8 bytes).
    Removing gd32f10x_pmu.o(.text.pmu_wakeup_pin_enable), (18 bytes).
    Removing gd32f10x_pmu.o(.ARM.exidx.text.pmu_wakeup_pin_enable), (8 bytes).
    Removing gd32f10x_pmu.o(.text.pmu_wakeup_pin_disable), (18 bytes).
    Removing gd32f10x_pmu.o(.ARM.exidx.text.pmu_wakeup_pin_disable), (8 bytes).
    Removing gd32f10x_pmu.o(.text.pmu_backup_write_enable), (18 bytes).
    Removing gd32f10x_pmu.o(.ARM.exidx.text.pmu_backup_write_enable), (8 bytes).
    Removing gd32f10x_pmu.o(.text.pmu_backup_write_disable), (18 bytes).
    Removing gd32f10x_pmu.o(.ARM.exidx.text.pmu_backup_write_disable), (8 bytes).
    Removing gd32f10x_pmu.o(.text.pmu_flag_get), (18 bytes).
    Removing gd32f10x_pmu.o(.ARM.exidx.text.pmu_flag_get), (8 bytes).
    Removing gd32f10x_pmu.o(.text.pmu_flag_clear), (30 bytes).
    Removing gd32f10x_pmu.o(.ARM.exidx.text.pmu_flag_clear), (8 bytes).
    Removing gd32f10x_pmu.o(.bss.pmu_to_deepsleepmode.reg_snap.0), (4 bytes).
    Removing gd32f10x_pmu.o(.bss.pmu_to_deepsleepmode.reg_snap.1), (4 bytes).
    Removing gd32f10x_pmu.o(.bss.pmu_to_deepsleepmode.reg_snap.2), (4 bytes).
    Removing gd32f10x_pmu.o(.bss.pmu_to_deepsleepmode.reg_snap.3), (4 bytes).
    Removing gd32f10x_rcu.o(.text), (0 bytes).
    Removing gd32f10x_rcu.o(.text.rcu_deinit), (74 bytes).
    Removing gd32f10x_rcu.o(.ARM.exidx.text.rcu_deinit), (8 bytes).
    Removing gd32f10x_rcu.o(.text.rcu_osci_stab_wait), (216 bytes).
    Removing gd32f10x_rcu.o(.ARM.exidx.text.rcu_osci_stab_wait), (8 bytes).
    Removing gd32f10x_rcu.o(.ARM.exidx.text.rcu_periph_clock_enable), (8 bytes).
    Removing gd32f10x_rcu.o(.text.rcu_periph_clock_disable), (32 bytes).
    Removing gd32f10x_rcu.o(.ARM.exidx.text.rcu_periph_clock_disable), (8 bytes).
    Removing gd32f10x_rcu.o(.text.rcu_periph_clock_sleep_enable), (30 bytes).
    Removing gd32f10x_rcu.o(.ARM.exidx.text.rcu_periph_clock_sleep_enable), (8 bytes).
    Removing gd32f10x_rcu.o(.text.rcu_periph_clock_sleep_disable), (32 bytes).
    Removing gd32f10x_rcu.o(.ARM.exidx.text.rcu_periph_clock_sleep_disable), (8 bytes).
    Removing gd32f10x_rcu.o(.text.rcu_periph_reset_enable), (30 bytes).
    Removing gd32f10x_rcu.o(.ARM.exidx.text.rcu_periph_reset_enable), (8 bytes).
    Removing gd32f10x_rcu.o(.text.rcu_periph_reset_disable), (32 bytes).
    Removing gd32f10x_rcu.o(.ARM.exidx.text.rcu_periph_reset_disable), (8 bytes).
    Removing gd32f10x_rcu.o(.text.rcu_bkp_reset_enable), (18 bytes).
    Removing gd32f10x_rcu.o(.ARM.exidx.text.rcu_bkp_reset_enable), (8 bytes).
    Removing gd32f10x_rcu.o(.text.rcu_bkp_reset_disable), (18 bytes).
    Removing gd32f10x_rcu.o(.ARM.exidx.text.rcu_bkp_reset_disable), (8 bytes).
    Removing gd32f10x_rcu.o(.text.rcu_system_clock_source_config), (20 bytes).
    Removing gd32f10x_rcu.o(.ARM.exidx.text.rcu_system_clock_source_config), (8 bytes).
    Removing gd32f10x_rcu.o(.text.rcu_system_clock_source_get), (16 bytes).
    Removing gd32f10x_rcu.o(.ARM.exidx.text.rcu_system_clock_source_get), (8 bytes).
    Removing gd32f10x_rcu.o(.text.rcu_ahb_clock_config), (20 bytes).
    Removing gd32f10x_rcu.o(.ARM.exidx.text.rcu_ahb_clock_config), (8 bytes).
    Removing gd32f10x_rcu.o(.text.rcu_apb1_clock_config), (20 bytes).
    Removing gd32f10x_rcu.o(.ARM.exidx.text.rcu_apb1_clock_config), (8 bytes).
    Removing gd32f10x_rcu.o(.text.rcu_apb2_clock_config), (20 bytes).
    Removing gd32f10x_rcu.o(.ARM.exidx.text.rcu_apb2_clock_config), (8 bytes).
    Removing gd32f10x_rcu.o(.text.rcu_ckout0_config), (20 bytes).
    Removing gd32f10x_rcu.o(.ARM.exidx.text.rcu_ckout0_config), (8 bytes).
    Removing gd32f10x_rcu.o(.text.rcu_pll_config), (32 bytes).
    Removing gd32f10x_rcu.o(.ARM.exidx.text.rcu_pll_config), (8 bytes).
    Removing gd32f10x_rcu.o(.text.rcu_predv0_config), (26 bytes).
    Removing gd32f10x_rcu.o(.ARM.exidx.text.rcu_predv0_config), (8 bytes).
    Removing gd32f10x_rcu.o(.text.rcu_adc_clock_config), (64 bytes).
    Removing gd32f10x_rcu.o(.ARM.exidx.text.rcu_adc_clock_config), (8 bytes).
    Removing gd32f10x_rcu.o(.text.rcu_usb_clock_config), (20 bytes).
    Removing gd32f10x_rcu.o(.ARM.exidx.text.rcu_usb_clock_config), (8 bytes).
    Removing gd32f10x_rcu.o(.text.rcu_rtc_clock_config), (20 bytes).
    Removing gd32f10x_rcu.o(.ARM.exidx.text.rcu_rtc_clock_config), (8 bytes).
    Removing gd32f10x_rcu.o(.text.rcu_flag_get), (26 bytes).
    Removing gd32f10x_rcu.o(.ARM.exidx.text.rcu_flag_get), (8 bytes).
    Removing gd32f10x_rcu.o(.text.rcu_all_reset_flag_clear), (18 bytes).
    Removing gd32f10x_rcu.o(.ARM.exidx.text.rcu_all_reset_flag_clear), (8 bytes).
    Removing gd32f10x_rcu.o(.text.rcu_interrupt_flag_get), (26 bytes).
    Removing gd32f10x_rcu.o(.ARM.exidx.text.rcu_interrupt_flag_get), (8 bytes).
    Removing gd32f10x_rcu.o(.text.rcu_interrupt_flag_clear), (30 bytes).
    Removing gd32f10x_rcu.o(.ARM.exidx.text.rcu_interrupt_flag_clear), (8 bytes).
    Removing gd32f10x_rcu.o(.text.rcu_interrupt_enable), (30 bytes).
    Removing gd32f10x_rcu.o(.ARM.exidx.text.rcu_interrupt_enable), (8 bytes).
    Removing gd32f10x_rcu.o(.text.rcu_interrupt_disable), (32 bytes).
    Removing gd32f10x_rcu.o(.ARM.exidx.text.rcu_interrupt_disable), (8 bytes).
    Removing gd32f10x_rcu.o(.text.rcu_osci_on), (30 bytes).
    Removing gd32f10x_rcu.o(.ARM.exidx.text.rcu_osci_on), (8 bytes).
    Removing gd32f10x_rcu.o(.text.rcu_osci_off), (32 bytes).
    Removing gd32f10x_rcu.o(.ARM.exidx.text.rcu_osci_off), (8 bytes).
    Removing gd32f10x_rcu.o(.text.rcu_osci_bypass_mode_enable), (64 bytes).
    Removing gd32f10x_rcu.o(.ARM.exidx.text.rcu_osci_bypass_mode_enable), (8 bytes).
    Removing gd32f10x_rcu.o(.text.rcu_osci_bypass_mode_disable), (64 bytes).
    Removing gd32f10x_rcu.o(.ARM.exidx.text.rcu_osci_bypass_mode_disable), (8 bytes).
    Removing gd32f10x_rcu.o(.text.rcu_hxtal_clock_monitor_enable), (18 bytes).
    Removing gd32f10x_rcu.o(.ARM.exidx.text.rcu_hxtal_clock_monitor_enable), (8 bytes).
    Removing gd32f10x_rcu.o(.text.rcu_hxtal_clock_monitor_disable), (18 bytes).
    Removing gd32f10x_rcu.o(.ARM.exidx.text.rcu_hxtal_clock_monitor_disable), (8 bytes).
    Removing gd32f10x_rcu.o(.text.rcu_irc8m_adjust_value_set), (26 bytes).
    Removing gd32f10x_rcu.o(.ARM.exidx.text.rcu_irc8m_adjust_value_set), (8 bytes).
    Removing gd32f10x_rcu.o(.text.rcu_deepsleep_voltage_set), (16 bytes).
    Removing gd32f10x_rcu.o(.ARM.exidx.text.rcu_deepsleep_voltage_set), (8 bytes).
    Removing gd32f10x_rcu.o(.text.rcu_clock_freq_get), (180 bytes).
    Removing gd32f10x_rcu.o(.ARM.exidx.text.rcu_clock_freq_get), (8 bytes).
    Removing gd32f10x_rtc.o(.text), (0 bytes).
    Removing gd32f10x_rtc.o(.text.rtc_configuration_mode_enter), (18 bytes).
    Removing gd32f10x_rtc.o(.ARM.exidx.text.rtc_configuration_mode_enter), (8 bytes).
    Removing gd32f10x_rtc.o(.text.rtc_configuration_mode_exit), (18 bytes).
    Removing gd32f10x_rtc.o(.ARM.exidx.text.rtc_configuration_mode_exit), (8 bytes).
    Removing gd32f10x_rtc.o(.text.rtc_counter_set), (30 bytes).
    Removing gd32f10x_rtc.o(.ARM.exidx.text.rtc_counter_set), (8 bytes).
    Removing gd32f10x_rtc.o(.text.rtc_prescaler_set), (32 bytes).
    Removing gd32f10x_rtc.o(.ARM.exidx.text.rtc_prescaler_set), (8 bytes).
    Removing gd32f10x_rtc.o(.text.rtc_lwoff_wait), (16 bytes).
    Removing gd32f10x_rtc.o(.ARM.exidx.text.rtc_lwoff_wait), (8 bytes).
    Removing gd32f10x_rtc.o(.text.rtc_register_sync_wait), (24 bytes).
    Removing gd32f10x_rtc.o(.ARM.exidx.text.rtc_register_sync_wait), (8 bytes).
    Removing gd32f10x_rtc.o(.text.rtc_alarm_config), (30 bytes).
    Removing gd32f10x_rtc.o(.ARM.exidx.text.rtc_alarm_config), (8 bytes).
    Removing gd32f10x_rtc.o(.text.rtc_counter_get), (18 bytes).
    Removing gd32f10x_rtc.o(.ARM.exidx.text.rtc_counter_get), (8 bytes).
    Removing gd32f10x_rtc.o(.text.rtc_divider_get), (22 bytes).
    Removing gd32f10x_rtc.o(.ARM.exidx.text.rtc_divider_get), (8 bytes).
    Removing gd32f10x_rtc.o(.text.rtc_flag_get), (18 bytes).
    Removing gd32f10x_rtc.o(.ARM.exidx.text.rtc_flag_get), (8 bytes).
    Removing gd32f10x_rtc.o(.text.rtc_flag_clear), (18 bytes).
    Removing gd32f10x_rtc.o(.ARM.exidx.text.rtc_flag_clear), (8 bytes).
    Removing gd32f10x_rtc.o(.text.rtc_interrupt_flag_get), (18 bytes).
    Removing gd32f10x_rtc.o(.ARM.exidx.text.rtc_interrupt_flag_get), (8 bytes).
    Removing gd32f10x_rtc.o(.text.rtc_interrupt_flag_clear), (18 bytes).
    Removing gd32f10x_rtc.o(.ARM.exidx.text.rtc_interrupt_flag_clear), (8 bytes).
    Removing gd32f10x_rtc.o(.text.rtc_interrupt_enable), (16 bytes).
    Removing gd32f10x_rtc.o(.ARM.exidx.text.rtc_interrupt_enable), (8 bytes).
    Removing gd32f10x_rtc.o(.text.rtc_interrupt_disable), (18 bytes).
    Removing gd32f10x_rtc.o(.ARM.exidx.text.rtc_interrupt_disable), (8 bytes).
    Removing gd32f10x_sdio.o(.text), (0 bytes).
    Removing gd32f10x_sdio.o(.text.sdio_deinit), (30 bytes).
    Removing gd32f10x_sdio.o(.ARM.exidx.text.sdio_deinit), (8 bytes).
    Removing gd32f10x_sdio.o(.text.sdio_clock_config), (36 bytes).
    Removing gd32f10x_sdio.o(.ARM.exidx.text.sdio_clock_config), (8 bytes).
    Removing gd32f10x_sdio.o(.text.sdio_hardware_clock_enable), (18 bytes).
    Removing gd32f10x_sdio.o(.ARM.exidx.text.sdio_hardware_clock_enable), (8 bytes).
    Removing gd32f10x_sdio.o(.text.sdio_hardware_clock_disable), (18 bytes).
    Removing gd32f10x_sdio.o(.ARM.exidx.text.sdio_hardware_clock_disable), (8 bytes).
    Removing gd32f10x_sdio.o(.text.sdio_bus_mode_set), (24 bytes).
    Removing gd32f10x_sdio.o(.ARM.exidx.text.sdio_bus_mode_set), (8 bytes).
    Removing gd32f10x_sdio.o(.text.sdio_power_state_set), (12 bytes).
    Removing gd32f10x_sdio.o(.ARM.exidx.text.sdio_power_state_set), (8 bytes).
    Removing gd32f10x_sdio.o(.text.sdio_power_state_get), (12 bytes).
    Removing gd32f10x_sdio.o(.ARM.exidx.text.sdio_power_state_get), (8 bytes).
    Removing gd32f10x_sdio.o(.text.sdio_clock_enable), (18 bytes).
    Removing gd32f10x_sdio.o(.ARM.exidx.text.sdio_clock_enable), (8 bytes).
    Removing gd32f10x_sdio.o(.text.sdio_clock_disable), (18 bytes).
    Removing gd32f10x_sdio.o(.ARM.exidx.text.sdio_clock_disable), (8 bytes).
    Removing gd32f10x_sdio.o(.text.sdio_command_response_config), (40 bytes).
    Removing gd32f10x_sdio.o(.ARM.exidx.text.sdio_command_response_config), (8 bytes).
    Removing gd32f10x_sdio.o(.text.sdio_wait_type_set), (24 bytes).
    Removing gd32f10x_sdio.o(.ARM.exidx.text.sdio_wait_type_set), (8 bytes).
    Removing gd32f10x_sdio.o(.text.sdio_csm_enable), (18 bytes).
    Removing gd32f10x_sdio.o(.ARM.exidx.text.sdio_csm_enable), (8 bytes).
    Removing gd32f10x_sdio.o(.text.sdio_csm_disable), (18 bytes).
    Removing gd32f10x_sdio.o(.ARM.exidx.text.sdio_csm_disable), (8 bytes).
    Removing gd32f10x_sdio.o(.text.sdio_command_index_get), (14 bytes).
    Removing gd32f10x_sdio.o(.ARM.exidx.text.sdio_command_index_get), (8 bytes).
    Removing gd32f10x_sdio.o(.text.sdio_response_get), (64 bytes).
    Removing gd32f10x_sdio.o(.ARM.exidx.text.sdio_response_get), (8 bytes).
    Removing gd32f10x_sdio.o(.text.sdio_data_config), (62 bytes).
    Removing gd32f10x_sdio.o(.ARM.exidx.text.sdio_data_config), (8 bytes).
    Removing gd32f10x_sdio.o(.text.sdio_data_transfer_config), (22 bytes).
    Removing gd32f10x_sdio.o(.ARM.exidx.text.sdio_data_transfer_config), (8 bytes).
    Removing gd32f10x_sdio.o(.text.sdio_dsm_enable), (18 bytes).
    Removing gd32f10x_sdio.o(.ARM.exidx.text.sdio_dsm_enable), (8 bytes).
    Removing gd32f10x_sdio.o(.text.sdio_dsm_disable), (18 bytes).
    Removing gd32f10x_sdio.o(.ARM.exidx.text.sdio_dsm_disable), (8 bytes).
    Removing gd32f10x_sdio.o(.text.sdio_data_write), (12 bytes).
    Removing gd32f10x_sdio.o(.ARM.exidx.text.sdio_data_write), (8 bytes).
    Removing gd32f10x_sdio.o(.text.sdio_data_read), (12 bytes).
    Removing gd32f10x_sdio.o(.ARM.exidx.text.sdio_data_read), (8 bytes).
    Removing gd32f10x_sdio.o(.text.sdio_data_counter_get), (12 bytes).
    Removing gd32f10x_sdio.o(.ARM.exidx.text.sdio_data_counter_get), (8 bytes).
    Removing gd32f10x_sdio.o(.text.sdio_fifo_counter_get), (12 bytes).
    Removing gd32f10x_sdio.o(.ARM.exidx.text.sdio_fifo_counter_get), (8 bytes).
    Removing gd32f10x_sdio.o(.text.sdio_dma_enable), (18 bytes).
    Removing gd32f10x_sdio.o(.ARM.exidx.text.sdio_dma_enable), (8 bytes).
    Removing gd32f10x_sdio.o(.text.sdio_dma_disable), (18 bytes).
    Removing gd32f10x_sdio.o(.ARM.exidx.text.sdio_dma_disable), (8 bytes).
    Removing gd32f10x_sdio.o(.text.sdio_flag_get), (18 bytes).
    Removing gd32f10x_sdio.o(.ARM.exidx.text.sdio_flag_get), (8 bytes).
    Removing gd32f10x_sdio.o(.text.sdio_flag_clear), (12 bytes).
    Removing gd32f10x_sdio.o(.ARM.exidx.text.sdio_flag_clear), (8 bytes).
    Removing gd32f10x_sdio.o(.text.sdio_interrupt_enable), (16 bytes).
    Removing gd32f10x_sdio.o(.ARM.exidx.text.sdio_interrupt_enable), (8 bytes).
    Removing gd32f10x_sdio.o(.text.sdio_interrupt_disable), (18 bytes).
    Removing gd32f10x_sdio.o(.ARM.exidx.text.sdio_interrupt_disable), (8 bytes).
    Removing gd32f10x_sdio.o(.text.sdio_interrupt_flag_get), (18 bytes).
    Removing gd32f10x_sdio.o(.ARM.exidx.text.sdio_interrupt_flag_get), (8 bytes).
    Removing gd32f10x_sdio.o(.text.sdio_interrupt_flag_clear), (12 bytes).
    Removing gd32f10x_sdio.o(.ARM.exidx.text.sdio_interrupt_flag_clear), (8 bytes).
    Removing gd32f10x_sdio.o(.text.sdio_readwait_enable), (18 bytes).
    Removing gd32f10x_sdio.o(.ARM.exidx.text.sdio_readwait_enable), (8 bytes).
    Removing gd32f10x_sdio.o(.text.sdio_readwait_disable), (18 bytes).
    Removing gd32f10x_sdio.o(.ARM.exidx.text.sdio_readwait_disable), (8 bytes).
    Removing gd32f10x_sdio.o(.text.sdio_stop_readwait_enable), (18 bytes).
    Removing gd32f10x_sdio.o(.ARM.exidx.text.sdio_stop_readwait_enable), (8 bytes).
    Removing gd32f10x_sdio.o(.text.sdio_stop_readwait_disable), (18 bytes).
    Removing gd32f10x_sdio.o(.ARM.exidx.text.sdio_stop_readwait_disable), (8 bytes).
    Removing gd32f10x_sdio.o(.text.sdio_readwait_type_set), (28 bytes).
    Removing gd32f10x_sdio.o(.ARM.exidx.text.sdio_readwait_type_set), (8 bytes).
    Removing gd32f10x_sdio.o(.text.sdio_operation_enable), (18 bytes).
    Removing gd32f10x_sdio.o(.ARM.exidx.text.sdio_operation_enable), (8 bytes).
    Removing gd32f10x_sdio.o(.text.sdio_operation_disable), (18 bytes).
    Removing gd32f10x_sdio.o(.ARM.exidx.text.sdio_operation_disable), (8 bytes).
    Removing gd32f10x_sdio.o(.text.sdio_suspend_enable), (18 bytes).
    Removing gd32f10x_sdio.o(.ARM.exidx.text.sdio_suspend_enable), (8 bytes).
    Removing gd32f10x_sdio.o(.text.sdio_suspend_disable), (18 bytes).
    Removing gd32f10x_sdio.o(.ARM.exidx.text.sdio_suspend_disable), (8 bytes).
    Removing gd32f10x_sdio.o(.text.sdio_ceata_command_enable), (18 bytes).
    Removing gd32f10x_sdio.o(.ARM.exidx.text.sdio_ceata_command_enable), (8 bytes).
    Removing gd32f10x_sdio.o(.text.sdio_ceata_command_disable), (18 bytes).
    Removing gd32f10x_sdio.o(.ARM.exidx.text.sdio_ceata_command_disable), (8 bytes).
    Removing gd32f10x_sdio.o(.text.sdio_ceata_interrupt_enable), (18 bytes).
    Removing gd32f10x_sdio.o(.ARM.exidx.text.sdio_ceata_interrupt_enable), (8 bytes).
    Removing gd32f10x_sdio.o(.text.sdio_ceata_interrupt_disable), (18 bytes).
    Removing gd32f10x_sdio.o(.ARM.exidx.text.sdio_ceata_interrupt_disable), (8 bytes).
    Removing gd32f10x_sdio.o(.text.sdio_ceata_command_completion_enable), (18 bytes).
    Removing gd32f10x_sdio.o(.ARM.exidx.text.sdio_ceata_command_completion_enable), (8 bytes).
    Removing gd32f10x_sdio.o(.text.sdio_ceata_command_completion_disable), (18 bytes).
    Removing gd32f10x_sdio.o(.ARM.exidx.text.sdio_ceata_command_completion_disable), (8 bytes).
    Removing gd32f10x_spi.o(.text), (0 bytes).
    Removing gd32f10x_spi.o(.text.spi_i2s_deinit), (70 bytes).
    Removing gd32f10x_spi.o(.ARM.exidx.text.spi_i2s_deinit), (8 bytes).
    Removing gd32f10x_spi.o(.text.spi_struct_para_init), (18 bytes).
    Removing gd32f10x_spi.o(.ARM.exidx.text.spi_struct_para_init), (8 bytes).
    Removing gd32f10x_spi.o(.text.spi_init), (52 bytes).
    Removing gd32f10x_spi.o(.ARM.exidx.text.spi_init), (8 bytes).
    Removing gd32f10x_spi.o(.text.spi_enable), (10 bytes).
    Removing gd32f10x_spi.o(.ARM.exidx.text.spi_enable), (8 bytes).
    Removing gd32f10x_spi.o(.text.spi_disable), (10 bytes).
    Removing gd32f10x_spi.o(.ARM.exidx.text.spi_disable), (8 bytes).
    Removing gd32f10x_spi.o(.text.i2s_init), (30 bytes).
    Removing gd32f10x_spi.o(.ARM.exidx.text.i2s_init), (8 bytes).
    Removing gd32f10x_spi.o(.text.i2s_psc_config), (110 bytes).
    Removing gd32f10x_spi.o(.ARM.exidx.text.i2s_psc_config), (8 bytes).
    Removing gd32f10x_spi.o(.text.i2s_enable), (10 bytes).
    Removing gd32f10x_spi.o(.ARM.exidx.text.i2s_enable), (8 bytes).
    Removing gd32f10x_spi.o(.text.i2s_disable), (10 bytes).
    Removing gd32f10x_spi.o(.ARM.exidx.text.i2s_disable), (8 bytes).
    Removing gd32f10x_spi.o(.text.spi_nss_output_enable), (10 bytes).
    Removing gd32f10x_spi.o(.ARM.exidx.text.spi_nss_output_enable), (8 bytes).
    Removing gd32f10x_spi.o(.text.spi_nss_output_disable), (10 bytes).
    Removing gd32f10x_spi.o(.ARM.exidx.text.spi_nss_output_disable), (8 bytes).
    Removing gd32f10x_spi.o(.text.spi_nss_internal_high), (10 bytes).
    Removing gd32f10x_spi.o(.ARM.exidx.text.spi_nss_internal_high), (8 bytes).
    Removing gd32f10x_spi.o(.text.spi_nss_internal_low), (10 bytes).
    Removing gd32f10x_spi.o(.ARM.exidx.text.spi_nss_internal_low), (8 bytes).
    Removing gd32f10x_spi.o(.text.spi_dma_enable), (18 bytes).
    Removing gd32f10x_spi.o(.ARM.exidx.text.spi_dma_enable), (8 bytes).
    Removing gd32f10x_spi.o(.text.spi_dma_disable), (22 bytes).
    Removing gd32f10x_spi.o(.ARM.exidx.text.spi_dma_disable), (8 bytes).
    Removing gd32f10x_spi.o(.text.spi_i2s_data_frame_format_config), (16 bytes).
    Removing gd32f10x_spi.o(.ARM.exidx.text.spi_i2s_data_frame_format_config), (8 bytes).
    Removing gd32f10x_spi.o(.text.spi_bidirectional_transfer_config), (20 bytes).
    Removing gd32f10x_spi.o(.ARM.exidx.text.spi_bidirectional_transfer_config), (8 bytes).
    Removing gd32f10x_spi.o(.text.spi_i2s_data_transmit), (4 bytes).
    Removing gd32f10x_spi.o(.ARM.exidx.text.spi_i2s_data_transmit), (8 bytes).
    Removing gd32f10x_spi.o(.text.spi_i2s_data_receive), (6 bytes).
    Removing gd32f10x_spi.o(.ARM.exidx.text.spi_i2s_data_receive), (8 bytes).
    Removing gd32f10x_spi.o(.text.spi_crc_polynomial_set), (12 bytes).
    Removing gd32f10x_spi.o(.ARM.exidx.text.spi_crc_polynomial_set), (8 bytes).
    Removing gd32f10x_spi.o(.text.spi_crc_polynomial_get), (6 bytes).
    Removing gd32f10x_spi.o(.ARM.exidx.text.spi_crc_polynomial_get), (8 bytes).
    Removing gd32f10x_spi.o(.text.spi_crc_on), (10 bytes).
    Removing gd32f10x_spi.o(.ARM.exidx.text.spi_crc_on), (8 bytes).
    Removing gd32f10x_spi.o(.text.spi_crc_off), (10 bytes).
    Removing gd32f10x_spi.o(.ARM.exidx.text.spi_crc_off), (8 bytes).
    Removing gd32f10x_spi.o(.text.spi_crc_next), (10 bytes).
    Removing gd32f10x_spi.o(.ARM.exidx.text.spi_crc_next), (8 bytes).
    Removing gd32f10x_spi.o(.text.spi_crc_get), (14 bytes).
    Removing gd32f10x_spi.o(.ARM.exidx.text.spi_crc_get), (8 bytes).
    Removing gd32f10x_spi.o(.text.spi_crc_error_clear), (8 bytes).
    Removing gd32f10x_spi.o(.ARM.exidx.text.spi_crc_error_clear), (8 bytes).
    Removing gd32f10x_spi.o(.text.spi_i2s_flag_get), (10 bytes).
    Removing gd32f10x_spi.o(.ARM.exidx.text.spi_i2s_flag_get), (8 bytes).
    Removing gd32f10x_spi.o(.text.spi_i2s_interrupt_enable), (8 bytes).
    Removing gd32f10x_spi.o(.ARM.exidx.text.spi_i2s_interrupt_enable), (8 bytes).
    Removing gd32f10x_spi.o(.text.spi_i2s_interrupt_disable), (10 bytes).
    Removing gd32f10x_spi.o(.ARM.exidx.text.spi_i2s_interrupt_disable), (8 bytes).
    Removing gd32f10x_spi.o(.text.spi_i2s_interrupt_flag_get), (92 bytes).
    Removing gd32f10x_spi.o(.ARM.exidx.text.spi_i2s_interrupt_flag_get), (8 bytes).
    Removing gd32f10x_timer.o(.text), (0 bytes).
    Removing gd32f10x_timer.o(.text.timer_deinit), (190 bytes).
    Removing gd32f10x_timer.o(.ARM.exidx.text.timer_deinit), (8 bytes).
    Removing gd32f10x_timer.o(.text.timer_struct_para_init), (18 bytes).
    Removing gd32f10x_timer.o(.ARM.exidx.text.timer_struct_para_init), (8 bytes).
    Removing gd32f10x_timer.o(.text.timer_init), (284 bytes).
    Removing gd32f10x_timer.o(.ARM.exidx.text.timer_init), (8 bytes).
    Removing gd32f10x_timer.o(.text.timer_enable), (10 bytes).
    Removing gd32f10x_timer.o(.ARM.exidx.text.timer_enable), (8 bytes).
    Removing gd32f10x_timer.o(.text.timer_disable), (10 bytes).
    Removing gd32f10x_timer.o(.ARM.exidx.text.timer_disable), (8 bytes).
    Removing gd32f10x_timer.o(.text.timer_auto_reload_shadow_enable), (10 bytes).
    Removing gd32f10x_timer.o(.ARM.exidx.text.timer_auto_reload_shadow_enable), (8 bytes).
    Removing gd32f10x_timer.o(.text.timer_auto_reload_shadow_disable), (10 bytes).
    Removing gd32f10x_timer.o(.ARM.exidx.text.timer_auto_reload_shadow_disable), (8 bytes).
    Removing gd32f10x_timer.o(.text.timer_update_event_enable), (10 bytes).
    Removing gd32f10x_timer.o(.ARM.exidx.text.timer_update_event_enable), (8 bytes).
    Removing gd32f10x_timer.o(.text.timer_update_event_disable), (10 bytes).
    Removing gd32f10x_timer.o(.ARM.exidx.text.timer_update_event_disable), (8 bytes).
    Removing gd32f10x_timer.o(.text.timer_counter_alignment), (16 bytes).
    Removing gd32f10x_timer.o(.ARM.exidx.text.timer_counter_alignment), (8 bytes).
    Removing gd32f10x_timer.o(.text.timer_counter_up_direction), (10 bytes).
    Removing gd32f10x_timer.o(.ARM.exidx.text.timer_counter_up_direction), (8 bytes).
    Removing gd32f10x_timer.o(.text.timer_counter_down_direction), (10 bytes).
    Removing gd32f10x_timer.o(.ARM.exidx.text.timer_counter_down_direction), (8 bytes).
    Removing gd32f10x_timer.o(.text.timer_prescaler_config), (18 bytes).
    Removing gd32f10x_timer.o(.ARM.exidx.text.timer_prescaler_config), (8 bytes).
    Removing gd32f10x_timer.o(.text.timer_repetition_value_config), (4 bytes).
    Removing gd32f10x_timer.o(.ARM.exidx.text.timer_repetition_value_config), (8 bytes).
    Removing gd32f10x_timer.o(.text.timer_autoreload_value_config), (4 bytes).
    Removing gd32f10x_timer.o(.ARM.exidx.text.timer_autoreload_value_config), (8 bytes).
    Removing gd32f10x_timer.o(.text.timer_counter_value_config), (4 bytes).
    Removing gd32f10x_timer.o(.ARM.exidx.text.timer_counter_value_config), (8 bytes).
    Removing gd32f10x_timer.o(.text.timer_counter_read), (4 bytes).
    Removing gd32f10x_timer.o(.ARM.exidx.text.timer_counter_read), (8 bytes).
    Removing gd32f10x_timer.o(.text.timer_prescaler_read), (6 bytes).
    Removing gd32f10x_timer.o(.ARM.exidx.text.timer_prescaler_read), (8 bytes).
    Removing gd32f10x_timer.o(.text.timer_single_pulse_mode_config), (28 bytes).
    Removing gd32f10x_timer.o(.ARM.exidx.text.timer_single_pulse_mode_config), (8 bytes).
    Removing gd32f10x_timer.o(.text.timer_update_source_config), (28 bytes).
    Removing gd32f10x_timer.o(.ARM.exidx.text.timer_update_source_config), (8 bytes).
    Removing gd32f10x_timer.o(.text.timer_dma_enable), (8 bytes).
    Removing gd32f10x_timer.o(.ARM.exidx.text.timer_dma_enable), (8 bytes).
    Removing gd32f10x_timer.o(.text.timer_dma_disable), (10 bytes).
    Removing gd32f10x_timer.o(.ARM.exidx.text.timer_dma_disable), (8 bytes).
    Removing gd32f10x_timer.o(.text.timer_channel_dma_request_source_select), (28 bytes).
    Removing gd32f10x_timer.o(.ARM.exidx.text.timer_channel_dma_request_source_select), (8 bytes).
    Removing gd32f10x_timer.o(.text.timer_dma_transfer_config), (24 bytes).
    Removing gd32f10x_timer.o(.ARM.exidx.text.timer_dma_transfer_config), (8 bytes).
    Removing gd32f10x_timer.o(.text.timer_event_software_generate), (8 bytes).
    Removing gd32f10x_timer.o(.ARM.exidx.text.timer_event_software_generate), (8 bytes).
    Removing gd32f10x_timer.o(.text.timer_break_struct_para_init), (12 bytes).
    Removing gd32f10x_timer.o(.ARM.exidx.text.timer_break_struct_para_init), (8 bytes).
    Removing gd32f10x_timer.o(.text.timer_break_config), (38 bytes).
    Removing gd32f10x_timer.o(.ARM.exidx.text.timer_break_config), (8 bytes).
    Removing gd32f10x_timer.o(.text.timer_break_enable), (10 bytes).
    Removing gd32f10x_timer.o(.ARM.exidx.text.timer_break_enable), (8 bytes).
    Removing gd32f10x_timer.o(.text.timer_break_disable), (10 bytes).
    Removing gd32f10x_timer.o(.ARM.exidx.text.timer_break_disable), (8 bytes).
    Removing gd32f10x_timer.o(.text.timer_automatic_output_enable), (10 bytes).
    Removing gd32f10x_timer.o(.ARM.exidx.text.timer_automatic_output_enable), (8 bytes).
    Removing gd32f10x_timer.o(.text.timer_automatic_output_disable), (10 bytes).
    Removing gd32f10x_timer.o(.ARM.exidx.text.timer_automatic_output_disable), (8 bytes).
    Removing gd32f10x_timer.o(.text.timer_primary_output_config), (18 bytes).
    Removing gd32f10x_timer.o(.ARM.exidx.text.timer_primary_output_config), (8 bytes).
    Removing gd32f10x_timer.o(.text.timer_channel_control_shadow_config), (16 bytes).
    Removing gd32f10x_timer.o(.ARM.exidx.text.timer_channel_control_shadow_config), (8 bytes).
    Removing gd32f10x_timer.o(.text.timer_channel_control_shadow_update_config), (30 bytes).
    Removing gd32f10x_timer.o(.ARM.exidx.text.timer_channel_control_shadow_update_config), (8 bytes).
    Removing gd32f10x_timer.o(.text.timer_channel_output_struct_para_init), (10 bytes).
    Removing gd32f10x_timer.o(.ARM.exidx.text.timer_channel_output_struct_para_init), (8 bytes).
    Removing gd32f10x_timer.o(.text.timer_channel_output_config), (522 bytes).
    Removing gd32f10x_timer.o(.ARM.exidx.text.timer_channel_output_config), (8 bytes).
    Removing gd32f10x_timer.o(.text.timer_channel_output_mode_config), (58 bytes).
    Removing gd32f10x_timer.o(.ARM.exidx.text.timer_channel_output_mode_config), (8 bytes).
    Removing gd32f10x_timer.o(.text.timer_channel_output_pulse_value_config), (12 bytes).
    Removing gd32f10x_timer.o(.ARM.exidx.text.timer_channel_output_pulse_value_config), (8 bytes).
    Removing gd32f10x_timer.o(.text.timer_channel_output_shadow_config), (58 bytes).
    Removing gd32f10x_timer.o(.ARM.exidx.text.timer_channel_output_shadow_config), (8 bytes).
    Removing gd32f10x_timer.o(.text.timer_channel_output_fast_config), (58 bytes).
    Removing gd32f10x_timer.o(.ARM.exidx.text.timer_channel_output_fast_config), (8 bytes).
    Removing gd32f10x_timer.o(.text.timer_channel_output_clear_config), (58 bytes).
    Removing gd32f10x_timer.o(.ARM.exidx.text.timer_channel_output_clear_config), (8 bytes).
    Removing gd32f10x_timer.o(.text.timer_channel_output_polarity_config), (74 bytes).
    Removing gd32f10x_timer.o(.ARM.exidx.text.timer_channel_output_polarity_config), (8 bytes).
    Removing gd32f10x_timer.o(.text.timer_channel_complementary_output_polarity_config), (60 bytes).
    Removing gd32f10x_timer.o(.ARM.exidx.text.timer_channel_complementary_output_polarity_config), (8 bytes).
    Removing gd32f10x_timer.o(.text.timer_channel_output_state_config), (74 bytes).
    Removing gd32f10x_timer.o(.ARM.exidx.text.timer_channel_output_state_config), (8 bytes).
    Removing gd32f10x_timer.o(.text.timer_channel_complementary_output_state_config), (60 bytes).
    Removing gd32f10x_timer.o(.ARM.exidx.text.timer_channel_complementary_output_state_config), (8 bytes).
    Removing gd32f10x_timer.o(.text.timer_channel_input_struct_para_init), (12 bytes).
    Removing gd32f10x_timer.o(.ARM.exidx.text.timer_channel_input_struct_para_init), (8 bytes).
    Removing gd32f10x_timer.o(.text.timer_input_capture_config), (298 bytes).
    Removing gd32f10x_timer.o(.ARM.exidx.text.timer_input_capture_config), (8 bytes).
    Removing gd32f10x_timer.o(.text.timer_channel_input_capture_prescaler_config), (58 bytes).
    Removing gd32f10x_timer.o(.ARM.exidx.text.timer_channel_input_capture_prescaler_config), (8 bytes).
    Removing gd32f10x_timer.o(.text.timer_channel_capture_value_register_read), (14 bytes).
    Removing gd32f10x_timer.o(.ARM.exidx.text.timer_channel_capture_value_register_read), (8 bytes).
    Removing gd32f10x_timer.o(.text.timer_input_pwm_capture_config), (332 bytes).
    Removing gd32f10x_timer.o(.ARM.exidx.text.timer_input_pwm_capture_config), (8 bytes).
    Removing gd32f10x_timer.o(.text.timer_hall_mode_config), (28 bytes).
    Removing gd32f10x_timer.o(.ARM.exidx.text.timer_hall_mode_config), (8 bytes).
    Removing gd32f10x_timer.o(.text.timer_input_trigger_source_select), (16 bytes).
    Removing gd32f10x_timer.o(.ARM.exidx.text.timer_input_trigger_source_select), (8 bytes).
    Removing gd32f10x_timer.o(.text.timer_master_output_trigger_source_select), (16 bytes).
    Removing gd32f10x_timer.o(.ARM.exidx.text.timer_master_output_trigger_source_select), (8 bytes).
    Removing gd32f10x_timer.o(.text.timer_slave_mode_select), (16 bytes).
    Removing gd32f10x_timer.o(.ARM.exidx.text.timer_slave_mode_select), (8 bytes).
    Removing gd32f10x_timer.o(.text.timer_master_slave_mode_config), (28 bytes).
    Removing gd32f10x_timer.o(.ARM.exidx.text.timer_master_slave_mode_config), (8 bytes).
    Removing gd32f10x_timer.o(.text.timer_external_trigger_config), (34 bytes).
    Removing gd32f10x_timer.o(.ARM.exidx.text.timer_external_trigger_config), (8 bytes).
    Removing gd32f10x_timer.o(.text.timer_quadrature_decoder_mode_config), (78 bytes).
    Removing gd32f10x_timer.o(.ARM.exidx.text.timer_quadrature_decoder_mode_config), (8 bytes).
    Removing gd32f10x_timer.o(.text.timer_internal_clock_config), (10 bytes).
    Removing gd32f10x_timer.o(.ARM.exidx.text.timer_internal_clock_config), (8 bytes).
    Removing gd32f10x_timer.o(.text.timer_internal_trigger_as_external_clock_config), (26 bytes).
    Removing gd32f10x_timer.o(.ARM.exidx.text.timer_internal_trigger_as_external_clock_config), (8 bytes).
    Removing gd32f10x_timer.o(.text.timer_external_trigger_as_external_clock_config), (146 bytes).
    Removing gd32f10x_timer.o(.ARM.exidx.text.timer_external_trigger_as_external_clock_config), (8 bytes).
    Removing gd32f10x_timer.o(.text.timer_external_clock_mode0_config), (26 bytes).
    Removing gd32f10x_timer.o(.ARM.exidx.text.timer_external_clock_mode0_config), (8 bytes).
    Removing gd32f10x_timer.o(.text.timer_external_clock_mode1_config), (18 bytes).
    Removing gd32f10x_timer.o(.ARM.exidx.text.timer_external_clock_mode1_config), (8 bytes).
    Removing gd32f10x_timer.o(.text.timer_external_clock_mode1_disable), (10 bytes).
    Removing gd32f10x_timer.o(.ARM.exidx.text.timer_external_clock_mode1_disable), (8 bytes).
    Removing gd32f10x_timer.o(.text.timer_interrupt_enable), (8 bytes).
    Removing gd32f10x_timer.o(.ARM.exidx.text.timer_interrupt_enable), (8 bytes).
    Removing gd32f10x_timer.o(.text.timer_interrupt_disable), (10 bytes).
    Removing gd32f10x_timer.o(.ARM.exidx.text.timer_interrupt_disable), (8 bytes).
    Removing gd32f10x_timer.o(.text.timer_interrupt_flag_get), (22 bytes).
    Removing gd32f10x_timer.o(.ARM.exidx.text.timer_interrupt_flag_get), (8 bytes).
    Removing gd32f10x_timer.o(.text.timer_interrupt_flag_clear), (6 bytes).
    Removing gd32f10x_timer.o(.ARM.exidx.text.timer_interrupt_flag_clear), (8 bytes).
    Removing gd32f10x_timer.o(.text.timer_flag_get), (10 bytes).
    Removing gd32f10x_timer.o(.ARM.exidx.text.timer_flag_get), (8 bytes).
    Removing gd32f10x_timer.o(.text.timer_flag_clear), (6 bytes).
    Removing gd32f10x_timer.o(.ARM.exidx.text.timer_flag_clear), (8 bytes).
    Removing gd32f10x_usart.o(.text), (0 bytes).
    Removing gd32f10x_usart.o(.text.usart_deinit), (118 bytes).
    Removing gd32f10x_usart.o(.ARM.exidx.text.usart_deinit), (8 bytes).
    Removing gd32f10x_usart.o(.text.usart_baudrate_set), (106 bytes).
    Removing gd32f10x_usart.o(.ARM.exidx.text.usart_baudrate_set), (8 bytes).
    Removing gd32f10x_usart.o(.text.usart_parity_config), (16 bytes).
    Removing gd32f10x_usart.o(.ARM.exidx.text.usart_parity_config), (8 bytes).
    Removing gd32f10x_usart.o(.text.usart_word_length_set), (16 bytes).
    Removing gd32f10x_usart.o(.ARM.exidx.text.usart_word_length_set), (8 bytes).
    Removing gd32f10x_usart.o(.text.usart_stop_bit_set), (16 bytes).
    Removing gd32f10x_usart.o(.ARM.exidx.text.usart_stop_bit_set), (8 bytes).
    Removing gd32f10x_usart.o(.text.usart_enable), (10 bytes).
    Removing gd32f10x_usart.o(.ARM.exidx.text.usart_enable), (8 bytes).
    Removing gd32f10x_usart.o(.text.usart_disable), (10 bytes).
    Removing gd32f10x_usart.o(.ARM.exidx.text.usart_disable), (8 bytes).
    Removing gd32f10x_usart.o(.text.usart_transmit_config), (12 bytes).
    Removing gd32f10x_usart.o(.ARM.exidx.text.usart_transmit_config), (8 bytes).
    Removing gd32f10x_usart.o(.text.usart_receive_config), (12 bytes).
    Removing gd32f10x_usart.o(.ARM.exidx.text.usart_receive_config), (8 bytes).
    Removing gd32f10x_usart.o(.text.usart_data_transmit), (8 bytes).
    Removing gd32f10x_usart.o(.ARM.exidx.text.usart_data_transmit), (8 bytes).
    Removing gd32f10x_usart.o(.text.usart_data_receive), (8 bytes).
    Removing gd32f10x_usart.o(.ARM.exidx.text.usart_data_receive), (8 bytes).
    Removing gd32f10x_usart.o(.text.usart_address_config), (20 bytes).
    Removing gd32f10x_usart.o(.ARM.exidx.text.usart_address_config), (8 bytes).
    Removing gd32f10x_usart.o(.text.usart_mute_mode_enable), (10 bytes).
    Removing gd32f10x_usart.o(.ARM.exidx.text.usart_mute_mode_enable), (8 bytes).
    Removing gd32f10x_usart.o(.text.usart_mute_mode_disable), (10 bytes).
    Removing gd32f10x_usart.o(.ARM.exidx.text.usart_mute_mode_disable), (8 bytes).
    Removing gd32f10x_usart.o(.text.usart_mute_mode_wakeup_config), (16 bytes).
    Removing gd32f10x_usart.o(.ARM.exidx.text.usart_mute_mode_wakeup_config), (8 bytes).
    Removing gd32f10x_usart.o(.text.usart_lin_mode_enable), (10 bytes).
    Removing gd32f10x_usart.o(.ARM.exidx.text.usart_lin_mode_enable), (8 bytes).
    Removing gd32f10x_usart.o(.text.usart_lin_mode_disable), (10 bytes).
    Removing gd32f10x_usart.o(.ARM.exidx.text.usart_lin_mode_disable), (8 bytes).
    Removing gd32f10x_usart.o(.text.usart_lin_break_detection_length_config), (20 bytes).
    Removing gd32f10x_usart.o(.ARM.exidx.text.usart_lin_break_detection_length_config), (8 bytes).
    Removing gd32f10x_usart.o(.text.usart_send_break), (10 bytes).
    Removing gd32f10x_usart.o(.ARM.exidx.text.usart_send_break), (8 bytes).
    Removing gd32f10x_usart.o(.text.usart_halfduplex_enable), (10 bytes).
    Removing gd32f10x_usart.o(.ARM.exidx.text.usart_halfduplex_enable), (8 bytes).
    Removing gd32f10x_usart.o(.text.usart_halfduplex_disable), (10 bytes).
    Removing gd32f10x_usart.o(.ARM.exidx.text.usart_halfduplex_disable), (8 bytes).
    Removing gd32f10x_usart.o(.text.usart_synchronous_clock_enable), (10 bytes).
    Removing gd32f10x_usart.o(.ARM.exidx.text.usart_synchronous_clock_enable), (8 bytes).
    Removing gd32f10x_usart.o(.text.usart_synchronous_clock_disable), (10 bytes).
    Removing gd32f10x_usart.o(.ARM.exidx.text.usart_synchronous_clock_disable), (8 bytes).
    Removing gd32f10x_usart.o(.text.usart_synchronous_clock_config), (36 bytes).
    Removing gd32f10x_usart.o(.ARM.exidx.text.usart_synchronous_clock_config), (8 bytes).
    Removing gd32f10x_usart.o(.text.usart_guard_time_config), (18 bytes).
    Removing gd32f10x_usart.o(.ARM.exidx.text.usart_guard_time_config), (8 bytes).
    Removing gd32f10x_usart.o(.text.usart_smartcard_mode_enable), (10 bytes).
    Removing gd32f10x_usart.o(.ARM.exidx.text.usart_smartcard_mode_enable), (8 bytes).
    Removing gd32f10x_usart.o(.text.usart_smartcard_mode_disable), (10 bytes).
    Removing gd32f10x_usart.o(.ARM.exidx.text.usart_smartcard_mode_disable), (8 bytes).
    Removing gd32f10x_usart.o(.text.usart_smartcard_mode_nack_enable), (10 bytes).
    Removing gd32f10x_usart.o(.ARM.exidx.text.usart_smartcard_mode_nack_enable), (8 bytes).
    Removing gd32f10x_usart.o(.text.usart_smartcard_mode_nack_disable), (10 bytes).
    Removing gd32f10x_usart.o(.ARM.exidx.text.usart_smartcard_mode_nack_disable), (8 bytes).
    Removing gd32f10x_usart.o(.text.usart_irda_mode_enable), (10 bytes).
    Removing gd32f10x_usart.o(.ARM.exidx.text.usart_irda_mode_enable), (8 bytes).
    Removing gd32f10x_usart.o(.text.usart_irda_mode_disable), (10 bytes).
    Removing gd32f10x_usart.o(.ARM.exidx.text.usart_irda_mode_disable), (8 bytes).
    Removing gd32f10x_usart.o(.text.usart_prescaler_config), (16 bytes).
    Removing gd32f10x_usart.o(.ARM.exidx.text.usart_prescaler_config), (8 bytes).
    Removing gd32f10x_usart.o(.text.usart_irda_lowpower_config), (20 bytes).
    Removing gd32f10x_usart.o(.ARM.exidx.text.usart_irda_lowpower_config), (8 bytes).
    Removing gd32f10x_usart.o(.text.usart_hardware_flow_rts_config), (20 bytes).
    Removing gd32f10x_usart.o(.ARM.exidx.text.usart_hardware_flow_rts_config), (8 bytes).
    Removing gd32f10x_usart.o(.text.usart_hardware_flow_cts_config), (20 bytes).
    Removing gd32f10x_usart.o(.ARM.exidx.text.usart_hardware_flow_cts_config), (8 bytes).
    Removing gd32f10x_usart.o(.text.usart_dma_receive_config), (20 bytes).
    Removing gd32f10x_usart.o(.ARM.exidx.text.usart_dma_receive_config), (8 bytes).
    Removing gd32f10x_usart.o(.text.usart_dma_transmit_config), (20 bytes).
    Removing gd32f10x_usart.o(.ARM.exidx.text.usart_dma_transmit_config), (8 bytes).
    Removing gd32f10x_usart.o(.text.usart_flag_get), (16 bytes).
    Removing gd32f10x_usart.o(.ARM.exidx.text.usart_flag_get), (8 bytes).
    Removing gd32f10x_usart.o(.text.usart_flag_clear), (18 bytes).
    Removing gd32f10x_usart.o(.ARM.exidx.text.usart_flag_clear), (8 bytes).
    Removing gd32f10x_usart.o(.text.usart_interrupt_enable), (24 bytes).
    Removing gd32f10x_usart.o(.ARM.exidx.text.usart_interrupt_enable), (8 bytes).
    Removing gd32f10x_usart.o(.text.usart_interrupt_disable), (26 bytes).
    Removing gd32f10x_usart.o(.ARM.exidx.text.usart_interrupt_disable), (8 bytes).
    Removing gd32f10x_usart.o(.text.usart_interrupt_flag_get), (34 bytes).
    Removing gd32f10x_usart.o(.ARM.exidx.text.usart_interrupt_flag_get), (8 bytes).
    Removing gd32f10x_usart.o(.text.usart_interrupt_flag_clear), (18 bytes).
    Removing gd32f10x_usart.o(.ARM.exidx.text.usart_interrupt_flag_clear), (8 bytes).
    Removing gd32f10x_wwdgt.o(.text), (0 bytes).
    Removing gd32f10x_wwdgt.o(.text.wwdgt_deinit), (20 bytes).
    Removing gd32f10x_wwdgt.o(.ARM.exidx.text.wwdgt_deinit), (8 bytes).
    Removing gd32f10x_wwdgt.o(.text.wwdgt_enable), (18 bytes).
    Removing gd32f10x_wwdgt.o(.ARM.exidx.text.wwdgt_enable), (8 bytes).
    Removing gd32f10x_wwdgt.o(.text.wwdgt_counter_update), (16 bytes).
    Removing gd32f10x_wwdgt.o(.ARM.exidx.text.wwdgt_counter_update), (8 bytes).
    Removing gd32f10x_wwdgt.o(.text.wwdgt_config), (24 bytes).
    Removing gd32f10x_wwdgt.o(.ARM.exidx.text.wwdgt_config), (8 bytes).
    Removing gd32f10x_wwdgt.o(.text.wwdgt_flag_get), (16 bytes).
    Removing gd32f10x_wwdgt.o(.ARM.exidx.text.wwdgt_flag_get), (8 bytes).
    Removing gd32f10x_wwdgt.o(.text.wwdgt_flag_clear), (14 bytes).
    Removing gd32f10x_wwdgt.o(.ARM.exidx.text.wwdgt_flag_clear), (8 bytes).
    Removing gd32f10x_wwdgt.o(.text.wwdgt_interrupt_enable), (18 bytes).
    Removing gd32f10x_wwdgt.o(.ARM.exidx.text.wwdgt_interrupt_enable), (8 bytes).
    Removing startup_gd32f10x_hd.o(HEAP), (512 bytes).
    Removing gd32f10x_eval.o(.text), (0 bytes).
    Removing gd32f10x_eval.o(.text.gd_eval_led_init), (64 bytes).
    Removing gd32f10x_eval.o(.ARM.exidx.text.gd_eval_led_init), (8 bytes).
    Removing gd32f10x_eval.o(.ARM.exidx.text.gd_eval_led_on), (8 bytes).
    Removing gd32f10x_eval.o(.ARM.exidx.text.gd_eval_led_off), (8 bytes).
    Removing gd32f10x_eval.o(.text.gd_eval_led_toggle), (50 bytes).
    Removing gd32f10x_eval.o(.ARM.exidx.text.gd_eval_led_toggle), (8 bytes).
    Removing gd32f10x_eval.o(.text.gd_eval_key_init), (140 bytes).
    Removing gd32f10x_eval.o(.ARM.exidx.text.gd_eval_key_init), (8 bytes).
    Removing gd32f10x_eval.o(.text.gd_eval_key_state_get), (34 bytes).
    Removing gd32f10x_eval.o(.ARM.exidx.text.gd_eval_key_state_get), (8 bytes).
    Removing gd32f10x_eval.o(.text.gd_eval_com_init), (188 bytes).
    Removing gd32f10x_eval.o(.ARM.exidx.text.gd_eval_com_init), (8 bytes).
    Removing gd32f10x_eval.o(.rodata.KEY_CLK), (6 bytes).
    Removing gd32f10x_eval.o(.rodata.KEY_PORT), (12 bytes).
    Removing gd32f10x_eval.o(.rodata.KEY_PIN), (12 bytes).

1137 unused section(s) (total 23940 bytes) removed from the image.

==============================================================================

Image Symbol Table

    Local Symbols

    Symbol Name                              Value     Ov Type        Size  Object(Section)

    ../clib/microlib/init/entry.s            0x00000000   Number         0  entry.o ABSOLUTE
    ../clib/microlib/init/entry.s            0x00000000   Number         0  entry2.o ABSOLUTE
    ../clib/microlib/init/entry.s            0x00000000   Number         0  entry5.o ABSOLUTE
    ../clib/microlib/init/entry.s            0x00000000   Number         0  entry7a.o ABSOLUTE
    ../clib/microlib/init/entry.s            0x00000000   Number         0  entry7b.o ABSOLUTE
    ../clib/microlib/init/entry.s            0x00000000   Number         0  entry8a.o ABSOLUTE
    ../clib/microlib/init/entry.s            0x00000000   Number         0  entry8b.o ABSOLUTE
    ../clib/microlib/init/entry.s            0x00000000   Number         0  entry9a.o ABSOLUTE
    ../clib/microlib/init/entry.s            0x00000000   Number         0  entry9b.o ABSOLUTE
    ../clib/microlib/init/entry.s            0x00000000   Number         0  entry10a.o ABSOLUTE
    ../clib/microlib/init/entry.s            0x00000000   Number         0  entry10b.o ABSOLUTE
    ../clib/microlib/init/entry.s            0x00000000   Number         0  entry11a.o ABSOLUTE
    ../clib/microlib/init/entry.s            0x00000000   Number         0  entry11b.o ABSOLUTE
    ..\..\Firmware\CMSIS\GD\GD32F10x\Source\ARM\startup_gd32f10x_hd.s 0x00000000   Number         0  startup_gd32f10x_hd.o ABSOLUTE
    dc.s                                     0x00000000   Number         0  dc.o ABSOLUTE
    gd32f10x_adc.c                           0x00000000   Number         0  gd32f10x_adc.o ABSOLUTE
    gd32f10x_bkp.c                           0x00000000   Number         0  gd32f10x_bkp.o ABSOLUTE
    gd32f10x_can.c                           0x00000000   Number         0  gd32f10x_can.o ABSOLUTE
    gd32f10x_crc.c                           0x00000000   Number         0  gd32f10x_crc.o ABSOLUTE
    gd32f10x_dac.c                           0x00000000   Number         0  gd32f10x_dac.o ABSOLUTE
    gd32f10x_dbg.c                           0x00000000   Number         0  gd32f10x_dbg.o ABSOLUTE
    gd32f10x_dma.c                           0x00000000   Number         0  gd32f10x_dma.o ABSOLUTE
    gd32f10x_enet.c                          0x00000000   Number         0  gd32f10x_enet.o ABSOLUTE
    gd32f10x_eval.c                          0x00000000   Number         0  gd32f10x_eval.o ABSOLUTE
    gd32f10x_exmc.c                          0x00000000   Number         0  gd32f10x_exmc.o ABSOLUTE
    gd32f10x_exti.c                          0x00000000   Number         0  gd32f10x_exti.o ABSOLUTE
    gd32f10x_fmc.c                           0x00000000   Number         0  gd32f10x_fmc.o ABSOLUTE
    gd32f10x_fwdgt.c                         0x00000000   Number         0  gd32f10x_fwdgt.o ABSOLUTE
    gd32f10x_gpio.c                          0x00000000   Number         0  gd32f10x_gpio.o ABSOLUTE
    gd32f10x_i2c.c                           0x00000000   Number         0  gd32f10x_i2c.o ABSOLUTE
    gd32f10x_it.c                            0x00000000   Number         0  gd32f10x_it.o ABSOLUTE
    gd32f10x_misc.c                          0x00000000   Number         0  gd32f10x_misc.o ABSOLUTE
    gd32f10x_pmu.c                           0x00000000   Number         0  gd32f10x_pmu.o ABSOLUTE
    gd32f10x_rcu.c                           0x00000000   Number         0  gd32f10x_rcu.o ABSOLUTE
    gd32f10x_rtc.c                           0x00000000   Number         0  gd32f10x_rtc.o ABSOLUTE
    gd32f10x_sdio.c                          0x00000000   Number         0  gd32f10x_sdio.o ABSOLUTE
    gd32f10x_spi.c                           0x00000000   Number         0  gd32f10x_spi.o ABSOLUTE
    gd32f10x_timer.c                         0x00000000   Number         0  gd32f10x_timer.o ABSOLUTE
    gd32f10x_usart.c                         0x00000000   Number         0  gd32f10x_usart.o ABSOLUTE
    gd32f10x_wwdgt.c                         0x00000000   Number         0  gd32f10x_wwdgt.o ABSOLUTE
    handlers.s                               0x00000000   Number         0  handlers.o ABSOLUTE
    init.s                                   0x00000000   Number         0  init.o ABSOLUTE
    main.c                                   0x00000000   Number         0  main.o ABSOLUTE
    system_gd32f10x.c                        0x00000000   Number         0  system_gd32f10x.o ABSOLUTE
    systick.c                                0x00000000   Number         0  systick.o ABSOLUTE
    RESET                                    0x08000000   Section      304  startup_gd32f10x_hd.o(RESET)
    .ARM.Collect$$$$00000000                 0x08000130   Section        0  entry.o(.ARM.Collect$$$$00000000)
    .ARM.Collect$$$$00000001                 0x08000130   Section        4  entry2.o(.ARM.Collect$$$$00000001)
    .ARM.Collect$$$$00000004                 0x08000134   Section        4  entry5.o(.ARM.Collect$$$$00000004)
    .ARM.Collect$$$$00000008                 0x08000138   Section        0  entry7b.o(.ARM.Collect$$$$00000008)
    .ARM.Collect$$$$0000000A                 0x08000138   Section        0  entry8b.o(.ARM.Collect$$$$0000000A)
    .ARM.Collect$$$$0000000B                 0x08000138   Section        8  entry9a.o(.ARM.Collect$$$$0000000B)
    __lit__00000000                          0x08000140   Data           4  entry2.o(.ARM.Collect$$$$00002712)
    .ARM.Collect$$$$0000000D                 0x08000140   Section        0  entry10a.o(.ARM.Collect$$$$0000000D)
    .ARM.Collect$$$$0000000F                 0x08000140   Section        0  entry11a.o(.ARM.Collect$$$$0000000F)
    .ARM.Collect$$$$00002712                 0x08000140   Section        4  entry2.o(.ARM.Collect$$$$00002712)
    .text                                    0x08000144   Section       36  startup_gd32f10x_hd.o(.text)
    .text                                    0x08000168   Section       36  init.o(.text)
    [Anonymous Symbol]                       0x0800018c   Section        0  gd32f10x_it.o(.text.BusFault_Handler)
    [Anonymous Symbol]                       0x08000190   Section        0  gd32f10x_it.o(.text.DebugMon_Handler)
    [Anonymous Symbol]                       0x08000194   Section        0  gd32f10x_it.o(.text.HardFault_Handler)
    [Anonymous Symbol]                       0x08000198   Section        0  gd32f10x_it.o(.text.MemManage_Handler)
    [Anonymous Symbol]                       0x0800019c   Section        0  gd32f10x_it.o(.text.NMI_Handler)
    NVIC_SetPriority                         0x080001a1   Thumb Code    14  systick.o(.text.NVIC_SetPriority)
    [Anonymous Symbol]                       0x080001a0   Section        0  systick.o(.text.NVIC_SetPriority)
    [Anonymous Symbol]                       0x080001b0   Section        0  gd32f10x_it.o(.text.PendSV_Handler)
    [Anonymous Symbol]                       0x080001b4   Section        0  gd32f10x_it.o(.text.SVC_Handler)
    SysTick_Config                           0x080001b9   Thumb Code    42  systick.o(.text.SysTick_Config)
    [Anonymous Symbol]                       0x080001b8   Section        0  systick.o(.text.SysTick_Config)
    [Anonymous Symbol]                       0x080001e4   Section        0  gd32f10x_it.o(.text.SysTick_Handler)
    [Anonymous Symbol]                       0x080001f0   Section        0  system_gd32f10x.o(.text.SystemInit)
    [Anonymous Symbol]                       0x080002a0   Section        0  gd32f10x_it.o(.text.UsageFault_Handler)
    [Anonymous Symbol]                       0x080002a4   Section        0  systick.o(.text.delay_1ms)
    [Anonymous Symbol]                       0x080002b8   Section        0  systick.o(.text.delay_decrement)
    [Anonymous Symbol]                       0x080002d0   Section        0  gd32f10x_eval.o(.text.gd_eval_led_off)
    [Anonymous Symbol]                       0x080002ec   Section        0  gd32f10x_eval.o(.text.gd_eval_led_on)
    [Anonymous Symbol]                       0x08000308   Section        0  gd32f10x_gpio.o(.text.gpio_bit_reset)
    [Anonymous Symbol]                       0x0800030c   Section        0  gd32f10x_gpio.o(.text.gpio_bit_set)
    [Anonymous Symbol]                       0x08000310   Section        0  gd32f10x_gpio.o(.text.gpio_init)
    [Anonymous Symbol]                       0x080003bc   Section        0  main.o(.text.led_spark)
    [Anonymous Symbol]                       0x080003f0   Section        0  main.o(.text.main)
    [Anonymous Symbol]                       0x0800043c   Section        0  gd32f10x_misc.o(.text.nvic_vector_table_set)
    [Anonymous Symbol]                       0x08000458   Section        0  gd32f10x_rcu.o(.text.rcu_periph_clock_enable)
    system_clock_108m_hxtal                  0x08000479   Thumb Code   160  system_gd32f10x.o(.text.system_clock_108m_hxtal)
    [Anonymous Symbol]                       0x08000478   Section        0  system_gd32f10x.o(.text.system_clock_108m_hxtal)
    system_clock_config                      0x08000519   Thumb Code     8  system_gd32f10x.o(.text.system_clock_config)
    [Anonymous Symbol]                       0x08000518   Section        0  system_gd32f10x.o(.text.system_clock_config)
    [Anonymous Symbol]                       0x08000520   Section        0  systick.o(.text.systick_config)
    i.__scatterload_copy                     0x0800054a   Section       14  handlers.o(i.__scatterload_copy)
    i.__scatterload_null                     0x08000558   Section        2  handlers.o(i.__scatterload_null)
    i.__scatterload_zeroinit                 0x0800055a   Section       14  handlers.o(i.__scatterload_zeroinit)
    GPIO_PORT                                0x08000568   Data          16  gd32f10x_eval.o(.rodata.cst16)
    [Anonymous Symbol]                       0x08000568   Section        0  gd32f10x_eval.o(.rodata.cst16)
    GPIO_PIN                                 0x08000578   Data          16  gd32f10x_eval.o(.rodata.cst16)
    delay                                    0x20000008   Data           4  systick.o(.bss.delay)
    [Anonymous Symbol]                       0x20000008   Section        0  systick.o(.bss.delay)
    led_spark.timingdelaylocal               0x2000000c   Data           4  main.o(.bss.led_spark.timingdelaylocal)
    [Anonymous Symbol]                       0x2000000c   Section        0  main.o(.bss.led_spark.timingdelaylocal)
    STACK                                    0x20000010   Section     1024  startup_gd32f10x_hd.o(STACK)

    Global Symbols

    Symbol Name                              Value     Ov Type        Size  Object(Section)

    BuildAttributes$$THM_ISAv4$P$D$K$B$S$PE$A:L22UL41UL21$X:L11$S22US41US21$IEEE1$IW$~IW$USESV6$~STKCKD$USESV7$~SHL$OTIME$EBA8$MICROLIB$REQ8$PRES8$EABIv2 0x00000000   Number         0  anon$$obj.o ABSOLUTE
    __cpp_initialize__aeabi_                  - Undefined Weak Reference
    __cxa_finalize                            - Undefined Weak Reference
    __decompress                              - Undefined Weak Reference
    _clock_init                               - Undefined Weak Reference
    _microlib_exit                            - Undefined Weak Reference
    __Vectors_Size                           0x00000130   Number         0  startup_gd32f10x_hd.o ABSOLUTE
    __Vectors                                0x08000000   Data           4  startup_gd32f10x_hd.o(RESET)
    __Vectors_End                            0x08000130   Data           0  startup_gd32f10x_hd.o(RESET)
    __main                                   0x08000131   Thumb Code     0  entry.o(.ARM.Collect$$$$00000000)
    _main_stk                                0x08000131   Thumb Code     0  entry2.o(.ARM.Collect$$$$00000001)
    _main_scatterload                        0x08000135   Thumb Code     0  entry5.o(.ARM.Collect$$$$00000004)
    __main_after_scatterload                 0x08000139   Thumb Code     0  entry5.o(.ARM.Collect$$$$00000004)
    _main_clock                              0x08000139   Thumb Code     0  entry7b.o(.ARM.Collect$$$$00000008)
    _main_cpp_init                           0x08000139   Thumb Code     0  entry8b.o(.ARM.Collect$$$$0000000A)
    _main_init                               0x08000139   Thumb Code     0  entry9a.o(.ARM.Collect$$$$0000000B)
    __rt_final_cpp                           0x08000141   Thumb Code     0  entry10a.o(.ARM.Collect$$$$0000000D)
    __rt_final_exit                          0x08000141   Thumb Code     0  entry11a.o(.ARM.Collect$$$$0000000F)
    Reset_Handler                            0x08000145   Thumb Code     8  startup_gd32f10x_hd.o(.text)
    ADC0_1_IRQHandler                        0x0800015f   Thumb Code     0  startup_gd32f10x_hd.o(.text)
    ADC2_IRQHandler                          0x0800015f   Thumb Code     0  startup_gd32f10x_hd.o(.text)
    CAN0_EWMC_IRQHandler                     0x0800015f   Thumb Code     0  startup_gd32f10x_hd.o(.text)
    CAN0_RX1_IRQHandler                      0x0800015f   Thumb Code     0  startup_gd32f10x_hd.o(.text)
    DMA0_Channel0_IRQHandler                 0x0800015f   Thumb Code     0  startup_gd32f10x_hd.o(.text)
    DMA0_Channel1_IRQHandler                 0x0800015f   Thumb Code     0  startup_gd32f10x_hd.o(.text)
    DMA0_Channel2_IRQHandler                 0x0800015f   Thumb Code     0  startup_gd32f10x_hd.o(.text)
    DMA0_Channel3_IRQHandler                 0x0800015f   Thumb Code     0  startup_gd32f10x_hd.o(.text)
    DMA0_Channel4_IRQHandler                 0x0800015f   Thumb Code     0  startup_gd32f10x_hd.o(.text)
    DMA0_Channel5_IRQHandler                 0x0800015f   Thumb Code     0  startup_gd32f10x_hd.o(.text)
    DMA0_Channel6_IRQHandler                 0x0800015f   Thumb Code     0  startup_gd32f10x_hd.o(.text)
    DMA1_Channel0_IRQHandler                 0x0800015f   Thumb Code     0  startup_gd32f10x_hd.o(.text)
    DMA1_Channel1_IRQHandler                 0x0800015f   Thumb Code     0  startup_gd32f10x_hd.o(.text)
    DMA1_Channel2_IRQHandler                 0x0800015f   Thumb Code     0  startup_gd32f10x_hd.o(.text)
    DMA1_Channel3_4_IRQHandler               0x0800015f   Thumb Code     0  startup_gd32f10x_hd.o(.text)
    EXMC_IRQHandler                          0x0800015f   Thumb Code     0  startup_gd32f10x_hd.o(.text)
    EXTI0_IRQHandler                         0x0800015f   Thumb Code     0  startup_gd32f10x_hd.o(.text)
    EXTI10_15_IRQHandler                     0x0800015f   Thumb Code     0  startup_gd32f10x_hd.o(.text)
    EXTI1_IRQHandler                         0x0800015f   Thumb Code     0  startup_gd32f10x_hd.o(.text)
    EXTI2_IRQHandler                         0x0800015f   Thumb Code     0  startup_gd32f10x_hd.o(.text)
    EXTI3_IRQHandler                         0x0800015f   Thumb Code     0  startup_gd32f10x_hd.o(.text)
    EXTI4_IRQHandler                         0x0800015f   Thumb Code     0  startup_gd32f10x_hd.o(.text)
    EXTI5_9_IRQHandler                       0x0800015f   Thumb Code     0  startup_gd32f10x_hd.o(.text)
    FMC_IRQHandler                           0x0800015f   Thumb Code     0  startup_gd32f10x_hd.o(.text)
    I2C0_ER_IRQHandler                       0x0800015f   Thumb Code     0  startup_gd32f10x_hd.o(.text)
    I2C0_EV_IRQHandler                       0x0800015f   Thumb Code     0  startup_gd32f10x_hd.o(.text)
    I2C1_ER_IRQHandler                       0x0800015f   Thumb Code     0  startup_gd32f10x_hd.o(.text)
    I2C1_EV_IRQHandler                       0x0800015f   Thumb Code     0  startup_gd32f10x_hd.o(.text)
    LVD_IRQHandler                           0x0800015f   Thumb Code     0  startup_gd32f10x_hd.o(.text)
    RCU_IRQHandler                           0x0800015f   Thumb Code     0  startup_gd32f10x_hd.o(.text)
    RTC_Alarm_IRQHandler                     0x0800015f   Thumb Code     0  startup_gd32f10x_hd.o(.text)
    RTC_IRQHandler                           0x0800015f   Thumb Code     0  startup_gd32f10x_hd.o(.text)
    SDIO_IRQHandler                          0x0800015f   Thumb Code     0  startup_gd32f10x_hd.o(.text)
    SPI0_IRQHandler                          0x0800015f   Thumb Code     0  startup_gd32f10x_hd.o(.text)
    SPI1_IRQHandler                          0x0800015f   Thumb Code     0  startup_gd32f10x_hd.o(.text)
    SPI2_IRQHandler                          0x0800015f   Thumb Code     0  startup_gd32f10x_hd.o(.text)
    TAMPER_IRQHandler                        0x0800015f   Thumb Code     0  startup_gd32f10x_hd.o(.text)
    TIMER0_BRK_IRQHandler                    0x0800015f   Thumb Code     0  startup_gd32f10x_hd.o(.text)
    TIMER0_Channel_IRQHandler                0x0800015f   Thumb Code     0  startup_gd32f10x_hd.o(.text)
    TIMER0_TRG_CMT_IRQHandler                0x0800015f   Thumb Code     0  startup_gd32f10x_hd.o(.text)
    TIMER0_UP_IRQHandler                     0x0800015f   Thumb Code     0  startup_gd32f10x_hd.o(.text)
    TIMER1_IRQHandler                        0x0800015f   Thumb Code     0  startup_gd32f10x_hd.o(.text)
    TIMER2_IRQHandler                        0x0800015f   Thumb Code     0  startup_gd32f10x_hd.o(.text)
    TIMER3_IRQHandler                        0x0800015f   Thumb Code     0  startup_gd32f10x_hd.o(.text)
    TIMER4_IRQHandler                        0x0800015f   Thumb Code     0  startup_gd32f10x_hd.o(.text)
    TIMER5_IRQHandler                        0x0800015f   Thumb Code     0  startup_gd32f10x_hd.o(.text)
    TIMER6_IRQHandler                        0x0800015f   Thumb Code     0  startup_gd32f10x_hd.o(.text)
    TIMER7_BRK_IRQHandler                    0x0800015f   Thumb Code     0  startup_gd32f10x_hd.o(.text)
    TIMER7_Channel_IRQHandler                0x0800015f   Thumb Code     0  startup_gd32f10x_hd.o(.text)
    TIMER7_TRG_CMT_IRQHandler                0x0800015f   Thumb Code     0  startup_gd32f10x_hd.o(.text)
    TIMER7_UP_IRQHandler                     0x0800015f   Thumb Code     0  startup_gd32f10x_hd.o(.text)
    UART3_IRQHandler                         0x0800015f   Thumb Code     0  startup_gd32f10x_hd.o(.text)
    UART4_IRQHandler                         0x0800015f   Thumb Code     0  startup_gd32f10x_hd.o(.text)
    USART0_IRQHandler                        0x0800015f   Thumb Code     0  startup_gd32f10x_hd.o(.text)
    USART1_IRQHandler                        0x0800015f   Thumb Code     0  startup_gd32f10x_hd.o(.text)
    USART2_IRQHandler                        0x0800015f   Thumb Code     0  startup_gd32f10x_hd.o(.text)
    USBD_HP_CAN0_TX_IRQHandler               0x0800015f   Thumb Code     0  startup_gd32f10x_hd.o(.text)
    USBD_LP_CAN0_RX0_IRQHandler              0x0800015f   Thumb Code     0  startup_gd32f10x_hd.o(.text)
    USBD_WKUP_IRQHandler                     0x0800015f   Thumb Code     0  startup_gd32f10x_hd.o(.text)
    WWDGT_IRQHandler                         0x0800015f   Thumb Code     0  startup_gd32f10x_hd.o(.text)
    __scatterload                            0x08000169   Thumb Code    28  init.o(.text)
    __scatterload_rt2                        0x08000169   Thumb Code     0  init.o(.text)
    BusFault_Handler                         0x0800018d   Thumb Code     2  gd32f10x_it.o(.text.BusFault_Handler)
    DebugMon_Handler                         0x08000191   Thumb Code     2  gd32f10x_it.o(.text.DebugMon_Handler)
    HardFault_Handler                        0x08000195   Thumb Code     2  gd32f10x_it.o(.text.HardFault_Handler)
    MemManage_Handler                        0x08000199   Thumb Code     2  gd32f10x_it.o(.text.MemManage_Handler)
    NMI_Handler                              0x0800019d   Thumb Code     2  gd32f10x_it.o(.text.NMI_Handler)
    PendSV_Handler                           0x080001b1   Thumb Code     2  gd32f10x_it.o(.text.PendSV_Handler)
    SVC_Handler                              0x080001b5   Thumb Code     2  gd32f10x_it.o(.text.SVC_Handler)
    SysTick_Handler                          0x080001e5   Thumb Code    12  gd32f10x_it.o(.text.SysTick_Handler)
    SystemInit                               0x080001f1   Thumb Code   176  system_gd32f10x.o(.text.SystemInit)
    UsageFault_Handler                       0x080002a1   Thumb Code     2  gd32f10x_it.o(.text.UsageFault_Handler)
    delay_1ms                                0x080002a5   Thumb Code    20  systick.o(.text.delay_1ms)
    delay_decrement                          0x080002b9   Thumb Code    24  systick.o(.text.delay_decrement)
    gd_eval_led_off                          0x080002d1   Thumb Code    28  gd32f10x_eval.o(.text.gd_eval_led_off)
    gd_eval_led_on                           0x080002ed   Thumb Code    28  gd32f10x_eval.o(.text.gd_eval_led_on)
    gpio_bit_reset                           0x08000309   Thumb Code     4  gd32f10x_gpio.o(.text.gpio_bit_reset)
    gpio_bit_set                             0x0800030d   Thumb Code     4  gd32f10x_gpio.o(.text.gpio_bit_set)
    gpio_init                                0x08000311   Thumb Code   170  gd32f10x_gpio.o(.text.gpio_init)
    led_spark                                0x080003bd   Thumb Code    52  main.o(.text.led_spark)
    main                                     0x080003f1   Thumb Code    74  main.o(.text.main)
    nvic_vector_table_set                    0x0800043d   Thumb Code    28  gd32f10x_misc.o(.text.nvic_vector_table_set)
    rcu_periph_clock_enable                  0x08000459   Thumb Code    30  gd32f10x_rcu.o(.text.rcu_periph_clock_enable)
    systick_config                           0x08000521   Thumb Code    42  systick.o(.text.systick_config)
    __scatterload_copy                       0x0800054b   Thumb Code    14  handlers.o(i.__scatterload_copy)
    __scatterload_null                       0x08000559   Thumb Code     2  handlers.o(i.__scatterload_null)
    __scatterload_zeroinit                   0x0800055b   Thumb Code    14  handlers.o(i.__scatterload_zeroinit)
    Region$$Table$$Base                      0x08000588   Number         0  anon$$obj.o(Region$$Table)
    Region$$Table$$Limit                     0x080005a8   Number         0  anon$$obj.o(Region$$Table)
    SystemCoreClock                          0x20000000   Data           4  system_gd32f10x.o(.data.SystemCoreClock)
    __initial_sp                             0x20000410   Data           0  startup_gd32f10x_hd.o(STACK)



==============================================================================

Memory Map of the image

  Image Entry point : 0x08000131

  Load Region LR_IROM1 (Base: 0x08000000, Size: 0x000005b0, Max: 0x00080000, ABSOLUTE)

    Execution Region ER_IROM1 (Exec base: 0x08000000, Load base: 0x08000000, Size: 0x000005a8, Max: 0x00080000, ABSOLUTE)

    Exec Addr    Load Addr    Size         Type   Attr      Idx    E Section Name        Object

    0x08000000   0x08000000   0x00000130   Data   RO         1331    RESET               startup_gd32f10x_hd.o
    0x08000130   0x08000130   0x00000000   Code   RO         1364  * .ARM.Collect$$$$00000000  mc_w.l(entry.o)
    0x08000130   0x08000130   0x00000004   Code   RO         1367    .ARM.Collect$$$$00000001  mc_w.l(entry2.o)
    0x08000134   0x08000134   0x00000004   Code   RO         1370    .ARM.Collect$$$$00000004  mc_w.l(entry5.o)
    0x08000138   0x08000138   0x00000000   Code   RO         1372    .ARM.Collect$$$$00000008  mc_w.l(entry7b.o)
    0x08000138   0x08000138   0x00000000   Code   RO         1374    .ARM.Collect$$$$0000000A  mc_w.l(entry8b.o)
    0x08000138   0x08000138   0x00000008   Code   RO         1375    .ARM.Collect$$$$0000000B  mc_w.l(entry9a.o)
    0x08000140   0x08000140   0x00000000   Code   RO         1377    .ARM.Collect$$$$0000000D  mc_w.l(entry10a.o)
    0x08000140   0x08000140   0x00000000   Code   RO         1379    .ARM.Collect$$$$0000000F  mc_w.l(entry11a.o)
    0x08000140   0x08000140   0x00000004   Code   RO         1368    .ARM.Collect$$$$00002712  mc_w.l(entry2.o)
    0x08000144   0x08000144   0x00000024   Code   RO         1332    .text               startup_gd32f10x_hd.o
    0x08000168   0x08000168   0x00000024   Code   RO         1381    .text               mc_w.l(init.o)
    0x0800018c   0x0800018c   0x00000002   Code   RO            8    .text.BusFault_Handler  gd32f10x_it.o
    0x0800018e   0x0800018e   0x00000002   PAD
    0x08000190   0x08000190   0x00000002   Code   RO           14    .text.DebugMon_Handler  gd32f10x_it.o
    0x08000192   0x08000192   0x00000002   PAD
    0x08000194   0x08000194   0x00000002   Code   RO            4    .text.HardFault_Handler  gd32f10x_it.o
    0x08000196   0x08000196   0x00000002   PAD
    0x08000198   0x08000198   0x00000002   Code   RO            6    .text.MemManage_Handler  gd32f10x_it.o
    0x0800019a   0x0800019a   0x00000002   PAD
    0x0800019c   0x0800019c   0x00000002   Code   RO            2    .text.NMI_Handler   gd32f10x_it.o
    0x0800019e   0x0800019e   0x00000002   PAD
    0x080001a0   0x080001a0   0x0000000e   Code   RO           47    .text.NVIC_SetPriority  systick.o
    0x080001ae   0x080001ae   0x00000002   PAD
    0x080001b0   0x080001b0   0x00000002   Code   RO           16    .text.PendSV_Handler  gd32f10x_it.o
    0x080001b2   0x080001b2   0x00000002   PAD
    0x080001b4   0x080001b4   0x00000002   Code   RO           12    .text.SVC_Handler   gd32f10x_it.o
    0x080001b6   0x080001b6   0x00000002   PAD
    0x080001b8   0x080001b8   0x0000002a   Code   RO           45    .text.SysTick_Config  systick.o
    0x080001e2   0x080001e2   0x00000002   PAD
    0x080001e4   0x080001e4   0x0000000c   Code   RO           18    .text.SysTick_Handler  gd32f10x_it.o
    0x080001f0   0x080001f0   0x000000b0   Code   RO           62    .text.SystemInit    system_gd32f10x.o
    0x080002a0   0x080002a0   0x00000002   Code   RO           10    .text.UsageFault_Handler  gd32f10x_it.o
    0x080002a2   0x080002a2   0x00000002   PAD
    0x080002a4   0x080002a4   0x00000014   Code   RO           49    .text.delay_1ms     systick.o
    0x080002b8   0x080002b8   0x00000018   Code   RO           51    .text.delay_decrement  systick.o
    0x080002d0   0x080002d0   0x0000001c   Code   RO         1343    .text.gd_eval_led_off  gd32f10x_eval.o
    0x080002ec   0x080002ec   0x0000001c   Code   RO         1341    .text.gd_eval_led_on  gd32f10x_eval.o
    0x08000308   0x08000308   0x00000004   Code   RO          620    .text.gpio_bit_reset  gd32f10x_gpio.o
    0x0800030c   0x0800030c   0x00000004   Code   RO          618    .text.gpio_bit_set  gd32f10x_gpio.o
    0x08000310   0x08000310   0x000000aa   Code   RO          616    .text.gpio_init     gd32f10x_gpio.o
    0x080003ba   0x080003ba   0x00000002   PAD
    0x080003bc   0x080003bc   0x00000034   Code   RO           27    .text.led_spark     main.o
    0x080003f0   0x080003f0   0x0000004a   Code   RO           29    .text.main          main.o
    0x0800043a   0x0800043a   0x00000002   PAD
    0x0800043c   0x0800043c   0x0000001c   Code   RO          730    .text.nvic_vector_table_set  gd32f10x_misc.o
    0x08000458   0x08000458   0x0000001e   Code   RO          786    .text.rcu_periph_clock_enable  gd32f10x_rcu.o
    0x08000476   0x08000476   0x00000002   PAD
    0x08000478   0x08000478   0x000000a0   Code   RO           66    .text.system_clock_108m_hxtal  system_gd32f10x.o
    0x08000518   0x08000518   0x00000008   Code   RO           64    .text.system_clock_config  system_gd32f10x.o
    0x08000520   0x08000520   0x0000002a   Code   RO           43    .text.systick_config  systick.o
    0x0800054a   0x0800054a   0x0000000e   Code   RO         1385    i.__scatterload_copy  mc_w.l(handlers.o)
    0x08000558   0x08000558   0x00000002   Code   RO         1386    i.__scatterload_null  mc_w.l(handlers.o)
    0x0800055a   0x0800055a   0x0000000e   Code   RO         1387    i.__scatterload_zeroinit  mc_w.l(handlers.o)
    0x08000568   0x08000568   0x00000020   Data   RO         1353    .rodata.cst16       gd32f10x_eval.o
    0x08000588   0x08000588   0x00000020   Data   RO         1384    Region$$Table       anon$$obj.o


    Execution Region RW_IRAM1 (Exec base: 0x20000000, Load base: 0x080005a8, Size: 0x00000410, Max: 0x00010000, ABSOLUTE)

    Exec Addr    Load Addr    Size         Type   Attr      Idx    E Section Name        Object

    0x20000000   0x080005a8   0x00000004   Data   RW           68    .data.SystemCoreClock  system_gd32f10x.o
    0x20000004   0x080005ac   0x00000004   PAD
    0x20000008        -       0x00000004   Zero   RW           53    .bss.delay          systick.o
    0x2000000c        -       0x00000004   Zero   RW           33    .bss.led_spark.timingdelaylocal  main.o
    0x20000010        -       0x00000400   Zero   RW         1329    STACK               startup_gd32f10x_hd.o


==============================================================================

Image component sizes


      Code (inc. data)   RO Data    RW Data    ZI Data      Debug   Object Name

        56          0         32          0          0       4323   gd32f10x_eval.o
       178          0          0          0          0       5521   gd32f10x_gpio.o
        28          0          0          0          0       1000   gd32f10x_it.o
        28          0          0          0          0       3417   gd32f10x_misc.o
        30          0          0          0          0      11671   gd32f10x_rcu.o
       126          0          0          0          4       2510   main.o
        36          8        304          0       1024        880   startup_gd32f10x_hd.o
       344          0          0          4          0       1237   system_gd32f10x.o
       142          0          0          0          4       3993   systick.o

    ----------------------------------------------------------------------
       994          8        368          4       1036      34552   Object Totals
         0          0         32          0          0          0   (incl. Generated)
        26          0          0          0          4          0   (incl. Padding)

    ----------------------------------------------------------------------

      Code (inc. data)   RO Data    RW Data    ZI Data      Debug   Library Member Name

         0          0          0          0          0          0   entry.o
         0          0          0          0          0          0   entry10a.o
         0          0          0          0          0          0   entry11a.o
         8          4          0          0          0          0   entry2.o
         4          0          0          0          0          0   entry5.o
         0          0          0          0          0          0   entry7b.o
         0          0          0          0          0          0   entry8b.o
         8          4          0          0          0          0   entry9a.o
        30          0          0          0          0          0   handlers.o
        36          8          0          0          0         68   init.o

    ----------------------------------------------------------------------
        86         16          0          0          0         68   Library Totals
         0          0          0          0          0          0   (incl. Padding)

    ----------------------------------------------------------------------

      Code (inc. data)   RO Data    RW Data    ZI Data      Debug   Library Name

        86         16          0          0          0         68   mc_w.l

    ----------------------------------------------------------------------
        86         16          0          0          0         68   Library Totals

    ----------------------------------------------------------------------

==============================================================================


      Code (inc. data)   RO Data    RW Data    ZI Data      Debug   

      1080         24        368          4       1036      34632   Grand Totals
      1080         24        368          4       1036      34632   ELF Image Totals
      1080         24        368          4          0          0   ROM Totals

==============================================================================

    Total RO  Size (Code + RO Data)                 1448 (   1.41kB)
    Total RW  Size (RW Data + ZI Data)              1040 (   1.02kB)
    Total ROM Size (Code + RO Data + RW Data)       1452 (   1.42kB)

==============================================================================

