<html>
<body>
<pre>
<h1>µVision Build Log</h1>
<h2>Tool Versions:</h2>
IDE-Version: ¦ÌVision V5.36.0.0
Copyright (C) 2021 ARM Ltd and ARM Germany GmbH. All rights reserved.
License Information: 122 4447837, HP Inc., LIC=JL28G-VRIXS-454T5-GD2EK-I2FWP-ZVLZH
 
Tool Versions:
Toolchain:       MDK-ARM Plus  Version: 5.36.0.0
Toolchain Path:  C:\Keil_v5\ARM\ARMCLANG\Bin
C Compiler:      ArmClang.exe V6.16
Assembler:       Armasm.exe V6.16
Linker/Locator:  ArmLink.exe V6.16
Library Manager: ArmAr.exe V6.16
Hex Converter:   FromElf.exe V6.16
CPU DLL:         SARMCM3.DLL V5.36.0.0
Dialog DLL:      DCM.DLL V1.17.3.0
Target DLL:      CMSIS_AGDI.dll V1.33.0.0
Dialog DLL:      TCM.DLL V1.53.0.0
 
<h2>Project:</h2>
G:\GD32\GD32F10x_Firmware_Library_V2.2.4\Template\Keil5_project\Project.uvprojx
Project File Date:  05/08/2023

<h2>Output:</h2>
*** Using Compiler 'V6.16', folder: 'C:\Keil_v5\ARM\ARMCLANG\Bin'
Rebuild target 'GD32F10X_CL'
compiling gd32f10x_dbg.c...
compiling main.c...
compiling gd32f10x_it.c...
compiling gd32f10x_crc.c...
compiling systick.c...
compiling gd32f10x_enet.c...
compiling system_gd32f10x.c...
compiling gd32f10x_dma.c...
compiling gd32f10x_bkp.c...
compiling gd32f10x_dac.c...
compiling gd32f10x_adc.c...
compiling gd32f10x_can.c...
compiling gd32f10x_fwdgt.c...
compiling gd32f10x_exti.c...
compiling gd32f10x_misc.c...
compiling gd32f10x_pmu.c...
compiling gd32f10x_exmc.c...
compiling gd32f10x_gpio.c...
compiling gd32f10x_fmc.c...
compiling gd32f10x_rtc.c...
compiling gd32f10x_i2c.c...
compiling gd32f10x_rcu.c...
compiling gd32f10x_sdio.c...
compiling gd32f10x_spi.c...
assembling startup_gd32f10x_hd.s...
compiling gd32f10x_wwdgt.c...
compiling gd32f10x_eval.c...
compiling gd32f10x_usart.c...
compiling gd32f10x_timer.c...
linking...
Program Size: Code=1080 RO-data=368 RW-data=4 ZI-data=1036  
".\output\Project.axf" - 0 Error(s), 0 Warning(s).

<h2>Software Packages used:</h2>

Package Vendor: GigaDevice
                https://gd32mcu.com/data/documents/pack/GigaDevice.GD32F10x_DFP.2.0.3.pack
                GigaDevice.GD32F10x_DFP.2.0.3
                GigaDevice GD32F10x Series Device Support and Examples

<h2>Collection of Component include folders:</h2>
  C:\Users\44478\AppData\Local\Arm\Packs\GigaDevice\GD32F10x_DFP\2.0.3\Device\Include

<h2>Collection of Component Files used:</h2>
Build Time Elapsed:  00:00:02
</pre>
</body>
</html>
