Component: ARM Compiler 5.06 update 7 (build 960) Tool: armlink [4d3601]

==============================================================================

Section Cross References

    gd32f10x_enet_eval.o(i.enet_gpio_config) refers to gd32f10x_rcu.o(i.rcu_periph_clock_enable) for rcu_periph_clock_enable
    gd32f10x_enet_eval.o(i.enet_gpio_config) refers to gd32f10x_gpio.o(i.gpio_init) for gpio_init
    gd32f10x_enet_eval.o(i.enet_gpio_config) refers to gd32f10x_rcu.o(i.rcu_pll2_config) for rcu_pll2_config
    gd32f10x_enet_eval.o(i.enet_gpio_config) refers to gd32f10x_rcu.o(i.rcu_osci_on) for rcu_osci_on
    gd32f10x_enet_eval.o(i.enet_gpio_config) refers to gd32f10x_rcu.o(i.rcu_osci_stab_wait) for rcu_osci_stab_wait
    gd32f10x_enet_eval.o(i.enet_gpio_config) refers to gd32f10x_rcu.o(i.rcu_ckout0_config) for rcu_ckout0_config
    gd32f10x_enet_eval.o(i.enet_gpio_config) refers to gd32f10x_gpio.o(i.gpio_ethernet_phy_select) for gpio_ethernet_phy_select
    gd32f10x_enet_eval.o(i.enet_mac_dma_config) refers to gd32f10x_rcu.o(i.rcu_periph_clock_enable) for rcu_periph_clock_enable
    gd32f10x_enet_eval.o(i.enet_mac_dma_config) refers to gd32f10x_enet.o(i.enet_deinit) for enet_deinit
    gd32f10x_enet_eval.o(i.enet_mac_dma_config) refers to gd32f10x_enet.o(i.enet_software_reset) for enet_software_reset
    gd32f10x_enet_eval.o(i.enet_mac_dma_config) refers to gd32f10x_enet.o(i.enet_init) for enet_init
    gd32f10x_enet_eval.o(i.enet_mac_dma_config) refers to gd32f10x_enet_eval.o(.data) for enet_init_status
    gd32f10x_enet_eval.o(i.enet_system_setup) refers to gd32f10x_enet_eval.o(i.enet_gpio_config) for enet_gpio_config
    gd32f10x_enet_eval.o(i.enet_system_setup) refers to gd32f10x_enet_eval.o(i.enet_mac_dma_config) for enet_mac_dma_config
    gd32f10x_enet_eval.o(i.enet_system_setup) refers to gd32f10x_misc.o(i.systick_clksource_set) for systick_clksource_set
    gd32f10x_enet_eval.o(i.enet_system_setup) refers to gd32f10x_rcu.o(i.rcu_clock_freq_get) for rcu_clock_freq_get
    gd32f10x_enet_eval.o(i.enet_system_setup) refers to gd32f10x_enet_eval.o(.data) for enet_init_status
    gd32f10x_it.o(i.SysTick_Handler) refers to main.o(i.time_update) for time_update
    hello_gigadevice.o(i.hello_gigadevice_accept) refers to printf3.o(i.__0printf$3) for __2printf
    hello_gigadevice.o(i.hello_gigadevice_accept) refers to printf3.o(i.__0sprintf$3) for __2sprintf
    hello_gigadevice.o(i.hello_gigadevice_accept) refers to mem.o(i.mem_calloc) for mem_calloc
    hello_gigadevice.o(i.hello_gigadevice_accept) refers to tcp.o(i.tcp_arg) for tcp_arg
    hello_gigadevice.o(i.hello_gigadevice_accept) refers to tcp.o(i.tcp_err) for tcp_err
    hello_gigadevice.o(i.hello_gigadevice_accept) refers to tcp.o(i.tcp_recv) for tcp_recv
    hello_gigadevice.o(i.hello_gigadevice_accept) refers to strlen.o(.text) for strlen
    hello_gigadevice.o(i.hello_gigadevice_accept) refers to tcp_out.o(i.tcp_write) for tcp_write
    hello_gigadevice.o(i.hello_gigadevice_accept) refers to hello_gigadevice.o(.conststring) for .conststring
    hello_gigadevice.o(i.hello_gigadevice_accept) refers to hello_gigadevice.o(i.hello_gigadevice_conn_err) for hello_gigadevice_conn_err
    hello_gigadevice.o(i.hello_gigadevice_accept) refers to hello_gigadevice.o(i.hello_gigadevice_recv) for hello_gigadevice_recv
    hello_gigadevice.o(i.hello_gigadevice_accept) refers to gd32f10x_enet_eval.o(.constdata) for gd32_str
    hello_gigadevice.o(i.hello_gigadevice_conn_err) refers to mem.o(i.mem_free) for mem_free
    hello_gigadevice.o(i.hello_gigadevice_init) refers to tcp.o(i.tcp_new) for tcp_new
    hello_gigadevice.o(i.hello_gigadevice_init) refers to tcp.o(i.tcp_bind) for tcp_bind
    hello_gigadevice.o(i.hello_gigadevice_init) refers to tcp.o(i.tcp_listen_with_backlog) for tcp_listen_with_backlog
    hello_gigadevice.o(i.hello_gigadevice_init) refers to tcp.o(i.tcp_accept) for tcp_accept
    hello_gigadevice.o(i.hello_gigadevice_init) refers to ip4_addr.o(.constdata) for ip_addr_any
    hello_gigadevice.o(i.hello_gigadevice_init) refers to hello_gigadevice.o(i.hello_gigadevice_accept) for hello_gigadevice_accept
    hello_gigadevice.o(i.hello_gigadevice_recv) refers to tcp.o(i.tcp_recved) for tcp_recved
    hello_gigadevice.o(i.hello_gigadevice_recv) refers to pbuf.o(i.pbuf_free) for pbuf_free
    hello_gigadevice.o(i.hello_gigadevice_recv) refers to tcp_out.o(i.tcp_write) for tcp_write
    hello_gigadevice.o(i.hello_gigadevice_recv) refers to printf3.o(i.__0printf$3) for __2printf
    hello_gigadevice.o(i.hello_gigadevice_recv) refers to mem.o(i.mem_free) for mem_free
    hello_gigadevice.o(i.hello_gigadevice_recv) refers to tcp.o(i.tcp_close) for tcp_close
    main.o(i.delay_10ms) refers to main.o(.data) for g_localtime
    main.o(i.fputc) refers to gd32f10x_usart.o(i.usart_data_transmit) for usart_data_transmit
    main.o(i.fputc) refers to gd32f10x_usart.o(i.usart_flag_get) for usart_flag_get
[...]
    tcp_create_segment                       0x08004821   Thumb Code   196  tcp_out.o(i.tcp_create_segment)
    i.tcp_eff_send_mss_impl                  0x080048e4   Section        0  tcp.o(i.tcp_eff_send_mss_impl)
    i.tcp_enqueue_flags                      0x0800491e   Section        0  tcp_out.o(i.tcp_enqueue_flags)
    i.tcp_err                                0x08004a2c   Section        0  tcp.o(i.tcp_err)
    i.tcp_fasttmr                            0x08004a38   Section        0  tcp.o(i.tcp_fasttmr)
    i.tcp_getoptbyte                         0x08004ac8   Section        0  tcp_in.o(i.tcp_getoptbyte)
    tcp_getoptbyte                           0x08004ac9   Thumb Code    70  tcp_in.o(i.tcp_getoptbyte)
    i.tcp_input                              0x08004b20   Section        0  tcp_in.o(i.tcp_input)
    i.tcp_keepalive                          0x08005030   Section        0  tcp_out.o(i.tcp_keepalive)
    i.tcp_kill_prio                          0x0800508c   Section        0  tcp.o(i.tcp_kill_prio)
    tcp_kill_prio                            0x0800508d   Thumb Code    78  tcp.o(i.tcp_kill_prio)
    i.tcp_kill_state                         0x080050e4   Section        0  tcp.o(i.tcp_kill_state)
    tcp_kill_state                           0x080050e5   Thumb Code    68  tcp.o(i.tcp_kill_state)
    i.tcp_kill_timewait                      0x08005130   Section        0  tcp.o(i.tcp_kill_timewait)
    tcp_kill_timewait                        0x08005131   Thumb Code    50  tcp.o(i.tcp_kill_timewait)
    i.tcp_listen_closed                      0x0800516c   Section        0  tcp.o(i.tcp_listen_closed)
    tcp_listen_closed                        0x0800516d   Thumb Code    38  tcp.o(i.tcp_listen_closed)
    i.tcp_listen_input                       0x08005198   Section        0  tcp_in.o(i.tcp_listen_input)
    tcp_listen_input                         0x08005199   Thumb Code   296  tcp_in.o(i.tcp_listen_input)
    i.tcp_listen_with_backlog                0x080052e0   Section        0  tcp.o(i.tcp_listen_with_backlog)
    i.tcp_listen_with_backlog_and_err        0x080052f4   Section        0  tcp.o(i.tcp_listen_with_backlog_and_err)
    i.tcp_netif_ip_addr_changed              0x080053c0   Section        0  tcp.o(i.tcp_netif_ip_addr_changed)
    i.tcp_netif_ip_addr_changed_pcblist      0x08005414   Section        0  tcp.o(i.tcp_netif_ip_addr_changed_pcblist)
    tcp_netif_ip_addr_changed_pcblist        0x08005415   Thumb Code    42  tcp.o(i.tcp_netif_ip_addr_changed_pcblist)
    i.tcp_new                                0x0800543e   Section        0  tcp.o(i.tcp_new)
    i.tcp_new_port                           0x08005448   Section        0  tcp.o(i.tcp_new_port)
    tcp_new_port                             0x08005449   Thumb Code    96  tcp.o(i.tcp_new_port)
    i.tcp_next_iss                           0x080054b0   Section        0  tcp.o(i.tcp_next_iss)
    i.tcp_output                             0x080054d0   Section        0  tcp_out.o(i.tcp_output)
    i.tcp_output_alloc_header                0x08005724   Section        0  tcp_out.o(i.tcp_output_alloc_header)
    tcp_output_alloc_header                  0x08005725   Thumb Code   124  tcp_out.o(i.tcp_output_alloc_header)
    i.tcp_output_segment                     0x080057a0   Section        0  tcp_out.o(i.tcp_output_segment)
    tcp_output_segment                       0x080057a1   Thumb Code   192  tcp_out.o(i.tcp_output_segment)
    i.tcp_parseopt                           0x08005864   Section        0  tcp_in.o(i.tcp_parseopt)
    tcp_parseopt                             0x08005865   Thumb Code   150  tcp_in.o(i.tcp_parseopt)
    i.tcp_pbuf_prealloc                      0x08005904   Section        0  tcp_out.o(i.tcp_pbuf_prealloc)
    tcp_pbuf_prealloc                        0x08005905   Thumb Code   120  tcp_out.o(i.tcp_pbuf_prealloc)
    i.tcp_pcb_purge                          0x0800597c   Section        0  tcp.o(i.tcp_pcb_purge)
    i.tcp_pcb_remove                         0x080059bc   Section        0  tcp.o(i.tcp_pcb_remove)
    i.tcp_process                            0x08005a34   Section        0  tcp_in.o(i.tcp_process)
    tcp_process                              0x08005a35   Thumb Code  1438  tcp_in.o(i.tcp_process)
    i.tcp_process_refused_data               0x08005fec   Section        0  tcp.o(i.tcp_process_refused_data)
    i.tcp_receive                            0x08006080   Section        0  tcp_in.o(i.tcp_receive)
    tcp_receive                              0x08006081   Thumb Code  1518  tcp_in.o(i.tcp_receive)
    i.tcp_recv                               0x08006684   Section        0  tcp.o(i.tcp_recv)
    i.tcp_recv_null                          0x0800668e   Section        0  tcp.o(i.tcp_recv_null)
    i.tcp_recved                             0x080066bc   Section        0  tcp.o(i.tcp_recved)
    i.tcp_remove_listener                    0x0800671c   Section        0  tcp.o(i.tcp_remove_listener)
    tcp_remove_listener                      0x0800671d   Thumb Code    24  tcp.o(i.tcp_remove_listener)
    i.tcp_rexmit                             0x08006734   Section        0  tcp_out.o(i.tcp_rexmit)
    i.tcp_rexmit_fast                        0x08006796   Section        0  tcp_out.o(i.tcp_rexmit_fast)
    i.tcp_rexmit_rto                         0x08006804   Section        0  tcp_out.o(i.tcp_rexmit_rto)
    i.tcp_rst                                0x08006846   Section        0  tcp_out.o(i.tcp_rst)
    i.tcp_seg_free                           0x080068ce   Section        0  tcp.o(i.tcp_seg_free)
    i.tcp_segs_free                          0x080068e8   Section        0  tcp.o(i.tcp_segs_free)
    i.tcp_send_empty_ack                     0x08006900   Section        0  tcp_out.o(i.tcp_send_empty_ack)
    i.tcp_send_fin                           0x08006976   Section        0  tcp_out.o(i.tcp_send_fin)
    i.tcp_slowtmr                            0x080069c0   Section        0  tcp.o(i.tcp_slowtmr)
    i.tcp_timer_needed                       0x08006d20   Section        0  timeouts.o(i.tcp_timer_needed)
    i.tcp_timewait_input                     0x08006d58   Section        0  tcp_in.o(i.tcp_timewait_input)
    tcp_timewait_input                       0x08006d59   Thumb Code   134  tcp_in.o(i.tcp_timewait_input)
    i.tcp_tmr                                0x08006dfc   Section        0  tcp.o(i.tcp_tmr)
    i.tcp_trigger_input_pcb_close            0x08006e20   Section        0  tcp_in.o(i.tcp_trigger_input_pcb_close)
    i.tcp_update_rcv_ann_wnd                 0x08006e34   Section        0  tcp.o(i.tcp_update_rcv_ann_wnd)
    i.tcp_write                              0x08006e82   Section        0  tcp_out.o(i.tcp_write)
    i.tcp_write_checks                       0x080072bc   Section        0  tcp_out.o(i.tcp_write_checks)
    tcp_write_checks                         0x080072bd   Thumb Code   112  tcp_out.o(i.tcp_write_checks)
    i.tcp_zero_window_probe                  0x0800732c   Section        0  tcp_out.o(i.tcp_zero_window_probe)
    i.tcpip_tcp_timer                        0x0800740c   Section        0  timeouts.o(i.tcpip_tcp_timer)
    tcpip_tcp_timer                          0x0800740d   Thumb Code    40  timeouts.o(i.tcpip_tcp_timer)
    i.time_update                            0x08007444   Section        0  main.o(i.time_update)
    i.udp_bind                               0x08007454   Section        0  udp.o(i.udp_bind)
    i.udp_input                              0x080074e8   Section        0  udp.o(i.udp_input)
    i.udp_input_local_match                  0x08007624   Section        0  udp.o(i.udp_input_local_match)
    udp_input_local_match                    0x08007625   Thumb Code    66  udp.o(i.udp_input_local_match)
    i.udp_netif_ip_addr_changed              0x0800766c   Section        0  udp.o(i.udp_netif_ip_addr_changed)
    i.udp_new_port                           0x0800769c   Section        0  udp.o(i.udp_new_port)
    udp_new_port                             0x0800769d   Thumb Code    80  udp.o(i.udp_new_port)
    i.udp_sendto_if_src                      0x080076f4   Section        0  udp.o(i.udp_sendto_if_src)
    i.usart_baudrate_set                     0x080077b4   Section        0  gd32f10x_usart.o(i.usart_baudrate_set)
    i.usart_data_transmit                    0x08007844   Section        0  gd32f10x_usart.o(i.usart_data_transmit)
    i.usart_deinit                           0x0800784c   Section        0  gd32f10x_usart.o(i.usart_deinit)
    i.usart_enable                           0x080078dc   Section        0  gd32f10x_usart.o(i.usart_enable)
    i.usart_flag_get                         0x080078e6   Section        0  gd32f10x_usart.o(i.usart_flag_get)
    i.usart_hardware_flow_cts_config         0x08007904   Section        0  gd32f10x_usart.o(i.usart_hardware_flow_cts_config)
    i.usart_hardware_flow_rts_config         0x08007918   Section        0  gd32f10x_usart.o(i.usart_hardware_flow_rts_config)
    i.usart_parity_config                    0x0800792c   Section        0  gd32f10x_usart.o(i.usart_parity_config)
    i.usart_receive_config                   0x0800793c   Section        0  gd32f10x_usart.o(i.usart_receive_config)
    i.usart_stop_bit_set                     0x0800794c   Section        0  gd32f10x_usart.o(i.usart_stop_bit_set)
    i.usart_transmit_config                  0x0800795c   Section        0  gd32f10x_usart.o(i.usart_transmit_config)
    i.usart_word_length_set                  0x0800796c   Section        0  gd32f10x_usart.o(i.usart_word_length_set)
    .constdata                               0x0800797c   Section       50  gd32f10x_enet_eval.o(.constdata)
    .constdata                               0x080079b0   Section      144  memp.o(.constdata)
    .constdata                               0x08007a40   Section       80  tcp.o(.constdata)
    tcp_state_str                            0x08007a40   Data          44  tcp.o(.constdata)
    tcp_backoff                              0x08007a6c   Data          13  tcp.o(.constdata)
    tcp_persist_backoff                      0x08007a79   Data           7  tcp.o(.constdata)
    .constdata                               0x08007a90   Section        8  ip4_addr.o(.constdata)
    .constdata                               0x08007a98   Section       12  ethernet.o(.constdata)
    .conststring                             0x08007aa4   Section      174  hello_gigadevice.o(.conststring)
    .conststring                             0x08007b54   Section      117  tcp.o(.conststring)
    .data                                    0x20000000   Section        4  gd32f10x_enet_eval.o(.data)
    enet_init_status                         0x20000000   Data           4  gd32f10x_enet_eval.o(.data)
    .data                                    0x20000004   Section        8  main.o(.data)
    .data                                    0x2000000c   Section       12  netconf.o(.data)
    .data                                    0x20000018   Section       20  gd32f10x_enet.o(.data)
    enet_unknow_err                          0x20000028   Data           4  gd32f10x_enet.o(.data)
    .data                                    0x2000002c   Section       12  mem.o(.data)
    ram                                      0x2000002c   Data           4  mem.o(.data)
    ram_end                                  0x20000030   Data           4  mem.o(.data)
    lfree                                    0x20000034   Data           4  mem.o(.data)
    .data                                    0x20000038   Section       36  memp.o(.data)
    memp_tab_UDP_PCB                         0x20000038   Data           4  memp.o(.data)
    memp_tab_TCP_PCB                         0x2000003c   Data           4  memp.o(.data)
    memp_tab_TCP_PCB_LISTEN                  0x20000040   Data           4  memp.o(.data)
    memp_tab_TCP_SEG                         0x20000044   Data           4  memp.o(.data)
    memp_tab_REASSDATA                       0x20000048   Data           4  memp.o(.data)
    memp_tab_FRAG_PBUF                       0x2000004c   Data           4  memp.o(.data)
    memp_tab_SYS_TIMEOUT                     0x20000050   Data           4  memp.o(.data)
    memp_tab_PBUF                            0x20000054   Data           4  memp.o(.data)
    memp_tab_PBUF_POOL                       0x20000058   Data           4  memp.o(.data)
    .data                                    0x2000005c   Section        9  netif.o(.data)
    netif_num                                0x20000064   Data           1  netif.o(.data)
    .data                                    0x20000068   Section       32  tcp.o(.data)
    tcp_port                                 0x20000068   Data           2  tcp.o(.data)
    tcp_timer                                0x20000081   Data           1  tcp.o(.data)
    tcp_timer_ctr                            0x20000082   Data           1  tcp.o(.data)
    iss                                      0x20000084   Data           4  tcp.o(.data)
    .data                                    0x20000088   Section       40  tcp_in.o(.data)
    tcphdr                                   0x20000088   Data           4  tcp_in.o(.data)
    tcphdr_optlen                            0x2000008c   Data           2  tcp_in.o(.data)
    tcphdr_opt1len                           0x2000008e   Data           2  tcp_in.o(.data)
    tcphdr_opt2                              0x20000090   Data           4  tcp_in.o(.data)
    tcp_optidx                               0x20000094   Data           2  tcp_in.o(.data)
    seqno                                    0x20000098   Data           4  tcp_in.o(.data)
    ackno                                    0x2000009c   Data           4  tcp_in.o(.data)
    recv_acked                               0x200000a0   Data           2  tcp_in.o(.data)
    tcplen                                   0x200000a2   Data           2  tcp_in.o(.data)
    flags                                    0x200000a4   Data           1  tcp_in.o(.data)
    recv_flags                               0x200000a5   Data           1  tcp_in.o(.data)
    recv_data                                0x200000a8   Data           4  tcp_in.o(.data)
    .data                                    0x200000b0   Section       12  timeouts.o(.data)
    next_timeout                             0x200000b0   Data           4  timeouts.o(.data)
    timeouts_last_time                       0x200000b4   Data           4  timeouts.o(.data)
    tcpip_tcp_timer_active                   0x200000b8   Data           4  timeouts.o(.data)
    .data                                    0x200000bc   Section        8  udp.o(.data)
    udp_port                                 0x200000bc   Data           2  udp.o(.data)
    .data                                    0x200000c4   Section       24  dhcp.o(.data)
    dhcp_discover_request_options            0x200000cc   Data           3  dhcp.o(.data)
    dhcp_pcb                                 0x200000d0   Data           4  dhcp.o(.data)
    dhcp_pcb_refcount                        0x200000d4   Data           1  dhcp.o(.data)
    xid                                      0x200000d8   Data           4  dhcp.o(.data)
    .data                                    0x200000dc   Section        1  etharp.o(.data)
    etharp_cached_entry                      0x200000dc   Data           1  etharp.o(.data)
    .data                                    0x200000de   Section        2  ip4.o(.data)
    ip_id                                    0x200000de   Data           2  ip4.o(.data)
    .data                                    0x200000e0   Section        6  ip4_frag.o(.data)
    reassdatagrams                           0x200000e0   Data           4  ip4_frag.o(.data)
    ip_reass_pbufcount                       0x200000e4   Data           2  ip4_frag.o(.data)
    .data                                    0x200000e8   Section      125  gd32f10x_eval.o(.data)
    GPIO_PORT                                0x200000e8   Data          16  gd32f10x_eval.o(.data)
    GPIO_PIN                                 0x200000f8   Data          16  gd32f10x_eval.o(.data)
    COM_CLK                                  0x20000108   Data           4  gd32f10x_eval.o(.data)
    COM_TX_PIN                               0x2000010c   Data           8  gd32f10x_eval.o(.data)
    COM_RX_PIN                               0x20000114   Data           8  gd32f10x_eval.o(.data)
    COM_GPIO_PORT                            0x2000011c   Data           8  gd32f10x_eval.o(.data)
    COM_GPIO_CLK                             0x20000124   Data           4  gd32f10x_eval.o(.data)
    GPIO_CLK                                 0x20000128   Data           8  gd32f10x_eval.o(.data)
    KEY_PORT                                 0x20000130   Data          12  gd32f10x_eval.o(.data)
    KEY_PIN                                  0x2000013c   Data          12  gd32f10x_eval.o(.data)
    KEY_CLK                                  0x20000148   Data           6  gd32f10x_eval.o(.data)
    KEY_EXTI_LINE                            0x20000150   Data          12  gd32f10x_eval.o(.data)
    KEY_PORT_SOURCE                          0x2000015c   Data           3  gd32f10x_eval.o(.data)
    KEY_PIN_SOURCE                           0x2000015f   Data           3  gd32f10x_eval.o(.data)
    KEY_IRQn                                 0x20000162   Data           3  gd32f10x_eval.o(.data)
    .data                                    0x20000168   Section        4  stdout.o(.data)
    .bss                                     0x2000016c   Section       52  netconf.o(.bss)
    .bss                                     0x200001a0   Section    15460  gd32f10x_enet.o(.bss)
    enet_initpara                            0x20003dc8   Data          60  gd32f10x_enet.o(.bss)
    .bss                                     0x20003e04   Section       24  ip.o(.bss)
    .bss                                     0x20003e1c   Section    20499  mem.o(.bss)
    .bss                                     0x20008e2f   Section    18059  memp.o(.bss)
    .bss                                     0x2000d4bc   Section       16  tcp_in.o(.bss)
    inseg                                    0x2000d4bc   Data          16  tcp_in.o(.bss)
    .bss                                     0x2000d4cc   Section      240  etharp.o(.bss)
    arp_table                                0x2000d4cc   Data         240  etharp.o(.bss)
    STACK                                    0x2000d5c0   Section     1024  startup_gd32f10x_cl.o(STACK)

    Global Symbols

    Symbol Name                              Value     Ov Type        Size  Object(Section)

    BuildAttributes$$THM_ISAv4$P$D$K$B$S$PE$A:L22UL41UL21$X:L11$S22US41US21$IEEE1$IW$USESV6$~STKCKD$USESV7$~SHL$OSPACE$ROPI$EBA8$MICROLIB$REQ8$PRES8$EABIv2 0x00000000   Number         0  anon$$obj.o ABSOLUTE
    __ARM_use_no_argv                        0x00000000   Number         0  main.o ABSOLUTE
    _printf_a                                0x00000000   Number         0  stubs.o ABSOLUTE
    _printf_c                                0x00000000   Number         0  stubs.o ABSOLUTE
    _printf_charcount                        0x00000000   Number         0  stubs.o ABSOLUTE
    _printf_d                                0x00000000   Number         0  stubs.o ABSOLUTE
    _printf_e                                0x00000000   Number         0  stubs.o ABSOLUTE
    _printf_f                                0x00000000   Number         0  stubs.o ABSOLUTE
    _printf_flags                            0x00000000   Number         0  stubs.o ABSOLUTE
    _printf_fp_dec                           0x00000000   Number         0  stubs.o ABSOLUTE
    _printf_fp_hex                           0x00000000   Number         0  stubs.o ABSOLUTE
    _printf_g                                0x00000000   Number         0  stubs.o ABSOLUTE
    _printf_i                                0x00000000   Number         0  stubs.o ABSOLUTE
    _printf_int_dec                          0x00000000   Number         0  stubs.o ABSOLUTE
    _printf_l                                0x00000000   Number         0  stubs.o ABSOLUTE
    _printf_lc                               0x00000000   Number         0  stubs.o ABSOLUTE
    _printf_ll                               0x00000000   Number         0  stubs.o ABSOLUTE
    _printf_lld                              0x00000000   Number         0  stubs.o ABSOLUTE
    _printf_lli                              0x00000000   Number         0  stubs.o ABSOLUTE
    _printf_llo                              0x00000000   Number         0  stubs.o ABSOLUTE
    _printf_llu                              0x00000000   Number         0  stubs.o ABSOLUTE
    _printf_llx                              0x00000000   Number         0  stubs.o ABSOLUTE
    _printf_longlong_dec                     0x00000000   Number         0  stubs.o ABSOLUTE
    _printf_longlong_hex                     0x00000000   Number         0  stubs.o ABSOLUTE
    _printf_longlong_oct                     0x00000000   Number         0  stubs.o ABSOLUTE
    _printf_ls                               0x00000000   Number         0  stubs.o ABSOLUTE
    _printf_mbtowc                           0x00000000   Number         0  stubs.o ABSOLUTE
    _printf_n                                0x00000000   Number         0  stubs.o ABSOLUTE
    _printf_o                                0x00000000   Number         0  stubs.o ABSOLUTE
    _printf_p                                0x00000000   Number         0  stubs.o ABSOLUTE
    _printf_percent                          0x00000000   Number         0  stubs.o ABSOLUTE
    _printf_pre_padding                      0x00000000   Number         0  stubs.o ABSOLUTE
    _printf_return_value                     0x00000000   Number         0  stubs.o ABSOLUTE
    _printf_s                                0x00000000   Number         0  stubs.o ABSOLUTE
    _printf_sizespec                         0x00000000   Number         0  stubs.o ABSOLUTE
    _printf_str                              0x00000000   Number         0  stubs.o ABSOLUTE
    _printf_truncate_signed                  0x00000000   Number         0  stubs.o ABSOLUTE
    _printf_truncate_unsigned                0x00000000   Number         0  stubs.o ABSOLUTE
    _printf_u                                0x00000000   Number         0  stubs.o ABSOLUTE
    _printf_wc                               0x00000000   Number         0  stubs.o ABSOLUTE
    _printf_wctomb                           0x00000000   Number         0  stubs.o ABSOLUTE
    _printf_widthprec                        0x00000000   Number         0  stubs.o ABSOLUTE
    _printf_x                                0x00000000   Number         0  stubs.o ABSOLUTE
    __arm_fini_                               - Undefined Weak Reference
    __cpp_initialize__aeabi_                  - Undefined Weak Reference
    __cxa_finalize                            - Undefined Weak Reference
    _clock_init                               - Undefined Weak Reference
    _microlib_exit                            - Undefined Weak Reference
    __Vectors_Size                           0x00000150   Number         0  startup_gd32f10x_cl.o ABSOLUTE
    __Vectors                                0x08000000   Data           4  startup_gd32f10x_cl.o(RESET)
    __Vectors_End                            0x08000150   Data           0  startup_gd32f10x_cl.o(RESET)
    __main                                   0x08000151   Thumb Code     0  entry.o(.ARM.Collect$$$$00000000)
    _main_stk                                0x08000151   Thumb Code     0  entry2.o(.ARM.Collect$$$$00000001)
    _main_scatterload                        0x08000155   Thumb Code     0  entry5.o(.ARM.Collect$$$$00000004)
    __main_after_scatterload                 0x08000159   Thumb Code     0  entry5.o(.ARM.Collect$$$$00000004)
    _main_clock                              0x08000159   Thumb Code     0  entry7b.o(.ARM.Collect$$$$00000008)
    _main_cpp_init                           0x08000159   Thumb Code     0  entry8b.o(.ARM.Collect$$$$0000000A)
    _main_init                               0x08000159   Thumb Code     0  entry9a.o(.ARM.Collect$$$$0000000B)
    __rt_lib_shutdown_fini                   0x08000161   Thumb Code     0  entry12b.o(.ARM.Collect$$$$0000000E)
    __rt_final_cpp                           0x08000165   Thumb Code     0  entry10a.o(.ARM.Collect$$$$0000000F)
    __rt_final_exit                          0x08000165   Thumb Code     0  entry11a.o(.ARM.Collect$$$$00000011)
    Reset_Handler                            0x08000169   Thumb Code     8  startup_gd32f10x_cl.o(.text)
    ADC0_1_IRQHandler                        0x08000183   Thumb Code     0  startup_gd32f10x_cl.o(.text)
    CAN0_EWMC_IRQHandler                     0x08000183   Thumb Code     0  startup_gd32f10x_cl.o(.text)
    CAN0_RX0_IRQHandler                      0x08000183   Thumb Code     0  startup_gd32f10x_cl.o(.text)
    CAN0_RX1_IRQHandler                      0x08000183   Thumb Code     0  startup_gd32f10x_cl.o(.text)
    CAN0_TX_IRQHandler                       0x08000183   Thumb Code     0  startup_gd32f10x_cl.o(.text)
    CAN1_EWMC_IRQHandler                     0x08000183   Thumb Code     0  startup_gd32f10x_cl.o(.text)
    CAN1_RX0_IRQHandler                      0x08000183   Thumb Code     0  startup_gd32f10x_cl.o(.text)
    CAN1_RX1_IRQHandler                      0x08000183   Thumb Code     0  startup_gd32f10x_cl.o(.text)
    CAN1_TX_IRQHandler                       0x08000183   Thumb Code     0  startup_gd32f10x_cl.o(.text)
    DMA0_Channel0_IRQHandler                 0x08000183   Thumb Code     0  startup_gd32f10x_cl.o(.text)
    DMA0_Channel1_IRQHandler                 0x08000183   Thumb Code     0  startup_gd32f10x_cl.o(.text)
    DMA0_Channel2_IRQHandler                 0x08000183   Thumb Code     0  startup_gd32f10x_cl.o(.text)
    DMA0_Channel3_IRQHandler                 0x08000183   Thumb Code     0  startup_gd32f10x_cl.o(.text)
    DMA0_Channel4_IRQHandler                 0x08000183   Thumb Code     0  startup_gd32f10x_cl.o(.text)
    DMA0_Channel5_IRQHandler                 0x08000183   Thumb Code     0  startup_gd32f10x_cl.o(.text)
    DMA0_Channel6_IRQHandler                 0x08000183   Thumb Code     0  startup_gd32f10x_cl.o(.text)
    DMA1_Channel0_IRQHandler                 0x08000183   Thumb Code     0  startup_gd32f10x_cl.o(.text)
    DMA1_Channel1_IRQHandler                 0x08000183   Thumb Code     0  startup_gd32f10x_cl.o(.text)
    DMA1_Channel2_IRQHandler                 0x08000183   Thumb Code     0  startup_gd32f10x_cl.o(.text)
    DMA1_Channel3_IRQHandler                 0x08000183   Thumb Code     0  startup_gd32f10x_cl.o(.text)
    DMA1_Channel4_IRQHandler                 0x08000183   Thumb Code     0  startup_gd32f10x_cl.o(.text)
    ENET_IRQHandler                          0x08000183   Thumb Code     0  startup_gd32f10x_cl.o(.text)
    ENET_WKUP_IRQHandler                     0x08000183   Thumb Code     0  startup_gd32f10x_cl.o(.text)
    EXMC_IRQHandler                          0x08000183   Thumb Code     0  startup_gd32f10x_cl.o(.text)
    EXTI0_IRQHandler                         0x08000183   Thumb Code     0  startup_gd32f10x_cl.o(.text)
    EXTI10_15_IRQHandler                     0x08000183   Thumb Code     0  startup_gd32f10x_cl.o(.text)
    EXTI1_IRQHandler                         0x08000183   Thumb Code     0  startup_gd32f10x_cl.o(.text)
    EXTI2_IRQHandler                         0x08000183   Thumb Code     0  startup_gd32f10x_cl.o(.text)
    EXTI3_IRQHandler                         0x08000183   Thumb Code     0  startup_gd32f10x_cl.o(.text)
    EXTI4_IRQHandler                         0x08000183   Thumb Code     0  startup_gd32f10x_cl.o(.text)
    EXTI5_9_IRQHandler                       0x08000183   Thumb Code     0  startup_gd32f10x_cl.o(.text)
    FMC_IRQHandler                           0x08000183   Thumb Code     0  startup_gd32f10x_cl.o(.text)
    I2C0_ER_IRQHandler                       0x08000183   Thumb Code     0  startup_gd32f10x_cl.o(.text)
    I2C0_EV_IRQHandler                       0x08000183   Thumb Code     0  startup_gd32f10x_cl.o(.text)
    I2C1_ER_IRQHandler                       0x08000183   Thumb Code     0  startup_gd32f10x_cl.o(.text)
    I2C1_EV_IRQHandler                       0x08000183   Thumb Code     0  startup_gd32f10x_cl.o(.text)
    LVD_IRQHandler                           0x08000183   Thumb Code     0  startup_gd32f10x_cl.o(.text)
    RCU_IRQHandler                           0x08000183   Thumb Code     0  startup_gd32f10x_cl.o(.text)
    RTC_Alarm_IRQHandler                     0x08000183   Thumb Code     0  startup_gd32f10x_cl.o(.text)
    RTC_IRQHandler                           0x08000183   Thumb Code     0  startup_gd32f10x_cl.o(.text)
    SPI0_IRQHandler                          0x08000183   Thumb Code     0  startup_gd32f10x_cl.o(.text)
    SPI1_IRQHandler                          0x08000183   Thumb Code     0  startup_gd32f10x_cl.o(.text)
    SPI2_IRQHandler                          0x08000183   Thumb Code     0  startup_gd32f10x_cl.o(.text)
    TAMPER_IRQHandler                        0x08000183   Thumb Code     0  startup_gd32f10x_cl.o(.text)
    TIMER0_BRK_IRQHandler                    0x08000183   Thumb Code     0  startup_gd32f10x_cl.o(.text)
    TIMER0_Channel_IRQHandler                0x08000183   Thumb Code     0  startup_gd32f10x_cl.o(.text)
    TIMER0_TRG_CMT_IRQHandler                0x08000183   Thumb Code     0  startup_gd32f10x_cl.o(.text)
    TIMER0_UP_IRQHandler                     0x08000183   Thumb Code     0  startup_gd32f10x_cl.o(.text)
    TIMER1_IRQHandler                        0x08000183   Thumb Code     0  startup_gd32f10x_cl.o(.text)
    TIMER2_IRQHandler                        0x08000183   Thumb Code     0  startup_gd32f10x_cl.o(.text)
    TIMER3_IRQHandler                        0x08000183   Thumb Code     0  startup_gd32f10x_cl.o(.text)
    TIMER4_IRQHandler                        0x08000183   Thumb Code     0  startup_gd32f10x_cl.o(.text)
    TIMER5_IRQHandler                        0x08000183   Thumb Code     0  startup_gd32f10x_cl.o(.text)
    TIMER6_IRQHandler                        0x08000183   Thumb Code     0  startup_gd32f10x_cl.o(.text)
    TIMER7_BRK_IRQHandler                    0x08000183   Thumb Code     0  startup_gd32f10x_cl.o(.text)
    TIMER7_Channel_IRQHandler                0x08000183   Thumb Code     0  startup_gd32f10x_cl.o(.text)
    TIMER7_TRG_CMT_IRQHandler                0x08000183   Thumb Code     0  startup_gd32f10x_cl.o(.text)
    TIMER7_UP_IRQHandler                     0x08000183   Thumb Code     0  startup_gd32f10x_cl.o(.text)
    UART3_IRQHandler                         0x08000183   Thumb Code     0  startup_gd32f10x_cl.o(.text)
    UART4_IRQHandler                         0x08000183   Thumb Code     0  startup_gd32f10x_cl.o(.text)
    USART0_IRQHandler                        0x08000183   Thumb Code     0  startup_gd32f10x_cl.o(.text)
    USART1_IRQHandler                        0x08000183   Thumb Code     0  startup_gd32f10x_cl.o(.text)
    USART2_IRQHandler                        0x08000183   Thumb Code     0  startup_gd32f10x_cl.o(.text)
    USBFS_IRQHandler                         0x08000183   Thumb Code     0  startup_gd32f10x_cl.o(.text)
    USBFS_WKUP_IRQHandler                    0x08000183   Thumb Code     0  startup_gd32f10x_cl.o(.text)
    WWDGT_IRQHandler                         0x08000183   Thumb Code     0  startup_gd32f10x_cl.o(.text)
    __aeabi_memcpy                           0x0800018d   Thumb Code    36  memcpya.o(.text)
    __aeabi_memcpy4                          0x0800018d   Thumb Code     0  memcpya.o(.text)
    __aeabi_memcpy8                          0x0800018d   Thumb Code     0  memcpya.o(.text)
    __aeabi_memset                           0x080001b1   Thumb Code    14  memseta.o(.text)
    __aeabi_memset4                          0x080001b1   Thumb Code     0  memseta.o(.text)
    __aeabi_memset8                          0x080001b1   Thumb Code     0  memseta.o(.text)
    __aeabi_memclr                           0x080001bf   Thumb Code     4  memseta.o(.text)
    __aeabi_memclr4                          0x080001bf   Thumb Code     0  memseta.o(.text)
    __aeabi_memclr8                          0x080001bf   Thumb Code     0  memseta.o(.text)
    _memset$wrapper                          0x080001c3   Thumb Code    18  memseta.o(.text)
    strlen                                   0x080001d5   Thumb Code    14  strlen.o(.text)
    memcmp                                   0x080001e3   Thumb Code    26  memcmp.o(.text)
    __aeabi_uidiv                            0x080001fd   Thumb Code     0  uidiv.o(.text)
    __aeabi_uidivmod                         0x080001fd   Thumb Code    44  uidiv.o(.text)
    __scatterload                            0x08000229   Thumb Code    28  init.o(.text)
    __scatterload_rt2                        0x08000229   Thumb Code     0  init.o(.text)
    __decompress                             0x0800024d   Thumb Code     0  __dczerorl2.o(.text)
    __decompress1                            0x0800024d   Thumb Code    86  __dczerorl2.o(.text)
    BusFault_Handler                         0x080002a3   Thumb Code     4  gd32f10x_it.o(i.BusFault_Handler)
    DebugMon_Handler                         0x080002a7   Thumb Code     2  gd32f10x_it.o(i.DebugMon_Handler)
    HardFault_Handler                        0x080002a9   Thumb Code     4  gd32f10x_it.o(i.HardFault_Handler)
    MemManage_Handler                        0x080002ad   Thumb Code     4  gd32f10x_it.o(i.MemManage_Handler)
    NMI_Handler                              0x080002b1   Thumb Code     2  gd32f10x_it.o(i.NMI_Handler)
    PendSV_Handler                           0x080002b3   Thumb Code     2  gd32f10x_it.o(i.PendSV_Handler)
    SVC_Handler                              0x080002b5   Thumb Code     2  gd32f10x_it.o(i.SVC_Handler)
    SysTick_Handler                          0x080002b7   Thumb Code     8  gd32f10x_it.o(i.SysTick_Handler)
    SystemInit                               0x080002c1   Thumb Code   200  system_gd32f10x.o(i.SystemInit)
    UsageFault_Handler                       0x0800039d   Thumb Code     4  gd32f10x_it.o(i.UsageFault_Handler)
    __0printf$3                              0x080003a1   Thumb Code    22  printf3.o(i.__0printf$3)
    __1printf$3                              0x080003a1   Thumb Code     0  printf3.o(i.__0printf$3)
    __2printf                                0x080003a1   Thumb Code     0  printf3.o(i.__0printf$3)
    __0sprintf$3                             0x080003c1   Thumb Code    34  printf3.o(i.__0sprintf$3)
    __1sprintf$3                             0x080003c1   Thumb Code     0  printf3.o(i.__0sprintf$3)
    __2sprintf                               0x080003c1   Thumb Code     0  printf3.o(i.__0sprintf$3)
    __scatterload_copy                       0x080003e9   Thumb Code    14  handlers.o(i.__scatterload_copy)
    __scatterload_null                       0x080003f7   Thumb Code     2  handlers.o(i.__scatterload_null)
    __scatterload_zeroinit                   0x080003f9   Thumb Code    14  handlers.o(i.__scatterload_zeroinit)
    dhcp_arp_reply                           0x080005cb   Thumb Code    42  dhcp.o(i.dhcp_arp_reply)
    enet_deinit                              0x08000969   Thumb Code    24  gd32f10x_enet.o(i.enet_deinit)
    enet_desc_information_get                0x08000999   Thumb Code    76  gd32f10x_enet.o(i.enet_desc_information_get)
    enet_desc_receive_complete_bit_enable    0x080009e5   Thumb Code    10  gd32f10x_enet.o(i.enet_desc_receive_complete_bit_enable)
    enet_descriptors_chain_init              0x080009f1   Thumb Code   162  gd32f10x_enet.o(i.enet_descriptors_chain_init)
    enet_enable                              0x08000ab9   Thumb Code    12  gd32f10x_enet.o(i.enet_enable)
    enet_frame_receive                       0x08000ac5   Thumb Code   210  gd32f10x_enet.o(i.enet_frame_receive)
    enet_frame_transmit                      0x08000ba1   Thumb Code   196  gd32f10x_enet.o(i.enet_frame_transmit)
    enet_init                                0x08000d41   Thumb Code   798  gd32f10x_enet.o(i.enet_init)
    enet_initpara_reset                      0x08001089   Thumb Code    36  gd32f10x_enet.o(i.enet_initpara_reset)
    enet_mac_address_set                     0x080010b1   Thumb Code    42  gd32f10x_enet.o(i.enet_mac_address_set)
    enet_phy_config                          0x08001125   Thumb Code   166  gd32f10x_enet.o(i.enet_phy_config)
    enet_phy_write_read                      0x080011e9   Thumb Code   148  gd32f10x_enet.o(i.enet_phy_write_read)
    enet_rx_enable                           0x08001285   Thumb Code    26  gd32f10x_enet.o(i.enet_rx_enable)
    enet_rxframe_drop                        0x080012a9   Thumb Code   158  gd32f10x_enet.o(i.enet_rxframe_drop)
    enet_rxframe_size_get                    0x08001355   Thumb Code   120  gd32f10x_enet.o(i.enet_rxframe_size_get)
    enet_software_reset                      0x080013d5   Thumb Code    52  gd32f10x_enet.o(i.enet_software_reset)
    enet_system_setup                        0x08001411   Thumb Code   110  gd32f10x_enet_eval.o(i.enet_system_setup)
    enet_transmit_checksum_config            0x0800148d   Thumb Code    16  gd32f10x_enet.o(i.enet_transmit_checksum_config)
    enet_tx_enable                           0x0800149d   Thumb Code    32  gd32f10x_enet.o(i.enet_tx_enable)
    enet_txfifo_flush                        0x080014c5   Thumb Code    44  gd32f10x_enet.o(i.enet_txfifo_flush)
    etharp_input                             0x08001699   Thumb Code   190  etharp.o(i.etharp_input)
    etharp_output                            0x08001759   Thumb Code   296  etharp.o(i.etharp_output)
    etharp_query                             0x08001945   Thumb Code   362  etharp.o(i.etharp_query)
    etharp_request                           0x08001b51   Thumb Code    18  etharp.o(i.etharp_request)
    etharp_tmr                               0x08001b95   Thumb Code   216  etharp.o(i.etharp_tmr)
    ethernet_input                           0x08001d31   Thumb Code   196  ethernet.o(i.ethernet_input)
    ethernet_output                          0x08001df9   Thumb Code    86  ethernet.o(i.ethernet_output)
    ethernetif_init                          0x08001e51   Thumb Code    38  ethernetif.o(i.ethernetif_init)
    ethernetif_input                         0x08001e81   Thumb Code    44  ethernetif.o(i.ethernetif_input)
    fputc                                    0x08001ead   Thumb Code    32  main.o(i.fputc)
    gd_eval_com_init                         0x08001ed1   Thumb Code   162  gd32f10x_eval.o(i.gd_eval_com_init)
    gpio_ethernet_phy_select                 0x08001f91   Thumb Code    22  gd32f10x_gpio.o(i.gpio_ethernet_phy_select)
    gpio_init                                0x08001fad   Thumb Code   172  gd32f10x_gpio.o(i.gpio_init)
    hello_gigadevice_init                    0x080021dd   Thumb Code    38  hello_gigadevice.o(i.hello_gigadevice_init)
    icmp_dest_unreach                        0x08002379   Thumb Code    18  icmp.o(i.icmp_dest_unreach)
    icmp_input                               0x0800238d   Thumb Code   388  icmp.o(i.icmp_input)
    icmp_time_exceeded                       0x08002589   Thumb Code    18  icmp.o(i.icmp_time_exceeded)
    inet_chksum_pbuf                         0x0800259b   Thumb Code    82  inet_chksum.o(i.inet_chksum_pbuf)
    ip4_addr_isbroadcast_u32                 0x080025ed   Thumb Code    78  ip4_addr.o(i.ip4_addr_isbroadcast_u32)
    ip4_frag                                 0x0800263d   Thumb Code   444  ip4_frag.o(i.ip4_frag)
    ip4_input                                0x080027fd   Thumb Code   494  ip4.o(i.ip4_input)
    ip4_output_if                            0x080029f5   Thumb Code    54  ip4.o(i.ip4_output_if)
    ip4_output_if_src                        0x08002a2d   Thumb Code   190  ip4.o(i.ip4_output_if_src)
    ip4_reass                                0x08002af5   Thumb Code   408  ip4_frag.o(i.ip4_reass)
    ip4_route                                0x08002c95   Thumb Code   134  ip4.o(i.ip4_route)
    lwip_htonl                               0x080031ad   Thumb Code    26  def.o(i.lwip_htonl)
    lwip_htons                               0x080031c7   Thumb Code    12  def.o(i.lwip_htons)
    lwip_periodic_handle                     0x080031d5   Thumb Code    50  netconf.o(i.lwip_periodic_handle)
    lwip_pkt_handle                          0x08003211   Thumb Code    10  netconf.o(i.lwip_pkt_handle)
    lwip_stack_init                          0x08003221   Thumb Code    66  netconf.o(i.lwip_stack_init)
    lwip_standard_chksum                     0x08003279   Thumb Code    94  inet_chksum.o(i.lwip_standard_chksum)
    main                                     0x080032d9   Thumb Code    40  main.o(i.main)
    mem_calloc                               0x08003309   Thumb Code    34  mem.o(i.mem_calloc)
    mem_free                                 0x0800332d   Thumb Code    68  mem.o(i.mem_free)
    mem_init                                 0x0800337d   Thumb Code    74  mem.o(i.mem_init)
    mem_malloc                               0x080033d9   Thumb Code   222  mem.o(i.mem_malloc)
    mem_trim                                 0x080034c5   Thumb Code   288  mem.o(i.mem_trim)
    memp_free                                0x080035f1   Thumb Code    36  memp.o(i.memp_free)
    memp_init                                0x08003619   Thumb Code    26  memp.o(i.memp_init)
    memp_init_pool                           0x08003639   Thumb Code    44  memp.o(i.memp_init_pool)
    memp_malloc                              0x08003665   Thumb Code    32  memp.o(i.memp_malloc)
    netif_add                                0x08003689   Thumb Code   108  netif.o(i.netif_add)
    netif_set_addr                           0x08003721   Thumb Code    72  netif.o(i.netif_set_addr)
    netif_set_default                        0x08003769   Thumb Code     6  netif.o(i.netif_set_default)
    netif_set_gw                             0x08003775   Thumb Code    12  netif.o(i.netif_set_gw)
    netif_set_ipaddr                         0x08003781   Thumb Code    72  netif.o(i.netif_set_ipaddr)
    netif_set_netmask                        0x080037cd   Thumb Code    12  netif.o(i.netif_set_netmask)
    netif_set_up                             0x080037d9   Thumb Code    44  netif.o(i.netif_set_up)
    nvic_vector_table_set                    0x08003805   Thumb Code    16  gd32f10x_misc.o(i.nvic_vector_table_set)
    pbuf_alloc                               0x0800381d   Thumb Code   422  pbuf.o(i.pbuf_alloc)
    pbuf_alloced_custom                      0x080039c3   Thumb Code   110  pbuf.o(i.pbuf_alloced_custom)
    pbuf_cat                                 0x08003a31   Thumb Code    56  pbuf.o(i.pbuf_cat)
    pbuf_chain                               0x08003a69   Thumb Code    22  pbuf.o(i.pbuf_chain)
    pbuf_clen                                0x08003a7f   Thumb Code    18  pbuf.o(i.pbuf_clen)
    pbuf_copy                                0x08003a91   Thumb Code   192  pbuf.o(i.pbuf_copy)
    pbuf_copy_partial                        0x08003b51   Thumb Code   146  pbuf.o(i.pbuf_copy_partial)
    pbuf_free                                0x08003be3   Thumb Code   134  pbuf.o(i.pbuf_free)
    pbuf_header                              0x08003c69   Thumb Code    18  pbuf.o(i.pbuf_header)
    pbuf_header_force                        0x08003c7b   Thumb Code    18  pbuf.o(i.pbuf_header_force)
    pbuf_realloc                             0x08003d1b   Thumb Code   128  pbuf.o(i.pbuf_realloc)
    pbuf_ref                                 0x08003d9b   Thumb Code    18  pbuf.o(i.pbuf_ref)
    rcu_ckout0_config                        0x08003e35   Thumb Code    18  gd32f10x_rcu.o(i.rcu_ckout0_config)
    rcu_clock_freq_get                       0x08003e4d   Thumb Code   334  gd32f10x_rcu.o(i.rcu_clock_freq_get)
    rcu_flag_get                             0x08003fbd   Thumb Code    30  gd32f10x_rcu.o(i.rcu_flag_get)
    rcu_osci_on                              0x08003fe1   Thumb Code    28  gd32f10x_rcu.o(i.rcu_osci_on)
    rcu_osci_stab_wait                       0x08004001   Thumb Code   296  gd32f10x_rcu.o(i.rcu_osci_stab_wait)
    rcu_periph_clock_enable                  0x0800412d   Thumb Code    28  gd32f10x_rcu.o(i.rcu_periph_clock_enable)
    rcu_periph_reset_disable                 0x0800414d   Thumb Code    28  gd32f10x_rcu.o(i.rcu_periph_reset_disable)
    rcu_periph_reset_enable                  0x0800416d   Thumb Code    28  gd32f10x_rcu.o(i.rcu_periph_reset_enable)
    rcu_pll2_config                          0x0800418d   Thumb Code    22  gd32f10x_rcu.o(i.rcu_pll2_config)
    sys_now                                  0x080041a9   Thumb Code     6  netconf.o(i.sys_now)
    sys_timeout                              0x080041b5   Thumb Code   206  timeouts.o(i.sys_timeout)
    systick_clksource_set                    0x0800437d   Thumb Code    40  gd32f10x_misc.o(i.systick_clksource_set)
    tcp_abandon                              0x080043a5   Thumb Code   220  tcp.o(i.tcp_abandon)
    tcp_abort                                0x08004491   Thumb Code    14  tcp.o(i.tcp_abort)
    tcp_accept                               0x0800449f   Thumb Code    16  tcp.o(i.tcp_accept)
    tcp_alloc                                0x080044c5   Thumb Code   166  tcp.o(i.tcp_alloc)
    tcp_arg                                  0x0800457d   Thumb Code     6  tcp.o(i.tcp_arg)
    tcp_bind                                 0x08004585   Thumb Code   162  tcp.o(i.tcp_bind)
    tcp_close                                0x08004635   Thumb Code    28  tcp.o(i.tcp_close)
    tcp_eff_send_mss_impl                    0x080048e5   Thumb Code    58  tcp.o(i.tcp_eff_send_mss_impl)
    tcp_enqueue_flags                        0x0800491f   Thumb Code   270  tcp_out.o(i.tcp_enqueue_flags)
    tcp_err                                  0x08004a2d   Thumb Code    12  tcp.o(i.tcp_err)
    tcp_fasttmr                              0x08004a39   Thumb Code   130  tcp.o(i.tcp_fasttmr)
    tcp_input                                0x08004b21   Thumb Code  1262  tcp_in.o(i.tcp_input)
    tcp_keepalive                            0x08005031   Thumb Code    90  tcp_out.o(i.tcp_keepalive)
    tcp_listen_with_backlog                  0x080052e1   Thumb Code    18  tcp.o(i.tcp_listen_with_backlog)
    tcp_listen_with_backlog_and_err          0x080052f5   Thumb Code   192  tcp.o(i.tcp_listen_with_backlog_and_err)
    tcp_netif_ip_addr_changed                0x080053c1   Thumb Code    70  tcp.o(i.tcp_netif_ip_addr_changed)
    tcp_new                                  0x0800543f   Thumb Code    10  tcp.o(i.tcp_new)
    tcp_next_iss                             0x080054b1   Thumb Code    22  tcp.o(i.tcp_next_iss)
    tcp_output                               0x080054d1   Thumb Code   590  tcp_out.o(i.tcp_output)
    tcp_pcb_purge                            0x0800597d   Thumb Code    64  tcp.o(i.tcp_pcb_purge)
    tcp_pcb_remove                           0x080059bd   Thumb Code   120  tcp.o(i.tcp_pcb_remove)
    tcp_process_refused_data                 0x08005fed   Thumb Code   146  tcp.o(i.tcp_process_refused_data)
    tcp_recv                                 0x08006685   Thumb Code    10  tcp.o(i.tcp_recv)
    tcp_recv_null                            0x0800668f   Thumb Code    46  tcp.o(i.tcp_recv_null)
    tcp_recved                               0x080066bd   Thumb Code    96  tcp.o(i.tcp_recved)
    tcp_rexmit                               0x08006735   Thumb Code    98  tcp_out.o(i.tcp_rexmit)
    tcp_rexmit_fast                          0x08006797   Thumb Code   110  tcp_out.o(i.tcp_rexmit_fast)
    tcp_rexmit_rto                           0x08006805   Thumb Code    66  tcp_out.o(i.tcp_rexmit_rto)
    tcp_rst                                  0x08006847   Thumb Code   136  tcp_out.o(i.tcp_rst)
    tcp_seg_free                             0x080068cf   Thumb Code    26  tcp.o(i.tcp_seg_free)
    tcp_segs_free                            0x080068e9   Thumb Code    24  tcp.o(i.tcp_segs_free)
    tcp_send_empty_ack                       0x08006901   Thumb Code   118  tcp_out.o(i.tcp_send_empty_ack)
    tcp_send_fin                             0x08006977   Thumb Code    74  tcp_out.o(i.tcp_send_fin)
    tcp_slowtmr                              0x080069c1   Thumb Code   830  tcp.o(i.tcp_slowtmr)
    tcp_timer_needed                         0x08006d21   Thumb Code    38  timeouts.o(i.tcp_timer_needed)
    tcp_tmr                                  0x08006dfd   Thumb Code    30  tcp.o(i.tcp_tmr)
    tcp_trigger_input_pcb_close              0x08006e21   Thumb Code    14  tcp_in.o(i.tcp_trigger_input_pcb_close)
    tcp_update_rcv_ann_wnd                   0x08006e35   Thumb Code    78  tcp.o(i.tcp_update_rcv_ann_wnd)
    tcp_write                                0x08006e83   Thumb Code  1082  tcp_out.o(i.tcp_write)
    tcp_zero_window_probe                    0x0800732d   Thumb Code   222  tcp_out.o(i.tcp_zero_window_probe)
    time_update                              0x08007445   Thumb Code    12  main.o(i.time_update)
    udp_bind                                 0x08007455   Thumb Code   138  udp.o(i.udp_bind)
    udp_input                                0x080074e9   Thumb Code   308  udp.o(i.udp_input)
    udp_netif_ip_addr_changed                0x0800766d   Thumb Code    42  udp.o(i.udp_netif_ip_addr_changed)
    udp_sendto_if_src                        0x080076f5   Thumb Code   190  udp.o(i.udp_sendto_if_src)
    usart_baudrate_set                       0x080077b5   Thumb Code   136  gd32f10x_usart.o(i.usart_baudrate_set)
    usart_data_transmit                      0x08007845   Thumb Code     8  gd32f10x_usart.o(i.usart_data_transmit)
    usart_deinit                             0x0800784d   Thumb Code   136  gd32f10x_usart.o(i.usart_deinit)
    usart_enable                             0x080078dd   Thumb Code    10  gd32f10x_usart.o(i.usart_enable)
    usart_flag_get                           0x080078e7   Thumb Code    30  gd32f10x_usart.o(i.usart_flag_get)
    usart_hardware_flow_cts_config           0x08007905   Thumb Code    20  gd32f10x_usart.o(i.usart_hardware_flow_cts_config)
    usart_hardware_flow_rts_config           0x08007919   Thumb Code    20  gd32f10x_usart.o(i.usart_hardware_flow_rts_config)
    usart_parity_config                      0x0800792d   Thumb Code    16  gd32f10x_usart.o(i.usart_parity_config)
    usart_receive_config                     0x0800793d   Thumb Code    16  gd32f10x_usart.o(i.usart_receive_config)
    usart_stop_bit_set                       0x0800794d   Thumb Code    16  gd32f10x_usart.o(i.usart_stop_bit_set)
    usart_transmit_config                    0x0800795d   Thumb Code    16  gd32f10x_usart.o(i.usart_transmit_config)
    usart_word_length_set                    0x0800796d   Thumb Code    16  gd32f10x_usart.o(i.usart_word_length_set)
    gd32_str                                 0x0800797c   Data          50  gd32f10x_enet_eval.o(.constdata)
    memp_UDP_PCB                             0x080079b0   Data          12  memp.o(.constdata)
    memp_TCP_PCB                             0x080079bc   Data          12  memp.o(.constdata)
    memp_TCP_PCB_LISTEN                      0x080079c8   Data          12  memp.o(.constdata)
    memp_TCP_SEG                             0x080079d4   Data          12  memp.o(.constdata)
    memp_REASSDATA                           0x080079e0   Data          12  memp.o(.constdata)
    memp_FRAG_PBUF                           0x080079ec   Data          12  memp.o(.constdata)
    memp_SYS_TIMEOUT                         0x080079f8   Data          12  memp.o(.constdata)
    memp_PBUF                                0x08007a04   Data          12  memp.o(.constdata)
    memp_PBUF_POOL                           0x08007a10   Data          12  memp.o(.constdata)
    memp_pools                               0x08007a1c   Data          36  memp.o(.constdata)
    tcp_pcb_lists                            0x08007a80   Data          16  tcp.o(.constdata)
    ip_addr_any                              0x08007a90   Data           4  ip4_addr.o(.constdata)
    ip_addr_broadcast                        0x08007a94   Data           4  ip4_addr.o(.constdata)
    ethbroadcast                             0x08007a98   Data           6  ethernet.o(.constdata)
    ethzero                                  0x08007a9e   Data           6  ethernet.o(.constdata)
    Region$$Table$$Base                      0x08007bcc   Number         0  anon$$obj.o(Region$$Table)
    Region$$Table$$Limit                     0x08007bec   Number         0  anon$$obj.o(Region$$Table)
    g_localtime                              0x20000004   Data           4  main.o(.data)
    timingdelay                              0x20000008   Data           4  main.o(.data)
    tcp_timer                                0x2000000c   Data           4  netconf.o(.data)
    arp_timer                                0x20000010   Data           4  netconf.o(.data)
    ip_address                               0x20000014   Data           4  netconf.o(.data)
    dma_current_txdesc                       0x20000018   Data           4  gd32f10x_enet.o(.data)
    dma_current_rxdesc                       0x2000001c   Data           4  gd32f10x_enet.o(.data)
    dma_current_ptp_txdesc                   0x20000020   Data           4  gd32f10x_enet.o(.data)
    dma_current_ptp_rxdesc                   0x20000024   Data           4  gd32f10x_enet.o(.data)
    netif_list                               0x2000005c   Data           4  netif.o(.data)
    netif_default                            0x20000060   Data           4  netif.o(.data)
    tcp_ticks                                0x2000006c   Data           4  tcp.o(.data)
    tcp_bound_pcbs                           0x20000070   Data           4  tcp.o(.data)
    tcp_listen_pcbs                          0x20000074   Data           4  tcp.o(.data)
    tcp_active_pcbs                          0x20000078   Data           4  tcp.o(.data)
    tcp_tw_pcbs                              0x2000007c   Data           4  tcp.o(.data)
    tcp_active_pcbs_changed                  0x20000080   Data           1  tcp.o(.data)
    tcp_input_pcb                            0x200000ac   Data           4  tcp_in.o(.data)
    udp_pcbs                                 0x200000c0   Data           4  udp.o(.data)
    dhcp_rx_options_given                    0x200000c4   Data           8  dhcp.o(.data)
    __stdout                                 0x20000168   Data           4  stdout.o(.data)
    netif                                    0x2000016c   Data          52  netconf.o(.bss)
    rxdesc_tab                               0x200001a0   Data          80  gd32f10x_enet.o(.bss)
    txdesc_tab                               0x200001f0   Data          80  gd32f10x_enet.o(.bss)
    rx_buff                                  0x20000240   Data        7620  gd32f10x_enet.o(.bss)
    tx_buff                                  0x20002004   Data        7620  gd32f10x_enet.o(.bss)
    ip_data                                  0x20003e04   Data          24  ip.o(.bss)
    ram_heap                                 0x20003e1c   Data       20499  mem.o(.bss)
    memp_memory_UDP_PCB_base                 0x20008e2f   Data         195  memp.o(.bss)
    memp_memory_TCP_PCB_base                 0x20008ef2   Data        1483  memp.o(.bss)
    memp_memory_TCP_PCB_LISTEN_base          0x200094bd   Data         171  memp.o(.bss)
    memp_memory_TCP_SEG_base                 0x20009568   Data         195  memp.o(.bss)
    memp_memory_REASSDATA_base               0x2000962b   Data         163  memp.o(.bss)
    memp_memory_FRAG_PBUF_base               0x200096ce   Data         363  memp.o(.bss)
    memp_memory_SYS_TIMEOUT_base             0x20009839   Data         163  memp.o(.bss)
    memp_memory_PBUF_base                    0x200098dc   Data         163  memp.o(.bss)
    memp_memory_PBUF_POOL_base               0x2000997f   Data       15163  memp.o(.bss)
    __initial_sp                             0x2000d9c0   Data           0  startup_gd32f10x_cl.o(STACK)



==============================================================================

Memory Map of the image

  Image Entry point : 0x08000151

  Load Region LR_IROM1 (Base: 0x08000000, Size: 0x00007d58, Max: 0x00040000, ABSOLUTE, COMPRESSED[0x00007c48])

    Execution Region ER_IROM1 (Exec base: 0x08000000, Load base: 0x08000000, Size: 0x00007bec, Max: 0x00040000, ABSOLUTE)

    Exec Addr    Load Addr    Size         Type   Attr      Idx    E Section Name        Object

    0x08000000   0x08000000   0x00000150   Data   RO         4662    RESET               startup_gd32f10x_cl.o
    0x08000150   0x08000150   0x00000000   Code   RO         6641  * .ARM.Collect$$$$00000000  mc_w.l(entry.o)
    0x08000150   0x08000150   0x00000004   Code   RO         6919    .ARM.Collect$$$$00000001  mc_w.l(entry2.o)
    0x08000154   0x08000154   0x00000004   Code   RO         6922    .ARM.Collect$$$$00000004  mc_w.l(entry5.o)
    0x08000158   0x08000158   0x00000000   Code   RO         6924    .ARM.Collect$$$$00000008  mc_w.l(entry7b.o)
    0x08000158   0x08000158   0x00000000   Code   RO         6926    .ARM.Collect$$$$0000000A  mc_w.l(entry8b.o)
    0x08000158   0x08000158   0x00000008   Code   RO         6927    .ARM.Collect$$$$0000000B  mc_w.l(entry9a.o)
    0x08000160   0x08000160   0x00000004   Code   RO         6934    .ARM.Collect$$$$0000000E  mc_w.l(entry12b.o)
    0x08000164   0x08000164   0x00000000   Code   RO         6929    .ARM.Collect$$$$0000000F  mc_w.l(entry10a.o)
    0x08000164   0x08000164   0x00000000   Code   RO         6931    .ARM.Collect$$$$00000011  mc_w.l(entry11a.o)
    0x08000164   0x08000164   0x00000004   Code   RO         6920    .ARM.Collect$$$$00002712  mc_w.l(entry2.o)
    0x08000168   0x08000168   0x00000024   Code   RO         4663    .text               startup_gd32f10x_cl.o
    0x0800018c   0x0800018c   0x00000024   Code   RO         6646    .text               mc_w.l(memcpya.o)
    0x080001b0   0x080001b0   0x00000024   Code   RO         6648    .text               mc_w.l(memseta.o)
    0x080001d4   0x080001d4   0x0000000e   Code   RO         6650    .text               mc_w.l(strlen.o)
    0x080001e2   0x080001e2   0x0000001a   Code   RO         6652    .text               mc_w.l(memcmp.o)
    0x080001fc   0x080001fc   0x0000002c   Code   RO         6936    .text               mc_w.l(uidiv.o)
    0x08000228   0x08000228   0x00000024   Code   RO         6953    .text               mc_w.l(init.o)
    0x0800024c   0x0800024c   0x00000056   Code   RO         6967    .text               mc_w.l(__dczerorl2.o)
    0x080002a2   0x080002a2   0x00000004   Code   RO          211    i.BusFault_Handler  gd32f10x_it.o
    0x080002a6   0x080002a6   0x00000002   Code   RO          212    i.DebugMon_Handler  gd32f10x_it.o
    0x080002a8   0x080002a8   0x00000004   Code   RO          213    i.HardFault_Handler  gd32f10x_it.o
    0x080002ac   0x080002ac   0x00000004   Code   RO          214    i.MemManage_Handler  gd32f10x_it.o
    0x080002b0   0x080002b0   0x00000002   Code   RO          215    i.NMI_Handler       gd32f10x_it.o
    0x080002b2   0x080002b2   0x00000002   Code   RO          216    i.PendSV_Handler    gd32f10x_it.o
    0x080002b4   0x080002b4   0x00000002   Code   RO          217    i.SVC_Handler       gd32f10x_it.o
    0x080002b6   0x080002b6   0x00000008   Code   RO          218    i.SysTick_Handler   gd32f10x_it.o
    0x080002be   0x080002be   0x00000002   PAD
    0x080002c0   0x080002c0   0x000000dc   Code   RO          527    i.SystemInit        system_gd32f10x.o
    0x0800039c   0x0800039c   0x00000004   Code   RO          219    i.UsageFault_Handler  gd32f10x_it.o
    0x080003a0   0x080003a0   0x00000020   Code   RO         6747    i.__0printf$3       mc_w.l(printf3.o)
    0x080003c0   0x080003c0   0x00000028   Code   RO         6749    i.__0sprintf$3      mc_w.l(printf3.o)
    0x080003e8   0x080003e8   0x0000000e   Code   RO         6961    i.__scatterload_copy  mc_w.l(handlers.o)
    0x080003f6   0x080003f6   0x00000002   Code   RO         6962    i.__scatterload_null  mc_w.l(handlers.o)
    0x080003f8   0x080003f8   0x0000000e   Code   RO         6963    i.__scatterload_zeroinit  mc_w.l(handlers.o)
    0x08000406   0x08000406   0x00000002   PAD
    0x08000408   0x08000408   0x000001b8   Code   RO         6754    i._printf_core      mc_w.l(printf3.o)
    0x080005c0   0x080005c0   0x0000000a   Code   RO         6756    i._sputc            mc_w.l(printf3.o)
    0x080005ca   0x080005ca   0x0000002a   Code   RO         6054    i.dhcp_arp_reply    dhcp.o
    0x080005f4   0x080005f4   0x00000154   Code   RO         6059    i.dhcp_create_msg   dhcp.o
    0x08000748   0x08000748   0x00000098   Code   RO         6061    i.dhcp_decline      dhcp.o
    0x080007e0   0x080007e0   0x00000028   Code   RO         6062    i.dhcp_delete_msg   dhcp.o
    0x08000808   0x08000808   0x00000020   Code   RO         6071    i.dhcp_option       dhcp.o
    0x08000828   0x08000828   0x00000012   Code   RO         6072    i.dhcp_option_byte  dhcp.o
    0x0800083a   0x0800083a   0x00000042   Code   RO         6073    i.dhcp_option_long  dhcp.o
    0x0800087c   0x0800087c   0x00000046   Code   RO         6075    i.dhcp_option_trailer  dhcp.o
    0x080008c2   0x080008c2   0x00000010   Code   RO         6083    i.dhcp_set_state    dhcp.o
    0x080008d2   0x080008d2   0x00000014   Code   RO         5030    i.do_memp_free_pool  memp.o
    0x080008e6   0x080008e6   0x0000001a   Code   RO         5031    i.do_memp_malloc_pool  memp.o
    0x08000900   0x08000900   0x00000068   Code   RO         3154    i.enet_default_init  gd32f10x_enet.o
    0x08000968   0x08000968   0x00000018   Code   RO         3155    i.enet_deinit       gd32f10x_enet.o
    0x08000980   0x08000980   0x00000018   Code   RO         3156    i.enet_delay        gd32f10x_enet.o
    0x08000998   0x08000998   0x0000004c   Code   RO         3160    i.enet_desc_information_get  gd32f10x_enet.o
    0x080009e4   0x080009e4   0x0000000a   Code   RO         3162    i.enet_desc_receive_complete_bit_enable  gd32f10x_enet.o
    0x080009ee   0x080009ee   0x00000002   PAD
    0x080009f0   0x080009f0   0x000000c8   Code   RO         3163    i.enet_descriptors_chain_init  gd32f10x_enet.o
    0x08000ab8   0x08000ab8   0x0000000c   Code   RO         3170    i.enet_enable       gd32f10x_enet.o
    0x08000ac4   0x08000ac4   0x000000dc   Code   RO         3180    i.enet_frame_receive  gd32f10x_enet.o
    0x08000ba0   0x08000ba0   0x000000cc   Code   RO         3181    i.enet_frame_transmit  gd32f10x_enet.o
    0x08000c6c   0x08000c6c   0x000000d4   Code   RO            3    i.enet_gpio_config  gd32f10x_enet_eval.o
    0x08000d40   0x08000d40   0x00000348   Code   RO         3182    i.enet_init         gd32f10x_enet.o
    0x08001088   0x08001088   0x00000028   Code   RO         3184    i.enet_initpara_reset  gd32f10x_enet.o
    0x080010b0   0x080010b0   0x00000030   Code   RO         3190    i.enet_mac_address_set  gd32f10x_enet.o
    0x080010e0   0x080010e0   0x00000044   Code   RO            4    i.enet_mac_dma_config  gd32f10x_enet_eval.o
    0x08001124   0x08001124   0x000000c4   Code   RO         3199    i.enet_phy_config   gd32f10x_enet.o
    0x080011e8   0x080011e8   0x0000009c   Code   RO         3200    i.enet_phy_write_read  gd32f10x_enet.o
    0x08001284   0x08001284   0x00000024   Code   RO         3224    i.enet_rx_enable    gd32f10x_enet.o
    0x080012a8   0x080012a8   0x000000ac   Code   RO         3225    i.enet_rxframe_drop  gd32f10x_enet.o
    0x08001354   0x08001354   0x00000080   Code   RO         3226    i.enet_rxframe_size_get  gd32f10x_enet.o
    0x080013d4   0x080013d4   0x0000003c   Code   RO         3228    i.enet_software_reset  gd32f10x_enet.o
    0x08001410   0x08001410   0x0000007c   Code   RO            5    i.enet_system_setup  gd32f10x_enet_eval.o
    0x0800148c   0x0800148c   0x00000010   Code   RO         3229    i.enet_transmit_checksum_config  gd32f10x_enet.o
    0x0800149c   0x0800149c   0x00000028   Code   RO         3231    i.enet_tx_enable    gd32f10x_enet.o
    0x080014c4   0x080014c4   0x00000034   Code   RO         3232    i.enet_txfifo_flush  gd32f10x_enet.o
    0x080014f8   0x080014f8   0x00000160   Code   RO         6269    i.etharp_find_entry  etharp.o
    0x08001658   0x08001658   0x00000040   Code   RO         6270    i.etharp_free_entry  etharp.o
    0x08001698   0x08001698   0x000000be   Code   RO         6272    i.etharp_input      etharp.o
    0x08001756   0x08001756   0x00000002   PAD
    0x08001758   0x08001758   0x00000134   Code   RO         6273    i.etharp_output     etharp.o
    0x0800188c   0x0800188c   0x000000b8   Code   RO         6274    i.etharp_output_to_arp_index  etharp.o
    0x08001944   0x08001944   0x00000174   Code   RO         6275    i.etharp_query      etharp.o
    0x08001ab8   0x08001ab8   0x00000098   Code   RO         6276    i.etharp_raw        etharp.o
    0x08001b50   0x08001b50   0x00000018   Code   RO         6277    i.etharp_request    etharp.o
    0x08001b68   0x08001b68   0x0000002c   Code   RO         6278    i.etharp_request_dst  etharp.o
    0x08001b94   0x08001b94   0x000000dc   Code   RO         6279    i.etharp_tmr        etharp.o
    0x08001c70   0x08001c70   0x000000c0   Code   RO         6280    i.etharp_update_arp_entry  etharp.o
    0x08001d30   0x08001d30   0x000000c8   Code   RO         6556    i.ethernet_input    ethernet.o
    0x08001df8   0x08001df8   0x00000056   Code   RO         6557    i.ethernet_output   ethernet.o
    0x08001e4e   0x08001e4e   0x00000002   PAD
    0x08001e50   0x08001e50   0x00000030   Code   RO         4669    i.ethernetif_init   ethernetif.o
    0x08001e80   0x08001e80   0x0000002c   Code   RO         4670    i.ethernetif_input  ethernetif.o
    0x08001eac   0x08001eac   0x00000024   Code   RO          375    i.fputc             main.o
    0x08001ed0   0x08001ed0   0x000000c0   Code   RO         6585    i.gd_eval_com_init  gd32f10x_eval.o
    0x08001f90   0x08001f90   0x0000001c   Code   RO         2515    i.gpio_ethernet_phy_select  gd32f10x_gpio.o
    0x08001fac   0x08001fac   0x000000ac   Code   RO         2520    i.gpio_init         gd32f10x_gpio.o
    0x08002058   0x08002058   0x00000174   Code   RO          286    i.hello_gigadevice_accept  hello_gigadevice.o
    0x080021cc   0x080021cc   0x00000010   Code   RO          287    i.hello_gigadevice_conn_err  hello_gigadevice.o
    0x080021dc   0x080021dc   0x00000030   Code   RO          288    i.hello_gigadevice_init  hello_gigadevice.o
    0x0800220c   0x0800220c   0x0000016c   Code   RO          289    i.hello_gigadevice_recv  hello_gigadevice.o
    0x08002378   0x08002378   0x00000012   Code   RO         6354    i.icmp_dest_unreach  icmp.o
    0x0800238a   0x0800238a   0x00000002   PAD
    0x0800238c   0x0800238c   0x00000188   Code   RO         6355    i.icmp_input        icmp.o
    0x08002514   0x08002514   0x00000074   Code   RO         6356    i.icmp_send_response  icmp.o
    0x08002588   0x08002588   0x00000012   Code   RO         6357    i.icmp_time_exceeded  icmp.o
    0x0800259a   0x0800259a   0x00000052   Code   RO         4833    i.inet_chksum_pbuf  inet_chksum.o
    0x080025ec   0x080025ec   0x0000004e   Code   RO         6434    i.ip4_addr_isbroadcast_u32  ip4_addr.o
    0x0800263a   0x0800263a   0x00000002   PAD
    0x0800263c   0x0800263c   0x000001c0   Code   RO         6487    i.ip4_frag          ip4_frag.o
    0x080027fc   0x080027fc   0x000001f8   Code   RO         6396    i.ip4_input         ip4.o
    0x080029f4   0x080029f4   0x00000036   Code   RO         6398    i.ip4_output_if     ip4.o
    0x08002a2a   0x08002a2a   0x00000002   PAD
    0x08002a2c   0x08002a2c   0x000000c8   Code   RO         6399    i.ip4_output_if_src  ip4.o
    0x08002af4   0x08002af4   0x000001a0   Code   RO         6488    i.ip4_reass         ip4_frag.o
    0x08002c94   0x08002c94   0x00000090   Code   RO         6400    i.ip4_route         ip4.o
    0x08002d24   0x08002d24   0x0000000a   Code   RO         6489    i.ip_frag_alloc_pbuf_custom_ref  ip4_frag.o
    0x08002d2e   0x08002d2e   0x00000012   Code   RO         6490    i.ip_frag_free_pbuf_custom_ref  ip4_frag.o
    0x08002d40   0x08002d40   0x0000016c   Code   RO         6491    i.ip_reass_chain_frag_into_datagram_and_validate  ip4_frag.o
    0x08002eac   0x08002eac   0x0000002c   Code   RO         6492    i.ip_reass_dequeue_datagram  ip4_frag.o
    0x08002ed8   0x08002ed8   0x00000054   Code   RO         6493    i.ip_reass_enqueue_new_datagram  ip4_frag.o
    0x08002f2c   0x08002f2c   0x000000a0   Code   RO         6494    i.ip_reass_free_complete_datagram  ip4_frag.o
    0x08002fcc   0x08002fcc   0x00000088   Code   RO         6495    i.ip_reass_remove_oldest_datagram  ip4_frag.o
    0x08003054   0x08003054   0x00000020   Code   RO         6497    i.ipfrag_free_pbuf_custom  ip4_frag.o
    0x08003074   0x08003074   0x0000008c   Code   RO         4671    i.low_level_init    ethernetif.o
    0x08003100   0x08003100   0x0000005c   Code   RO         4672    i.low_level_input   ethernetif.o
    0x0800315c   0x0800315c   0x00000050   Code   RO         4673    i.low_level_output  ethernetif.o
    0x080031ac   0x080031ac   0x0000001a   Code   RO         4783    i.lwip_htonl        def.o
    0x080031c6   0x080031c6   0x0000000c   Code   RO         4784    i.lwip_htons        def.o
    0x080031d2   0x080031d2   0x00000002   PAD
    0x080031d4   0x080031d4   0x0000003c   Code   RO          432    i.lwip_periodic_handle  netconf.o
    0x08003210   0x08003210   0x00000010   Code   RO          433    i.lwip_pkt_handle   netconf.o
    0x08003220   0x08003220   0x00000058   Code   RO          434    i.lwip_stack_init   netconf.o
    0x08003278   0x08003278   0x0000005e   Code   RO         4840    i.lwip_standard_chksum  inet_chksum.o
    0x080032d6   0x080032d6   0x00000002   PAD
    0x080032d8   0x080032d8   0x00000030   Code   RO          376    i.main              main.o
    0x08003308   0x08003308   0x00000022   Code   RO         4975    i.mem_calloc        mem.o
    0x0800332a   0x0800332a   0x00000002   PAD
    0x0800332c   0x0800332c   0x00000050   Code   RO         4976    i.mem_free          mem.o
    0x0800337c   0x0800337c   0x0000005c   Code   RO         4977    i.mem_init          mem.o
    0x080033d8   0x080033d8   0x000000ec   Code   RO         4978    i.mem_malloc        mem.o
    0x080034c4   0x080034c4   0x0000012c   Code   RO         4979    i.mem_trim          mem.o
    0x080035f0   0x080035f0   0x00000028   Code   RO         5032    i.memp_free         memp.o
    0x08003618   0x08003618   0x00000020   Code   RO         5034    i.memp_init         memp.o
    0x08003638   0x08003638   0x0000002c   Code   RO         5035    i.memp_init_pool    memp.o
    0x08003664   0x08003664   0x00000024   Code   RO         5036    i.memp_malloc       memp.o
    0x08003688   0x08003688   0x00000074   Code   RO         5124    i.netif_add         netif.o
    0x080036fc   0x080036fc   0x00000024   Code   RO         5128    i.netif_issue_reports  netif.o
    0x08003720   0x08003720   0x00000048   Code   RO         5130    i.netif_set_addr    netif.o
    0x08003768   0x08003768   0x0000000c   Code   RO         5131    i.netif_set_default  netif.o
    0x08003774   0x08003774   0x0000000c   Code   RO         5133    i.netif_set_gw      netif.o
    0x08003780   0x08003780   0x0000004c   Code   RO         5134    i.netif_set_ipaddr  netif.o
    0x080037cc   0x080037cc   0x0000000c   Code   RO         5137    i.netif_set_netmask  netif.o
    0x080037d8   0x080037d8   0x0000002c   Code   RO         5138    i.netif_set_up      netif.o
    0x08003804   0x08003804   0x00000018   Code   RO         2257    i.nvic_vector_table_set  gd32f10x_misc.o
    0x0800381c   0x0800381c   0x000001a6   Code   RO         5249    i.pbuf_alloc        pbuf.o
    0x080039c2   0x080039c2   0x0000006e   Code   RO         5250    i.pbuf_alloced_custom  pbuf.o
    0x08003a30   0x08003a30   0x00000038   Code   RO         5251    i.pbuf_cat          pbuf.o
    0x08003a68   0x08003a68   0x00000016   Code   RO         5252    i.pbuf_chain        pbuf.o
    0x08003a7e   0x08003a7e   0x00000012   Code   RO         5253    i.pbuf_clen         pbuf.o
    0x08003a90   0x08003a90   0x000000c0   Code   RO         5255    i.pbuf_copy         pbuf.o
    0x08003b50   0x08003b50   0x00000092   Code   RO         5256    i.pbuf_copy_partial  pbuf.o
    0x08003be2   0x08003be2   0x00000086   Code   RO         5258    i.pbuf_free         pbuf.o
    0x08003c68   0x08003c68   0x00000012   Code   RO         5260    i.pbuf_header       pbuf.o
    0x08003c7a   0x08003c7a   0x00000012   Code   RO         5261    i.pbuf_header_force  pbuf.o
    0x08003c8c   0x08003c8c   0x0000008e   Code   RO         5262    i.pbuf_header_impl  pbuf.o
    0x08003d1a   0x08003d1a   0x00000080   Code   RO         5266    i.pbuf_realloc      pbuf.o
    0x08003d9a   0x08003d9a   0x00000012   Code   RO         5267    i.pbuf_ref          pbuf.o
    0x08003dac   0x08003dac   0x00000088   Code   RO         4980    i.plug_holes        mem.o
    0x08003e34   0x08003e34   0x00000018   Code   RO         1914    i.rcu_ckout0_config  gd32f10x_rcu.o
    0x08003e4c   0x08003e4c   0x00000170   Code   RO         1915    i.rcu_clock_freq_get  gd32f10x_rcu.o
    0x08003fbc   0x08003fbc   0x00000024   Code   RO         1918    i.rcu_flag_get      gd32f10x_rcu.o
    0x08003fe0   0x08003fe0   0x00000020   Code   RO         1931    i.rcu_osci_on       gd32f10x_rcu.o
    0x08004000   0x08004000   0x0000012c   Code   RO         1932    i.rcu_osci_stab_wait  gd32f10x_rcu.o
    0x0800412c   0x0800412c   0x00000020   Code   RO         1934    i.rcu_periph_clock_enable  gd32f10x_rcu.o
    0x0800414c   0x0800414c   0x00000020   Code   RO         1937    i.rcu_periph_reset_disable  gd32f10x_rcu.o
    0x0800416c   0x0800416c   0x00000020   Code   RO         1938    i.rcu_periph_reset_enable  gd32f10x_rcu.o
    0x0800418c   0x0800418c   0x0000001c   Code   RO         1940    i.rcu_pll2_config   gd32f10x_rcu.o
    0x080041a8   0x080041a8   0x0000000c   Code   RO          435    i.sys_now           netconf.o
    0x080041b4   0x080041b4   0x000000d8   Code   RO         5871    i.sys_timeout       timeouts.o
    0x0800428c   0x0800428c   0x000000e8   Code   RO          528    i.system_clock_108m_hxtal  system_gd32f10x.o
    0x08004374   0x08004374   0x00000008   Code   RO          529    i.system_clock_config  system_gd32f10x.o
    0x0800437c   0x0800437c   0x00000028   Code   RO         2260    i.systick_clksource_set  gd32f10x_misc.o
    0x080043a4   0x080043a4   0x000000ec   Code   RO         5424    i.tcp_abandon       tcp.o
    0x08004490   0x08004490   0x0000000e   Code   RO         5425    i.tcp_abort         tcp.o
    0x0800449e   0x0800449e   0x00000010   Code   RO         5426    i.tcp_accept        tcp.o
    0x080044ae   0x080044ae   0x00000014   Code   RO         5427    i.tcp_accept_null   tcp.o
    0x080044c2   0x080044c2   0x00000002   PAD
    0x080044c4   0x080044c4   0x000000b8   Code   RO         5428    i.tcp_alloc         tcp.o
    0x0800457c   0x0800457c   0x00000006   Code   RO         5429    i.tcp_arg           tcp.o
    0x08004582   0x08004582   0x00000002   PAD
    0x08004584   0x08004584   0x000000b0   Code   RO         5430    i.tcp_bind          tcp.o
    0x08004634   0x08004634   0x0000001c   Code   RO         5431    i.tcp_close         tcp.o
    0x08004650   0x08004650   0x00000168   Code   RO         5432    i.tcp_close_shutdown  tcp.o
    0x080047b8   0x080047b8   0x00000068   Code   RO         5433    i.tcp_close_shutdown_fin  tcp.o
    0x08004820   0x08004820   0x000000c4   Code   RO         5764    i.tcp_create_segment  tcp_out.o
    0x080048e4   0x080048e4   0x0000003a   Code   RO         5436    i.tcp_eff_send_mss_impl  tcp.o
    0x0800491e   0x0800491e   0x0000010e   Code   RO         5765    i.tcp_enqueue_flags  tcp_out.o
    0x08004a2c   0x08004a2c   0x0000000c   Code   RO         5437    i.tcp_err           tcp.o
    0x08004a38   0x08004a38   0x00000090   Code   RO         5438    i.tcp_fasttmr       tcp.o
    0x08004ac8   0x08004ac8   0x00000058   Code   RO         5702    i.tcp_getoptbyte    tcp_in.o
    0x08004b20   0x08004b20   0x00000510   Code   RO         5703    i.tcp_input         tcp_in.o
    0x08005030   0x08005030   0x0000005a   Code   RO         5766    i.tcp_keepalive     tcp_out.o
    0x0800508a   0x0800508a   0x00000002   PAD
    0x0800508c   0x0800508c   0x00000058   Code   RO         5440    i.tcp_kill_prio     tcp.o
    0x080050e4   0x080050e4   0x0000004c   Code   RO         5441    i.tcp_kill_state    tcp.o
    0x08005130   0x08005130   0x0000003c   Code   RO         5442    i.tcp_kill_timewait  tcp.o
    0x0800516c   0x0800516c   0x0000002c   Code   RO         5443    i.tcp_listen_closed  tcp.o
    0x08005198   0x08005198   0x00000148   Code   RO         5704    i.tcp_listen_input  tcp_in.o
    0x080052e0   0x080052e0   0x00000012   Code   RO         5444    i.tcp_listen_with_backlog  tcp.o
    0x080052f2   0x080052f2   0x00000002   PAD
    0x080052f4   0x080052f4   0x000000cc   Code   RO         5445    i.tcp_listen_with_backlog_and_err  tcp.o
    0x080053c0   0x080053c0   0x00000054   Code   RO         5446    i.tcp_netif_ip_addr_changed  tcp.o
    0x08005414   0x08005414   0x0000002a   Code   RO         5447    i.tcp_netif_ip_addr_changed_pcblist  tcp.o
    0x0800543e   0x0800543e   0x0000000a   Code   RO         5448    i.tcp_new           tcp.o
    0x08005448   0x08005448   0x00000068   Code   RO         5450    i.tcp_new_port      tcp.o
    0x080054b0   0x080054b0   0x00000020   Code   RO         5451    i.tcp_next_iss      tcp.o
    0x080054d0   0x080054d0   0x00000254   Code   RO         5767    i.tcp_output        tcp_out.o
    0x08005724   0x08005724   0x0000007c   Code   RO         5768    i.tcp_output_alloc_header  tcp_out.o
    0x080057a0   0x080057a0   0x000000c4   Code   RO         5769    i.tcp_output_segment  tcp_out.o
    0x08005864   0x08005864   0x000000a0   Code   RO         5705    i.tcp_parseopt      tcp_in.o
    0x08005904   0x08005904   0x00000078   Code   RO         5770    i.tcp_pbuf_prealloc  tcp_out.o
    0x0800597c   0x0800597c   0x00000040   Code   RO         5452    i.tcp_pcb_purge     tcp.o
    0x080059bc   0x080059bc   0x00000078   Code   RO         5453    i.tcp_pcb_remove    tcp.o
    0x08005a34   0x08005a34   0x000005b8   Code   RO         5706    i.tcp_process       tcp_in.o
    0x08005fec   0x08005fec   0x00000092   Code   RO         5455    i.tcp_process_refused_data  tcp.o
    0x0800607e   0x0800607e   0x00000002   PAD
    0x08006080   0x08006080   0x00000604   Code   RO         5707    i.tcp_receive       tcp_in.o
    0x08006684   0x08006684   0x0000000a   Code   RO         5456    i.tcp_recv          tcp.o
    0x0800668e   0x0800668e   0x0000002e   Code   RO         5457    i.tcp_recv_null     tcp.o
    0x080066bc   0x080066bc   0x00000060   Code   RO         5458    i.tcp_recved        tcp.o
    0x0800671c   0x0800671c   0x00000018   Code   RO         5459    i.tcp_remove_listener  tcp.o
    0x08006734   0x08006734   0x00000062   Code   RO         5771    i.tcp_rexmit        tcp_out.o
    0x08006796   0x08006796   0x0000006e   Code   RO         5772    i.tcp_rexmit_fast   tcp_out.o
    0x08006804   0x08006804   0x00000042   Code   RO         5773    i.tcp_rexmit_rto    tcp_out.o
    0x08006846   0x08006846   0x00000088   Code   RO         5774    i.tcp_rst           tcp_out.o
    0x080068ce   0x080068ce   0x0000001a   Code   RO         5460    i.tcp_seg_free      tcp.o
    0x080068e8   0x080068e8   0x00000018   Code   RO         5461    i.tcp_segs_free     tcp.o
    0x08006900   0x08006900   0x00000076   Code   RO         5775    i.tcp_send_empty_ack  tcp_out.o
    0x08006976   0x08006976   0x0000004a   Code   RO         5776    i.tcp_send_fin      tcp_out.o
    0x080069c0   0x080069c0   0x00000360   Code   RO         5465    i.tcp_slowtmr       tcp.o
    0x08006d20   0x08006d20   0x00000038   Code   RO         5875    i.tcp_timer_needed  timeouts.o
    0x08006d58   0x08006d58   0x000000a4   Code   RO         5708    i.tcp_timewait_input  tcp_in.o
    0x08006dfc   0x08006dfc   0x00000024   Code   RO         5466    i.tcp_tmr           tcp.o
    0x08006e20   0x08006e20   0x00000014   Code   RO         5709    i.tcp_trigger_input_pcb_close  tcp_in.o
    0x08006e34   0x08006e34   0x0000004e   Code   RO         5468    i.tcp_update_rcv_ann_wnd  tcp.o
    0x08006e82   0x08006e82   0x0000043a   Code   RO         5777    i.tcp_write         tcp_out.o
    0x080072bc   0x080072bc   0x00000070   Code   RO         5778    i.tcp_write_checks  tcp_out.o
    0x0800732c   0x0800732c   0x000000de   Code   RO         5779    i.tcp_zero_window_probe  tcp_out.o
    0x0800740a   0x0800740a   0x00000002   PAD
    0x0800740c   0x0800740c   0x00000038   Code   RO         5876    i.tcpip_tcp_timer   timeouts.o
    0x08007444   0x08007444   0x00000010   Code   RO          377    i.time_update       main.o
    0x08007454   0x08007454   0x00000094   Code   RO         5936    i.udp_bind          udp.o
    0x080074e8   0x080074e8   0x0000013c   Code   RO         5940    i.udp_input         udp.o
    0x08007624   0x08007624   0x00000048   Code   RO         5941    i.udp_input_local_match  udp.o
    0x0800766c   0x0800766c   0x00000030   Code   RO         5942    i.udp_netif_ip_addr_changed  udp.o
    0x0800769c   0x0800769c   0x00000058   Code   RO         5945    i.udp_new_port      udp.o
    0x080076f4   0x080076f4   0x000000be   Code   RO         5951    i.udp_sendto_if_src  udp.o
    0x080077b2   0x080077b2   0x00000002   PAD
    0x080077b4   0x080077b4   0x00000090   Code   RO          620    i.usart_baudrate_set  gd32f10x_usart.o
    0x08007844   0x08007844   0x00000008   Code   RO          622    i.usart_data_transmit  gd32f10x_usart.o
    0x0800784c   0x0800784c   0x00000090   Code   RO          623    i.usart_deinit      gd32f10x_usart.o
    0x080078dc   0x080078dc   0x0000000a   Code   RO          627    i.usart_enable      gd32f10x_usart.o
    0x080078e6   0x080078e6   0x0000001e   Code   RO          629    i.usart_flag_get    gd32f10x_usart.o
    0x08007904   0x08007904   0x00000014   Code   RO          633    i.usart_hardware_flow_cts_config  gd32f10x_usart.o
    0x08007918   0x08007918   0x00000014   Code   RO          634    i.usart_hardware_flow_rts_config  gd32f10x_usart.o
    0x0800792c   0x0800792c   0x00000010   Code   RO          648    i.usart_parity_config  gd32f10x_usart.o
    0x0800793c   0x0800793c   0x00000010   Code   RO          650    i.usart_receive_config  gd32f10x_usart.o
    0x0800794c   0x0800794c   0x00000010   Code   RO          656    i.usart_stop_bit_set  gd32f10x_usart.o
    0x0800795c   0x0800795c   0x00000010   Code   RO          660    i.usart_transmit_config  gd32f10x_usart.o
    0x0800796c   0x0800796c   0x00000010   Code   RO          661    i.usart_word_length_set  gd32f10x_usart.o
    0x0800797c   0x0800797c   0x00000032   Data   RO            6    .constdata          gd32f10x_enet_eval.o
    0x080079ae   0x080079ae   0x00000002   PAD
    0x080079b0   0x080079b0   0x00000090   Data   RO         5039    .constdata          memp.o
    0x08007a40   0x08007a40   0x00000050   Data   RO         5469    .constdata          tcp.o
    0x08007a90   0x08007a90   0x00000008   Data   RO         6441    .constdata          ip4_addr.o
    0x08007a98   0x08007a98   0x0000000c   Data   RO         6558    .constdata          ethernet.o
    0x08007aa4   0x08007aa4   0x000000ae   Data   RO          290    .conststring        hello_gigadevice.o
    0x08007b52   0x08007b52   0x00000002   PAD
    0x08007b54   0x08007b54   0x00000075   Data   RO         5470    .conststring        tcp.o
    0x08007bc9   0x08007bc9   0x00000003   PAD
    0x08007bcc   0x08007bcc   0x00000020   Data   RO         6959    Region$$Table       anon$$obj.o


    Execution Region RW_IRAM1 (Exec base: 0x20000000, Load base: 0x08007bec, Size: 0x0000d9c0, Max: 0x00018000, ABSOLUTE, COMPRESSED[0x0000005c])

    Exec Addr    Load Addr    Size         Type   Attr      Idx    E Section Name        Object

    0x20000000   COMPRESSED   0x00000004   Data   RW            7    .data               gd32f10x_enet_eval.o
    0x20000004   COMPRESSED   0x00000008   Data   RW          378    .data               main.o
    0x2000000c   COMPRESSED   0x0000000c   Data   RW          437    .data               netconf.o
    0x20000018   COMPRESSED   0x00000014   Data   RW         3239    .data               gd32f10x_enet.o
    0x2000002c   COMPRESSED   0x0000000c   Data   RW         4982    .data               mem.o
    0x20000038   COMPRESSED   0x00000024   Data   RW         5040    .data               memp.o
    0x2000005c   COMPRESSED   0x00000009   Data   RW         5139    .data               netif.o
    0x20000065   COMPRESSED   0x00000003   PAD
    0x20000068   COMPRESSED   0x00000020   Data   RW         5471    .data               tcp.o
    0x20000088   COMPRESSED   0x00000028   Data   RW         5711    .data               tcp_in.o
    0x200000b0   COMPRESSED   0x0000000c   Data   RW         5878    .data               timeouts.o
    0x200000bc   COMPRESSED   0x00000008   Data   RW         5952    .data               udp.o
    0x200000c4   COMPRESSED   0x00000018   Data   RW         6092    .data               dhcp.o
    0x200000dc   COMPRESSED   0x00000001   Data   RW         6282    .data               etharp.o
    0x200000dd   COMPRESSED   0x00000001   PAD
    0x200000de   COMPRESSED   0x00000002   Data   RW         6401    .data               ip4.o
    0x200000e0   COMPRESSED   0x00000006   Data   RW         6498    .data               ip4_frag.o
    0x200000e6   COMPRESSED   0x00000002   PAD
    0x200000e8   COMPRESSED   0x0000007d   Data   RW         6592    .data               gd32f10x_eval.o
    0x20000165   COMPRESSED   0x00000003   PAD
    0x20000168   COMPRESSED   0x00000004   Data   RW         6935    .data               mc_w.l(stdout.o)
    0x2000016c        -       0x00000034   Zero   RW          436    .bss                netconf.o
    0x200001a0        -       0x00003c64   Zero   RW         3237    .bss                gd32f10x_enet.o
    0x20003e04        -       0x00000018   Zero   RW         4956    .bss                ip.o
    0x20003e1c        -       0x00005013   Zero   RW         4981    .bss                mem.o
    0x20008e2f        -       0x0000468b   Zero   RW         5038    .bss                memp.o
    0x2000d4ba   COMPRESSED   0x00000002   PAD
    0x2000d4bc        -       0x00000010   Zero   RW         5710    .bss                tcp_in.o
    0x2000d4cc        -       0x000000f0   Zero   RW         6281    .bss                etharp.o
    0x2000d5bc   COMPRESSED   0x00000004   PAD
    0x2000d5c0        -       0x00000400   Zero   RW         4660    STACK               startup_gd32f10x_cl.o


==============================================================================

Image component sizes


      Code (inc. data)   RO Data    RW Data    ZI Data      Debug   Object Name

         0          0          0          0          0       1480   api_lib.o
        38          0          0          0          0       1026   def.o
       776         24          0         24          0      10965   dhcp.o
         0          0          0          0          0        628   err.o
      2102         60          0          1        240      10660   etharp.o
       286          4         12          0          0       2586   ethernet.o
       404         26          0          0          0       6734   ethernetif.o
      2658        234          0         20      15460      16894   gd32f10x_enet.o
       404         32         50          4          0     101370   gd32f10x_enet_eval.o
       192         30          0        125          0       1671   gd32f10x_eval.o
       200          6          0          0          0       1511   gd32f10x_gpio.o
        32          0          0          0          0       3878   gd32f10x_it.o
        64          8          0          0          0       1244   gd32f10x_misc.o
       884         72          0          0          0       6460   gd32f10x_rcu.o
       456         16          0          0          0       7918   gd32f10x_usart.o
       800        216        174          0          0      14010   hello_gigadevice.o
       544          4          0          0          0       4370   icmp.o
       176          0          0          0          0       9138   inet_chksum.o
         0          0          0          0         24       6085   ip.o
       902         30          0          2          0       5020   ip4.o
        78          0          8          0          0       7082   ip4_addr.o
      1712         34          0          6          0      10343   ip4_frag.o
       100         16          0          8          0       2215   main.o
       878         68          0         12      20499       5942   mem.o
       198         14        144         36      18059      10781   memp.o
       176         44          0         12         52       7654   netconf.o
       380         18          0          9          0       8317   netif.o
      1424         12          0          0          0      11831   pbuf.o
        36          8        336          0       1024        884   startup_gd32f10x_cl.o
       460         40          0          0          0       2617   system_gd32f10x.o
      3654        206        197         32          0      34290   tcp.o
      5060        334          0         40         16      17899   tcp_in.o
      3610         10          0          0          0      24670   tcp_out.o
       328         44          0         12          0       3686   timeouts.o
       862         38          0          8          0       7182   udp.o

    ----------------------------------------------------------------------
     29908       1648        960        360      55380     369041   Object Totals
         0          0         32          0          0          0   (incl. Generated)
        34          0          7          9          6          0   (incl. Padding)

    ----------------------------------------------------------------------

      Code (inc. data)   RO Data    RW Data    ZI Data      Debug   Library Member Name

        86          0          0          0          0          0   __dczerorl2.o
         0          0          0          0          0          0   entry.o
         0          0          0          0          0          0   entry10a.o
         0          0          0          0          0          0   entry11a.o
         4          0          0          0          0          0   entry12b.o
         8          4          0          0          0          0   entry2.o
         4          0          0          0          0          0   entry5.o
         0          0          0          0          0          0   entry7b.o
         0          0          0          0          0          0   entry8b.o
         8          4          0          0          0          0   entry9a.o
        30          0          0          0          0          0   handlers.o
        36          8          0          0          0         68   init.o
        26          0          0          0          0         80   memcmp.o
        36          0          0          0          0         68   memcpya.o
        36          0          0          0          0        108   memseta.o
       522         20          0          0          0        336   printf3.o
         0          0          0          4          0          0   stdout.o
        14          0          0          0          0         68   strlen.o
        44          0          0          0          0         80   uidiv.o

    ----------------------------------------------------------------------
       856         36          0          4          0        808   Library Totals
         2          0          0          0          0          0   (incl. Padding)

    ----------------------------------------------------------------------

      Code (inc. data)   RO Data    RW Data    ZI Data      Debug   Library Name

       854         36          0          4          0        808   mc_w.l

    ----------------------------------------------------------------------
       856         36          0          4          0        808   Library Totals

    ----------------------------------------------------------------------

==============================================================================


      Code (inc. data)   RO Data    RW Data    ZI Data      Debug   

     30764       1684        960        364      55380     358277   Grand Totals
     30764       1684        960         92      55380     358277   ELF Image Totals (compressed)
     30764       1684        960         92          0          0   ROM Totals

==============================================================================

    Total RO  Size (Code + RO Data)                31724 (  30.98kB)
    Total RW  Size (RW Data + ZI Data)             55744 (  54.44kB)
    Total ROM Size (Code + RO Data + RW Data)      31816 (  31.07kB)

==============================================================================

